Archive member included because of file (symbol)

/usr/lib/gcc/arm-none-eabi/4.8.2/../../../arm-none-eabi/lib/armv7-m/libg.a(lib_a-memcpy.o)
                              /tmp/cclQzAuq.o (memcpy)
/usr/lib/gcc/arm-none-eabi/4.8.2/../../../arm-none-eabi/lib/armv7-m/libg.a(lib_a-memset.o)
                              /tmp/ccisHkFI.o (memset)
/usr/lib/gcc/arm-none-eabi/4.8.2/../../../arm-none-eabi/lib/armv7-m/libg.a(lib_a-printf.o)
                              /tmp/ccOeehRB.o (printf)
/usr/lib/gcc/arm-none-eabi/4.8.2/../../../arm-none-eabi/lib/armv7-m/libg.a(lib_a-puts.o)
                              /tmp/ccOeehRB.o (puts)
/usr/lib/gcc/arm-none-eabi/4.8.2/../../../arm-none-eabi/lib/armv7-m/libg.a(lib_a-strlen.o)
                              /usr/lib/gcc/arm-none-eabi/4.8.2/../../../arm-none-eabi/lib/armv7-m/libg.a(lib_a-puts.o) (strlen)
/usr/lib/gcc/arm-none-eabi/4.8.2/../../../arm-none-eabi/lib/armv7-m/libg.a(lib_a-strncpy.o)
                              /tmp/ccisHkFI.o (strncpy)
/usr/lib/gcc/arm-none-eabi/4.8.2/../../../arm-none-eabi/lib/armv7-m/libg.a(lib_a-vfprintf.o)
                              /usr/lib/gcc/arm-none-eabi/4.8.2/../../../arm-none-eabi/lib/armv7-m/libg.a(lib_a-printf.o) (_vfprintf_r)
/usr/lib/gcc/arm-none-eabi/4.8.2/../../../arm-none-eabi/lib/armv7-m/libg.a(lib_a-wsetup.o)
                              /usr/lib/gcc/arm-none-eabi/4.8.2/../../../arm-none-eabi/lib/armv7-m/libg.a(lib_a-vfprintf.o) (__swsetup_r)
/usr/lib/gcc/arm-none-eabi/4.8.2/../../../arm-none-eabi/lib/armv7-m/libg.a(lib_a-dtoa.o)
                              /usr/lib/gcc/arm-none-eabi/4.8.2/../../../arm-none-eabi/lib/armv7-m/libg.a(lib_a-vfprintf.o) (_dtoa_r)
/usr/lib/gcc/arm-none-eabi/4.8.2/../../../arm-none-eabi/lib/armv7-m/libg.a(lib_a-fflush.o)
                              /usr/lib/gcc/arm-none-eabi/4.8.2/../../../arm-none-eabi/lib/armv7-m/libg.a(lib_a-vfprintf.o) (_fflush_r)
/usr/lib/gcc/arm-none-eabi/4.8.2/../../../arm-none-eabi/lib/armv7-m/libg.a(lib_a-findfp.o)
                              /usr/lib/gcc/arm-none-eabi/4.8.2/../../../arm-none-eabi/lib/armv7-m/libg.a(lib_a-vfprintf.o) (__sinit)
/usr/lib/gcc/arm-none-eabi/4.8.2/../../../arm-none-eabi/lib/armv7-m/libg.a(lib_a-freer.o)
                              /usr/lib/gcc/arm-none-eabi/4.8.2/../../../arm-none-eabi/lib/armv7-m/libg.a(lib_a-wsetup.o) (_free_r)
/usr/lib/gcc/arm-none-eabi/4.8.2/../../../arm-none-eabi/lib/armv7-m/libg.a(lib_a-fvwrite.o)
                              /usr/lib/gcc/arm-none-eabi/4.8.2/../../../arm-none-eabi/lib/armv7-m/libg.a(lib_a-puts.o) (__sfvwrite_r)
/usr/lib/gcc/arm-none-eabi/4.8.2/../../../arm-none-eabi/lib/armv7-m/libg.a(lib_a-fwalk.o)
                              /usr/lib/gcc/arm-none-eabi/4.8.2/../../../arm-none-eabi/lib/armv7-m/libg.a(lib_a-findfp.o) (_fwalk)
/usr/lib/gcc/arm-none-eabi/4.8.2/../../../arm-none-eabi/lib/armv7-m/libg.a(lib_a-impure.o)
                              /usr/lib/gcc/arm-none-eabi/4.8.2/../../../arm-none-eabi/lib/armv7-m/libg.a(lib_a-fflush.o) (_global_impure_ptr)
/usr/lib/gcc/arm-none-eabi/4.8.2/../../../arm-none-eabi/lib/armv7-m/libg.a(lib_a-locale.o)
                              /usr/lib/gcc/arm-none-eabi/4.8.2/../../../arm-none-eabi/lib/armv7-m/libg.a(lib_a-vfprintf.o) (_localeconv_r)
/usr/lib/gcc/arm-none-eabi/4.8.2/../../../arm-none-eabi/lib/armv7-m/libg.a(lib_a-makebuf.o)
                              /usr/lib/gcc/arm-none-eabi/4.8.2/../../../arm-none-eabi/lib/armv7-m/libg.a(lib_a-wsetup.o) (__smakebuf_r)
/usr/lib/gcc/arm-none-eabi/4.8.2/../../../arm-none-eabi/lib/armv7-m/libg.a(lib_a-mallocr.o)
                              /usr/lib/gcc/arm-none-eabi/4.8.2/../../../arm-none-eabi/lib/armv7-m/libg.a(lib_a-findfp.o) (_malloc_r)
/usr/lib/gcc/arm-none-eabi/4.8.2/../../../arm-none-eabi/lib/armv7-m/libg.a(lib_a-memchr-stub.o)
                              /usr/lib/gcc/arm-none-eabi/4.8.2/../../../arm-none-eabi/lib/armv7-m/libg.a(lib_a-vfprintf.o) (memchr)
/usr/lib/gcc/arm-none-eabi/4.8.2/../../../arm-none-eabi/lib/armv7-m/libg.a(lib_a-memmove.o)
                              /usr/lib/gcc/arm-none-eabi/4.8.2/../../../arm-none-eabi/lib/armv7-m/libg.a(lib_a-fvwrite.o) (memmove)
/usr/lib/gcc/arm-none-eabi/4.8.2/../../../arm-none-eabi/lib/armv7-m/libg.a(lib_a-mlock.o)
                              /usr/lib/gcc/arm-none-eabi/4.8.2/../../../arm-none-eabi/lib/armv7-m/libg.a(lib_a-freer.o) (__malloc_lock)
/usr/lib/gcc/arm-none-eabi/4.8.2/../../../arm-none-eabi/lib/armv7-m/libg.a(lib_a-mprec.o)
                              /usr/lib/gcc/arm-none-eabi/4.8.2/../../../arm-none-eabi/lib/armv7-m/libg.a(lib_a-dtoa.o) (_Balloc)
/usr/lib/gcc/arm-none-eabi/4.8.2/../../../arm-none-eabi/lib/armv7-m/libg.a(lib_a-reallocr.o)
                              /usr/lib/gcc/arm-none-eabi/4.8.2/../../../arm-none-eabi/lib/armv7-m/libg.a(lib_a-fvwrite.o) (_realloc_r)
/usr/lib/gcc/arm-none-eabi/4.8.2/../../../arm-none-eabi/lib/armv7-m/libg.a(lib_a-s_fpclassify.o)
[...]
Memory Configuration

Name             Origin             Length             Attributes
flash            0x0000000008000000 0x0000000000100000 xr
sram             0x0000000020000000 0x0000000000030000 xrw
*default*        0x0000000000000000 0xffffffffffffffff

Linker script and memory map


.text           0x0000000008000000     0xcf18
 *(.isr_vector .isr_vector.*)
 .isr_vector    0x0000000008000000      0x188 /tmp/ccmq0gqb.o
                0x0000000008000000                g_pfnVectors
                0x0000000000000400                . = 0x400
 *fill*         0x0000000008000188      0x278 
 *(.text .text.* .gnu.linkonce.t*)
 .text          0x0000000008000400      0x360 /tmp/cc8SCMZU.o
                0x0000000008000400                SystemInit
                0x0000000008000490                SystemCoreClockUpdate
 .text          0x0000000008000760       0x14 /tmp/ccmq0gqb.o
 .text.Reset_Handler
                0x0000000008000774       0x44 /tmp/ccmq0gqb.o
                0x0000000008000774                Reset_Handler
 .text.Default_Handler
                0x00000000080007b8        0x2 /tmp/ccmq0gqb.o
                0x00000000080007b8                RTC_Alarm_IRQHandler
                0x00000000080007b8                HASH_RNG_IRQHandler
                0x00000000080007b8                EXTI2_IRQHandler
                0x00000000080007b8                TIM8_CC_IRQHandler
                0x00000000080007b8                DebugMon_Handler
                0x00000000080007b8                TIM1_CC_IRQHandler
                0x00000000080007b8                DMA2_Stream5_IRQHandler
                0x00000000080007b8                HardFault_Handler
                0x00000000080007b8                DMA1_Stream5_IRQHandler
                0x00000000080007b8                PVD_IRQHandler
                0x00000000080007b8                SDIO_IRQHandler
                0x00000000080007b8                TAMP_STAMP_IRQHandler
                0x00000000080007b8                NMI_Handler
                0x00000000080007b8                CAN2_RX1_IRQHandler
                0x00000000080007b8                EXTI3_IRQHandler
                0x00000000080007b8                TIM8_TRG_COM_TIM14_IRQHandler
                0x00000000080007b8                TIM1_UP_TIM10_IRQHandler
                0x00000000080007b8                TIM8_UP_TIM13_IRQHandler
                0x00000000080007b8                I2C3_ER_IRQHandler
                0x00000000080007b8                EXTI0_IRQHandler
                0x00000000080007b8                I2C2_EV_IRQHandler
                0x00000000080007b8                DMA1_Stream2_IRQHandler
                0x00000000080007b8                CAN1_RX0_IRQHandler
                0x00000000080007b8                FPU_IRQHandler
                0x00000000080007b8                OTG_HS_WKUP_IRQHandler
                0x00000000080007b8                UsageFault_Handler
                0x00000000080007b8                CAN2_SCE_IRQHandler
                0x00000000080007b8                DMA2_Stream2_IRQHandler
                0x00000000080007b8                SPI1_IRQHandler
                0x00000000080007b8                TIM6_DAC_IRQHandler
                0x00000000080007b8                TIM1_BRK_TIM9_IRQHandler
                0x00000000080007b8                DCMI_IRQHandler
                0x00000000080007b8                CAN2_RX0_IRQHandler
                0x00000000080007b8                DMA2_Stream3_IRQHandler
                0x00000000080007b8                USART6_IRQHandler
                0x00000000080007b8                USART3_IRQHandler
                0x00000000080007b8                CRYP_IRQHandler
                0x00000000080007b8                CAN1_RX1_IRQHandler
                0x00000000080007b8                UART5_IRQHandler
                0x00000000080007b8                DMA2_Stream0_IRQHandler
                0x00000000080007b8                TIM4_IRQHandler
                0x00000000080007b8                I2C1_EV_IRQHandler
                0x00000000080007b8                DMA1_Stream6_IRQHandler
                0x00000000080007b8                DMA1_Stream1_IRQHandler
                0x00000000080007b8                UART4_IRQHandler
                0x00000000080007b8                TIM3_IRQHandler
                0x00000000080007b8                RCC_IRQHandler
                0x00000000080007b8                TIM8_BRK_TIM12_IRQHandler
                0x00000000080007b8                Default_Handler
                0x00000000080007b8                EXTI15_10_IRQHandler
                0x00000000080007b8                ADC_IRQHandler
                0x00000000080007b8                DMA1_Stream7_IRQHandler
                0x00000000080007b8                TIM7_IRQHandler
                0x00000000080007b8                CAN2_TX_IRQHandler
                0x00000000080007b8                TIM5_IRQHandler
                0x00000000080007b8                DMA2_Stream7_IRQHandler
                0x00000000080007b8                I2C3_EV_IRQHandler
                0x00000000080007b8                EXTI9_5_IRQHandler
                0x00000000080007b8                RTC_WKUP_IRQHandler
                0x00000000080007b8                ETH_WKUP_IRQHandler
                0x00000000080007b8                SPI2_IRQHandler
                0x00000000080007b8                OTG_HS_EP1_IN_IRQHandler
                0x00000000080007b8                MemManage_Handler
                0x00000000080007b8                DMA1_Stream0_IRQHandler
                0x00000000080007b8                CAN1_TX_IRQHandler
                0x00000000080007b8                EXTI4_IRQHandler
                0x00000000080007b8                FSMC_IRQHandler
                0x00000000080007b8                OTG_HS_EP1_OUT_IRQHandler
                0x00000000080007b8                WWDG_IRQHandler
                0x00000000080007b8                TIM2_IRQHandler
                0x00000000080007b8                OTG_FS_WKUP_IRQHandler
                0x00000000080007b8                TIM1_TRG_COM_TIM11_IRQHandler
                0x00000000080007b8                OTG_HS_IRQHandler
                0x00000000080007b8                EXTI1_IRQHandler
                0x00000000080007b8                USART2_IRQHandler
                0x00000000080007b8                I2C2_ER_IRQHandler
                0x00000000080007b8                DMA2_Stream1_IRQHandler
                0x00000000080007b8                CAN1_SCE_IRQHandler
                0x00000000080007b8                FLASH_IRQHandler
                0x00000000080007b8                DMA2_Stream4_IRQHandler
                0x00000000080007b8                BusFault_Handler
                0x00000000080007b8                USART1_IRQHandler
                0x00000000080007b8                OTG_FS_IRQHandler
                0x00000000080007b8                SPI3_IRQHandler
                0x00000000080007b8                DMA1_Stream4_IRQHandler
                0x00000000080007b8                I2C1_ER_IRQHandler
                0x00000000080007b8                DMA2_Stream6_IRQHandler
                0x00000000080007b8                DMA1_Stream3_IRQHandler
 *fill*         0x00000000080007ba        0x2 
 .text          0x00000000080007bc      0xd10 /tmp/ccf6aV3r.o
                0x00000000080007bc                RCC_DeInit
                0x0000000008000860                RCC_HSEConfig
                0x000000000800088c                RCC_WaitForHSEStartUp
                0x00000000080008dc                RCC_AdjustHSICalibrationValue
                0x0000000008000920                RCC_HSICmd
                0x0000000008000940                RCC_LSEConfig
                0x0000000008000994                RCC_LSICmd
                0x00000000080009b4                RCC_PLLConfig
                0x00000000080009f4                RCC_PLLCmd
                0x0000000008000a14                RCC_PLLI2SConfig
                0x0000000008000a40                RCC_PLLI2SCmd
                0x0000000008000a60                RCC_ClockSecuritySystemCmd
                0x0000000008000a80                RCC_MCO1Config
                0x0000000008000ac4                RCC_MCO2Config
                0x0000000008000b08                RCC_SYSCLKConfig
                0x0000000008000b48                RCC_GetSYSCLKSource
                0x0000000008000b68                RCC_HCLKConfig
                0x0000000008000ba8                RCC_PCLK1Config
                0x0000000008000be8                RCC_PCLK2Config
                0x0000000008000c28                RCC_GetClocksFreq
                0x0000000008000dd0                RCC_RTCCLKConfig
                0x0000000008000e40                RCC_RTCCLKCmd
                0x0000000008000e60                RCC_BackupResetCmd
                0x0000000008000e80                RCC_I2SCLKConfig
                0x0000000008000ea0                RCC_TIMCLKPresConfig
                0x0000000008000ec0                RCC_AHB1PeriphClockCmd
                0x0000000008000f10                RCC_AHB2PeriphClockCmd
                0x0000000008000f60                RCC_AHB3PeriphClockCmd
                0x0000000008000fb0                RCC_APB1PeriphClockCmd
                0x0000000008001000                RCC_APB2PeriphClockCmd
                0x0000000008001050                RCC_AHB1PeriphResetCmd
                0x00000000080010a0                RCC_AHB2PeriphResetCmd
                0x00000000080010f0                RCC_AHB3PeriphResetCmd
                0x0000000008001140                RCC_APB1PeriphResetCmd
                0x0000000008001190                RCC_APB2PeriphResetCmd
                0x00000000080011e0                RCC_AHB1PeriphClockLPModeCmd
                0x0000000008001230                RCC_AHB2PeriphClockLPModeCmd
                0x0000000008001280                RCC_AHB3PeriphClockLPModeCmd
                0x00000000080012d0                RCC_APB1PeriphClockLPModeCmd
                0x0000000008001320                RCC_APB2PeriphClockLPModeCmd
                0x0000000008001370                RCC_ITConfig
                0x00000000080013cc                RCC_GetFlagStatus
                0x0000000008001450                RCC_ClearFlag
                0x0000000008001474                RCC_GetITStatus
                0x00000000080014ac                RCC_ClearITPendingBit
 .text          0x00000000080014cc      0x498 /tmp/ccXqE4VI.o
                0x00000000080014cc                GPIO_DeInit
                0x00000000080015fc                GPIO_Init
                0x0000000008001718                GPIO_StructInit
                0x000000000800174c                GPIO_PinLockConfig
                0x0000000008001790                GPIO_ReadInputDataBit
                0x00000000080017c4                GPIO_ReadInputData
                0x00000000080017e0                GPIO_ReadOutputDataBit
                0x0000000008001814                GPIO_ReadOutputData
                0x0000000008001830                GPIO_SetBits
                0x000000000800184c                GPIO_ResetBits
                0x0000000008001868                GPIO_WriteBit
                0x0000000008001898                GPIO_Write
                0x00000000080018b4                GPIO_ToggleBits
                0x00000000080018d8                GPIO_PinAFConfig
 .text          0x0000000008001964      0x97c /tmp/ccewRW4Z.o
                0x0000000008001964                USART_DeInit
                0x0000000008001a88                USART_Init
                0x0000000008001c10                USART_StructInit
                0x0000000008001c48                USART_ClockInit
                0x0000000008001c9c                USART_ClockStructInit
                0x0000000008001cc8                USART_Cmd
                0x0000000008001d08                USART_SetPrescaler
                0x0000000008001d40                USART_OverSampling8Cmd
                0x0000000008001d84                USART_OneBitMethodCmd
                0x0000000008001dc4                USART_SendData
                0x0000000008001de8                USART_ReceiveData
                0x0000000008001e08                USART_SetAddress
                0x0000000008001e40                USART_ReceiverWakeUpCmd
                0x0000000008001e80                USART_WakeUpConfig
                0x0000000008001eb8                USART_LINBreakDetectLengthConfig
                0x0000000008001ef0                USART_LINCmd
                0x0000000008001f30                USART_SendBreak
                0x0000000008001f54                USART_HalfDuplexCmd
                0x0000000008001f94                USART_SetGuardTime
                0x0000000008001fd0                USART_SmartCardCmd
                0x0000000008002010                USART_SmartCardNACKCmd
                0x0000000008002050                USART_IrDAConfig
                0x0000000008002088                USART_IrDACmd
                0x00000000080020c8                USART_DMACmd
                0x0000000008002110                USART_ITConfig
                0x00000000080021a0                USART_GetFlagStatus
                0x00000000080021d8                USART_ClearFlag
                0x00000000080021f8                USART_GetITStatus
                0x00000000080022a8                USART_ClearITPendingBit
 .text          0x00000000080022e0      0x29c /tmp/cciNRtqh.o
                0x00000000080022e0                EXTI_DeInit
                0x0000000008002330                EXTI_Init
                0x000000000800245c                EXTI_StructInit
                0x0000000008002488                EXTI_GenerateSWInterrupt
                0x00000000080024b4                EXTI_GetFlagStatus
                0x00000000080024ec                EXTI_ClearFlag
                0x000000000800250c                EXTI_GetITStatus
                0x000000000800255c                EXTI_ClearITPendingBit
 .text          0x000000000800257c      0x1c0 /tmp/ccbHfsZy.o
                0x000000000800257c                NVIC_PriorityGroupConfig
                0x00000000080025a4                NVIC_Init
                0x0000000008002670                NVIC_SetVectorTable
                0x000000000800269c                NVIC_SystemLPConfig
                0x00000000080026f0                SysTick_CLKSourceConfig
 .text          0x000000000800273c      0x51c /tmp/ccHG3MIQ.o
                0x000000000800273c                xCoRoutineCreate
                0x0000000008002818                vCoRoutineAddToDelayedList
                0x0000000008002aac                vCoRoutineSchedule
                0x0000000008002c04                xCoRoutineRemoveFromEventList
 .text          0x0000000008002c58      0x168 /tmp/cciA8gx8.o
                0x0000000008002c58                vListInitialise
                0x0000000008002c98                vListInitialiseItem
                0x0000000008002cb0                vListInsertEnd
                0x0000000008002d00                vListInsert
                0x0000000008002d70                vListRemove
 .text          0x0000000008002dc0      0x7dc /tmp/cclQzAuq.o
                0x0000000008002dc0                xQueueGenericReset
                0x0000000008002e5c                xQueueGenericCreate
                0x0000000008002ecc                xQueueCreateMutex
                0x0000000008002f48                xQueueGetMutexHolder
                0x0000000008002f78                xQueueGenericSend
                0x0000000008003084                xQueueGenericSendFromISR
                0x0000000008003104                xQueueGenericReceive
                0x0000000008003270                xQueueReceiveFromISR
                0x00000000080032f4                uxQueueMessagesWaiting
                0x0000000008003314                uxQueueMessagesWaitingFromISR
                0x0000000008003330                vQueueDelete
                0x0000000008003518                xQueueIsQueueEmptyFromISR
                0x0000000008003570                xQueueIsQueueFullFromISR
 .text          0x000000000800359c     0x11e8 /tmp/ccisHkFI.o
                0x000000000800359c                xTaskGenericCreate
                0x000000000800373c                vTaskDelete
                0x00000000080037f0                vTaskDelayUntil
                0x0000000008003898                vTaskDelay
                0x00000000080038ec                uxTaskPriorityGet
                0x0000000008003924                vTaskPrioritySet
                0x0000000008003a34                vTaskSuspend
                0x0000000008003ae8                xTaskIsTaskSuspended
                0x0000000008003b34                vTaskResume
                0x0000000008003bd4                xTaskResumeFromISR
                0x0000000008003c98                vTaskStartScheduler
                0x0000000008003cf8                vTaskEndScheduler
                0x0000000008003d18                vTaskSuspendAll
                0x0000000008003d3c                xTaskResumeAll
                0x0000000008003e70                xTaskGetTickCount
                0x0000000008003e94                xTaskGetTickCountFromISR
                0x0000000008003ec8                uxTaskGetNumberOfTasks
                0x0000000008003ee0                vTaskIncrementTick
                0x000000000800409c                vTaskSwitchContext
                0x0000000008004154                vTaskPlaceOnEventList
                0x00000000080041c4                xTaskRemoveFromEventList
                0x0000000008004274                vTaskSetTimeOutState
                0x00000000080042a4                xTaskCheckForTimeOut
                0x000000000800433c                vTaskMissedYield
                0x0000000008004618                xTaskGetCurrentTaskHandle
                0x0000000008004638                vTaskPriorityInherit
                0x0000000008004700                vTaskPriorityDisinherit
 .text          0x0000000008004784      0x200 /tmp/ccKufXV0.o
                0x0000000008004784                pxPortInitialiseStack
                0x00000000080047d8                SVC_Handler
                0x0000000008004808                xPortStartScheduler
                0x0000000008004858                vPortEndScheduler
                0x0000000008004864                vPortYieldFromISR
                0x0000000008004880                vPortEnterCritical
                0x00000000080048ac                vPortExitCritical
                0x00000000080048e4                PendSV_Handler
                0x0000000008004920                SysTick_Handler
 .text          0x0000000008004984       0xd8 /tmp/ccFDWphj.o
                0x0000000008004984                pvPortMalloc
                0x0000000008004a14                vPortFree
                0x0000000008004a28                vPortInitialiseBlocks
                0x0000000008004a40                xPortGetFreeHeapSize
 .text          0x0000000008004a5c      0xf10 /tmp/ccOeehRB.o
                0x0000000008004ae8                enet_read_phy_reg
                0x0000000008004b4c                enet_write_phy_reg
                0x0000000008004bd4                enet_init
                0x0000000008005250                ETH_IRQHandler
                0x00000000080053f4                enet_get_link_status
                0x0000000008005504                eth_htons
                0x0000000008005530                eth_htonl
                0x0000000008005564                enet_send_udp_mcast
                0x00000000080055c8                enet_send_udp_ucast
                0x0000000008005730                enet_process_rx_ring
 .text          0x000000000800596c      0x168 /tmp/ccVQAlBU.o
                0x000000000800596c                _sbrk
                0x00000000080059c8                _kill
                0x00000000080059e4                _exit
                0x00000000080059f0                _getpid
                0x0000000008005a00                _write
                0x0000000008005a20                _close
                0x0000000008005a38                _fstat
                0x0000000008005a58                _isatty
                0x0000000008005a70                _lseek
                0x0000000008005a8c                _read
                0x0000000008005aa8                fputc
                0x0000000008005ac0                _ttywrch
 .text          0x0000000008005ad4      0x150 /tmp/cck4IXtd.o
                0x0000000008005ad4                console_init
                0x0000000008005bac                console_send_block
 .text          0x0000000008005c24      0x1ec /tmp/cci0TnCw.o
                0x0000000008005c24                led_flash_task
                0x0000000008005c7c                networking_receive
                0x0000000008005c9c                networking_send
                0x0000000008005d00                led2_task
                0x0000000008005d28                myTraceCreate
                0x0000000008005d34                myTraceSwitchedIn
                0x0000000008005d40                myTraceSwitchedOut
                0x0000000008005d4c                vApplicationTickHook
                0x0000000008005d58                main
 .text          0x0000000008005e10       0xec /usr/lib/gcc/arm-none-eabi/4.8.2/../../../arm-none-eabi/lib/armv7-m/libg.a(lib_a-memcpy.o)
                0x0000000008005e10                memcpy
 .text          0x0000000008005efc        0x0 /usr/lib/gcc/arm-none-eabi/4.8.2/../../../arm-none-eabi/lib/armv7-m/libg.a(lib_a-memset.o)
 .text.memset   0x0000000008005efc       0x94 /usr/lib/gcc/arm-none-eabi/4.8.2/../../../arm-none-eabi/lib/armv7-m/libg.a(lib_a-memset.o)
                0x0000000008005efc                memset
 .text          0x0000000008005f90        0x0 /usr/lib/gcc/arm-none-eabi/4.8.2/../../../arm-none-eabi/lib/armv7-m/libg.a(lib_a-printf.o)
 .text._printf_r
                0x0000000008005f90       0x20 /usr/lib/gcc/arm-none-eabi/4.8.2/../../../arm-none-eabi/lib/armv7-m/libg.a(lib_a-printf.o)
                0x0000000008005f90                _printf_r
 .text.printf   0x0000000008005fb0       0x2c /usr/lib/gcc/arm-none-eabi/4.8.2/../../../arm-none-eabi/lib/armv7-m/libg.a(lib_a-printf.o)
                0x0000000008005fb0                printf
 .text          0x0000000008005fdc        0x0 /usr/lib/gcc/arm-none-eabi/4.8.2/../../../arm-none-eabi/lib/armv7-m/libg.a(lib_a-puts.o)
 .text._puts_r  0x0000000008005fdc       0x68 /usr/lib/gcc/arm-none-eabi/4.8.2/../../../arm-none-eabi/lib/armv7-m/libg.a(lib_a-puts.o)
                0x0000000008005fdc                _puts_r
 .text.puts     0x0000000008006044       0x10 /usr/lib/gcc/arm-none-eabi/4.8.2/../../../arm-none-eabi/lib/armv7-m/libg.a(lib_a-puts.o)
                0x0000000008006044                puts
 .text          0x0000000008006054        0x0 /usr/lib/gcc/arm-none-eabi/4.8.2/../../../arm-none-eabi/lib/armv7-m/libg.a(lib_a-strlen.o)
 .text.strlen   0x0000000008006054       0x60 /usr/lib/gcc/arm-none-eabi/4.8.2/../../../arm-none-eabi/lib/armv7-m/libg.a(lib_a-strlen.o)
                0x0000000008006054                strlen
 .text          0x00000000080060b4        0x0 /usr/lib/gcc/arm-none-eabi/4.8.2/../../../arm-none-eabi/lib/armv7-m/libg.a(lib_a-strncpy.o)
 .text.strncpy  0x00000000080060b4       0x68 /usr/lib/gcc/arm-none-eabi/4.8.2/../../../arm-none-eabi/lib/armv7-m/libg.a(lib_a-strncpy.o)
                0x00000000080060b4                strncpy
 .text          0x000000000800611c        0x0 /usr/lib/gcc/arm-none-eabi/4.8.2/../../../arm-none-eabi/lib/armv7-m/libg.a(lib_a-vfprintf.o)
 .text._vfprintf_r
                0x000000000800611c     0x1524 /usr/lib/gcc/arm-none-eabi/4.8.2/../../../arm-none-eabi/lib/armv7-m/libg.a(lib_a-vfprintf.o)
                0x000000000800611c                _vfprintf_r
 .text.vfprintf
                0x0000000008007640       0x1c /usr/lib/gcc/arm-none-eabi/4.8.2/../../../arm-none-eabi/lib/armv7-m/libg.a(lib_a-vfprintf.o)
                0x0000000008007640                vfprintf
 .text.__sbprintf
                0x000000000800765c       0x7c /usr/lib/gcc/arm-none-eabi/4.8.2/../../../arm-none-eabi/lib/armv7-m/libg.a(lib_a-vfprintf.o)
 .text          0x00000000080076d8        0x0 /usr/lib/gcc/arm-none-eabi/4.8.2/../../../arm-none-eabi/lib/armv7-m/libg.a(lib_a-wsetup.o)
 .text.__swsetup_r
                0x00000000080076d8       0xc8 /usr/lib/gcc/arm-none-eabi/4.8.2/../../../arm-none-eabi/lib/armv7-m/libg.a(lib_a-wsetup.o)
                0x00000000080076d8                __swsetup_r
 .text          0x00000000080077a0        0x0 /usr/lib/gcc/arm-none-eabi/4.8.2/../../../arm-none-eabi/lib/armv7-m/libg.a(lib_a-dtoa.o)
 .text.quorem   0x00000000080077a0      0x130 /usr/lib/gcc/arm-none-eabi/4.8.2/../../../arm-none-eabi/lib/armv7-m/libg.a(lib_a-dtoa.o)
 .text._dtoa_r  0x00000000080078d0      0xf58 /usr/lib/gcc/arm-none-eabi/4.8.2/../../../arm-none-eabi/lib/armv7-m/libg.a(lib_a-dtoa.o)
                0x00000000080078d0                _dtoa_r
 .text          0x0000000008008828        0x0 /usr/lib/gcc/arm-none-eabi/4.8.2/../../../arm-none-eabi/lib/armv7-m/libg.a(lib_a-fflush.o)
 .text.__sflush_r
                0x0000000008008828      0x14c /usr/lib/gcc/arm-none-eabi/4.8.2/../../../arm-none-eabi/lib/armv7-m/libg.a(lib_a-fflush.o)
                0x0000000008008828                __sflush_r
 .text._fflush_r
                0x0000000008008974       0x2c /usr/lib/gcc/arm-none-eabi/4.8.2/../../../arm-none-eabi/lib/armv7-m/libg.a(lib_a-fflush.o)
                0x0000000008008974                _fflush_r
 .text.fflush   0x00000000080089a0       0x28 /usr/lib/gcc/arm-none-eabi/4.8.2/../../../arm-none-eabi/lib/armv7-m/libg.a(lib_a-fflush.o)
                0x00000000080089a0                fflush
 .text          0x00000000080089c8        0x0 /usr/lib/gcc/arm-none-eabi/4.8.2/../../../arm-none-eabi/lib/armv7-m/libg.a(lib_a-findfp.o)
 .text.__fp_lock
                0x00000000080089c8        0x4 /usr/lib/gcc/arm-none-eabi/4.8.2/../../../arm-none-eabi/lib/armv7-m/libg.a(lib_a-findfp.o)
 .text.__fp_unlock
                0x00000000080089cc        0x4 /usr/lib/gcc/arm-none-eabi/4.8.2/../../../arm-none-eabi/lib/armv7-m/libg.a(lib_a-findfp.o)
 .text._cleanup_r
                0x00000000080089d0        0xc /usr/lib/gcc/arm-none-eabi/4.8.2/../../../arm-none-eabi/lib/armv7-m/libg.a(lib_a-findfp.o)
                0x00000000080089d0                _cleanup_r
 .text.__sfmoreglue
                0x00000000080089dc       0x30 /usr/lib/gcc/arm-none-eabi/4.8.2/../../../arm-none-eabi/lib/armv7-m/libg.a(lib_a-findfp.o)
                0x00000000080089dc                __sfmoreglue
 .text._cleanup
                0x0000000008008a0c       0x18 /usr/lib/gcc/arm-none-eabi/4.8.2/../../../arm-none-eabi/lib/armv7-m/libg.a(lib_a-findfp.o)
                0x0000000008008a0c                _cleanup
 .text.__sinit  0x0000000008008a24       0xf8 /usr/lib/gcc/arm-none-eabi/4.8.2/../../../arm-none-eabi/lib/armv7-m/libg.a(lib_a-findfp.o)
                0x0000000008008a24                __sinit
 .text.__sfp    0x0000000008008b1c       0x8c /usr/lib/gcc/arm-none-eabi/4.8.2/../../../arm-none-eabi/lib/armv7-m/libg.a(lib_a-findfp.o)
                0x0000000008008b1c                __sfp
 .text.__sfp_lock_acquire
                0x0000000008008ba8        0x4 /usr/lib/gcc/arm-none-eabi/4.8.2/../../../arm-none-eabi/lib/armv7-m/libg.a(lib_a-findfp.o)
                0x0000000008008ba8                __sfp_lock_acquire
 .text.__sfp_lock_release
                0x0000000008008bac        0x4 /usr/lib/gcc/arm-none-eabi/4.8.2/../../../arm-none-eabi/lib/armv7-m/libg.a(lib_a-findfp.o)
                0x0000000008008bac                __sfp_lock_release
 .text.__sinit_lock_acquire
                0x0000000008008bb0        0x4 /usr/lib/gcc/arm-none-eabi/4.8.2/../../../arm-none-eabi/lib/armv7-m/libg.a(lib_a-findfp.o)
                0x0000000008008bb0                __sinit_lock_acquire
 .text.__sinit_lock_release
                0x0000000008008bb4        0x4 /usr/lib/gcc/arm-none-eabi/4.8.2/../../../arm-none-eabi/lib/armv7-m/libg.a(lib_a-findfp.o)
                0x0000000008008bb4                __sinit_lock_release
 .text.__fp_lock_all
                0x0000000008008bb8       0x18 /usr/lib/gcc/arm-none-eabi/4.8.2/../../../arm-none-eabi/lib/armv7-m/libg.a(lib_a-findfp.o)
                0x0000000008008bb8                __fp_lock_all
 .text.__fp_unlock_all
                0x0000000008008bd0       0x18 /usr/lib/gcc/arm-none-eabi/4.8.2/../../../arm-none-eabi/lib/armv7-m/libg.a(lib_a-findfp.o)
                0x0000000008008bd0                __fp_unlock_all
 .text          0x0000000008008be8        0x0 /usr/lib/gcc/arm-none-eabi/4.8.2/../../../arm-none-eabi/lib/armv7-m/libg.a(lib_a-freer.o)
 .text._malloc_trim_r
                0x0000000008008be8       0xa4 /usr/lib/gcc/arm-none-eabi/4.8.2/../../../arm-none-eabi/lib/armv7-m/libg.a(lib_a-freer.o)
                0x0000000008008be8                _malloc_trim_r
 .text._free_r  0x0000000008008c8c      0x198 /usr/lib/gcc/arm-none-eabi/4.8.2/../../../arm-none-eabi/lib/armv7-m/libg.a(lib_a-freer.o)
                0x0000000008008c8c                _free_r
 .text          0x0000000008008e24        0x0 /usr/lib/gcc/arm-none-eabi/4.8.2/../../../arm-none-eabi/lib/armv7-m/libg.a(lib_a-fvwrite.o)
 .text.__sfvwrite_r
                0x0000000008008e24      0x314 /usr/lib/gcc/arm-none-eabi/4.8.2/../../../arm-none-eabi/lib/armv7-m/libg.a(lib_a-fvwrite.o)
                0x0000000008008e24                __sfvwrite_r
 .text          0x0000000008009138        0x0 /usr/lib/gcc/arm-none-eabi/4.8.2/../../../arm-none-eabi/lib/armv7-m/libg.a(lib_a-fwalk.o)
 .text._fwalk   0x0000000008009138       0x48 /usr/lib/gcc/arm-none-eabi/4.8.2/../../../arm-none-eabi/lib/armv7-m/libg.a(lib_a-fwalk.o)
                0x0000000008009138                _fwalk
 .text._fwalk_reent
                0x0000000008009180       0x4c /usr/lib/gcc/arm-none-eabi/4.8.2/../../../arm-none-eabi/lib/armv7-m/libg.a(lib_a-fwalk.o)
                0x0000000008009180                _fwalk_reent
 .text          0x00000000080091cc        0x0 /usr/lib/gcc/arm-none-eabi/4.8.2/../../../arm-none-eabi/lib/armv7-m/libg.a(lib_a-impure.o)
 .text          0x00000000080091cc        0x0 /usr/lib/gcc/arm-none-eabi/4.8.2/../../../arm-none-eabi/lib/armv7-m/libg.a(lib_a-locale.o)
 .text._setlocale_r
                0x00000000080091cc       0x54 /usr/lib/gcc/arm-none-eabi/4.8.2/../../../arm-none-eabi/lib/armv7-m/libg.a(lib_a-locale.o)
                0x00000000080091cc                _setlocale_r
 .text.__locale_charset
                0x0000000008009220        0xc /usr/lib/gcc/arm-none-eabi/4.8.2/../../../arm-none-eabi/lib/armv7-m/libg.a(lib_a-locale.o)
                0x0000000008009220                __locale_charset
 .text.__locale_mb_cur_max
                0x000000000800922c        0xc /usr/lib/gcc/arm-none-eabi/4.8.2/../../../arm-none-eabi/lib/armv7-m/libg.a(lib_a-locale.o)
                0x000000000800922c                __locale_mb_cur_max
 .text.__locale_msgcharset
                0x0000000008009238        0xc /usr/lib/gcc/arm-none-eabi/4.8.2/../../../arm-none-eabi/lib/armv7-m/libg.a(lib_a-locale.o)
                0x0000000008009238                __locale_msgcharset
 .text.__locale_cjk_lang
                0x0000000008009244        0x4 /usr/lib/gcc/arm-none-eabi/4.8.2/../../../arm-none-eabi/lib/armv7-m/libg.a(lib_a-locale.o)
                0x0000000008009244                __locale_cjk_lang
 .text._localeconv_r
                0x0000000008009248        0xc /usr/lib/gcc/arm-none-eabi/4.8.2/../../../arm-none-eabi/lib/armv7-m/libg.a(lib_a-locale.o)
                0x0000000008009248                _localeconv_r
 .text.setlocale
                0x0000000008009254       0x14 /usr/lib/gcc/arm-none-eabi/4.8.2/../../../arm-none-eabi/lib/armv7-m/libg.a(lib_a-locale.o)
                0x0000000008009254                setlocale
 .text.localeconv
                0x0000000008009268        0xc /usr/lib/gcc/arm-none-eabi/4.8.2/../../../arm-none-eabi/lib/armv7-m/libg.a(lib_a-locale.o)
                0x0000000008009268                localeconv
 .text          0x0000000008009274        0x0 /usr/lib/gcc/arm-none-eabi/4.8.2/../../../arm-none-eabi/lib/armv7-m/libg.a(lib_a-makebuf.o)
 .text.__smakebuf_r
                0x0000000008009274       0xe4 /usr/lib/gcc/arm-none-eabi/4.8.2/../../../arm-none-eabi/lib/armv7-m/libg.a(lib_a-makebuf.o)
                0x0000000008009274                __smakebuf_r
 .text          0x0000000008009358        0x0 /usr/lib/gcc/arm-none-eabi/4.8.2/../../../arm-none-eabi/lib/armv7-m/libg.a(lib_a-mallocr.o)
 .text._malloc_r
                0x0000000008009358      0x564 /usr/lib/gcc/arm-none-eabi/4.8.2/../../../arm-none-eabi/lib/armv7-m/libg.a(lib_a-mallocr.o)
                0x0000000008009358                _malloc_r
 .text          0x00000000080098bc        0x0 /usr/lib/gcc/arm-none-eabi/4.8.2/../../../arm-none-eabi/lib/armv7-m/libg.a(lib_a-memchr-stub.o)
 .text.memchr   0x00000000080098bc       0x94 /usr/lib/gcc/arm-none-eabi/4.8.2/../../../arm-none-eabi/lib/armv7-m/libg.a(lib_a-memchr-stub.o)
                0x00000000080098bc                memchr
 .text          0x0000000008009950        0x0 /usr/lib/gcc/arm-none-eabi/4.8.2/../../../arm-none-eabi/lib/armv7-m/libg.a(lib_a-memmove.o)
 .text.memmove  0x0000000008009950       0xcc /usr/lib/gcc/arm-none-eabi/4.8.2/../../../arm-none-eabi/lib/armv7-m/libg.a(lib_a-memmove.o)
                0x0000000008009950                memmove
 .text          0x0000000008009a1c        0x0 /usr/lib/gcc/arm-none-eabi/4.8.2/../../../arm-none-eabi/lib/armv7-m/libg.a(lib_a-mlock.o)
 .text.__malloc_lock
                0x0000000008009a1c        0x4 /usr/lib/gcc/arm-none-eabi/4.8.2/../../../arm-none-eabi/lib/armv7-m/libg.a(lib_a-mlock.o)
                0x0000000008009a1c                __malloc_lock
 .text.__malloc_unlock
                0x0000000008009a20        0x4 /usr/lib/gcc/arm-none-eabi/4.8.2/../../../arm-none-eabi/lib/armv7-m/libg.a(lib_a-mlock.o)
                0x0000000008009a20                __malloc_unlock
 .text          0x0000000008009a24        0x0 /usr/lib/gcc/arm-none-eabi/4.8.2/../../../arm-none-eabi/lib/armv7-m/libg.a(lib_a-mprec.o)
 .text._Balloc  0x0000000008009a24       0x4c /usr/lib/gcc/arm-none-eabi/4.8.2/../../../arm-none-eabi/lib/armv7-m/libg.a(lib_a-mprec.o)
                0x0000000008009a24                _Balloc
 .text._Bfree   0x0000000008009a70       0x14 /usr/lib/gcc/arm-none-eabi/4.8.2/../../../arm-none-eabi/lib/armv7-m/libg.a(lib_a-mprec.o)
                0x0000000008009a70                _Bfree
 .text.__multadd
                0x0000000008009a84       0x94 /usr/lib/gcc/arm-none-eabi/4.8.2/../../../arm-none-eabi/lib/armv7-m/libg.a(lib_a-mprec.o)
                0x0000000008009a84                __multadd
 .text.__s2b    0x0000000008009b18       0x9c /usr/lib/gcc/arm-none-eabi/4.8.2/../../../arm-none-eabi/lib/armv7-m/libg.a(lib_a-mprec.o)
                0x0000000008009b18                __s2b
 .text.__hi0bits
                0x0000000008009bb4       0x3c /usr/lib/gcc/arm-none-eabi/4.8.2/../../../arm-none-eabi/lib/armv7-m/libg.a(lib_a-mprec.o)
                0x0000000008009bb4                __hi0bits
 .text.__lo0bits
                0x0000000008009bf0       0x5c /usr/lib/gcc/arm-none-eabi/4.8.2/../../../arm-none-eabi/lib/armv7-m/libg.a(lib_a-mprec.o)
                0x0000000008009bf0                __lo0bits
 .text.__i2b    0x0000000008009c4c       0x14 /usr/lib/gcc/arm-none-eabi/4.8.2/../../../arm-none-eabi/lib/armv7-m/libg.a(lib_a-mprec.o)
                0x0000000008009c4c                __i2b
 .text.__multiply
                0x0000000008009c60      0x154 /usr/lib/gcc/arm-none-eabi/4.8.2/../../../arm-none-eabi/lib/armv7-m/libg.a(lib_a-mprec.o)
                0x0000000008009c60                __multiply
 .text.__pow5mult
                0x0000000008009db4       0xa0 /usr/lib/gcc/arm-none-eabi/4.8.2/../../../arm-none-eabi/lib/armv7-m/libg.a(lib_a-mprec.o)
                0x0000000008009db4                __pow5mult
 .text.__lshift
                0x0000000008009e54       0xbc /usr/lib/gcc/arm-none-eabi/4.8.2/../../../arm-none-eabi/lib/armv7-m/libg.a(lib_a-mprec.o)
                0x0000000008009e54                __lshift
 .text.__mcmp   0x0000000008009f10       0x44 /usr/lib/gcc/arm-none-eabi/4.8.2/../../../arm-none-eabi/lib/armv7-m/libg.a(lib_a-mprec.o)
                0x0000000008009f10                __mcmp
 .text.__mdiff  0x0000000008009f54       0xd4 /usr/lib/gcc/arm-none-eabi/4.8.2/../../../arm-none-eabi/lib/armv7-m/libg.a(lib_a-mprec.o)
                0x0000000008009f54                __mdiff
 .text.__ulp    0x000000000800a028       0x40 /usr/lib/gcc/arm-none-eabi/4.8.2/../../../arm-none-eabi/lib/armv7-m/libg.a(lib_a-mprec.o)
                0x000000000800a028                __ulp
 .text.__b2d    0x000000000800a068       0xb8 /usr/lib/gcc/arm-none-eabi/4.8.2/../../../arm-none-eabi/lib/armv7-m/libg.a(lib_a-mprec.o)
                0x000000000800a068                __b2d
 .text.__d2b    0x000000000800a120       0xbc /usr/lib/gcc/arm-none-eabi/4.8.2/../../../arm-none-eabi/lib/armv7-m/libg.a(lib_a-mprec.o)
                0x000000000800a120                __d2b
 .text.__ratio  0x000000000800a1dc       0x5c /usr/lib/gcc/arm-none-eabi/4.8.2/../../../arm-none-eabi/lib/armv7-m/libg.a(lib_a-mprec.o)
                0x000000000800a1dc                __ratio
 .text._mprec_log10
                0x000000000800a238       0x34 /usr/lib/gcc/arm-none-eabi/4.8.2/../../../arm-none-eabi/lib/armv7-m/libg.a(lib_a-mprec.o)
                0x000000000800a238                _mprec_log10
 .text.__copybits
                0x000000000800a26c       0x48 /usr/lib/gcc/arm-none-eabi/4.8.2/../../../arm-none-eabi/lib/armv7-m/libg.a(lib_a-mprec.o)
                0x000000000800a26c                __copybits
 .text.__any_on
                0x000000000800a2b4       0x5c /usr/lib/gcc/arm-none-eabi/4.8.2/../../../arm-none-eabi/lib/armv7-m/libg.a(lib_a-mprec.o)
                0x000000000800a2b4                __any_on
 .text          0x000000000800a310        0x0 /usr/lib/gcc/arm-none-eabi/4.8.2/../../../arm-none-eabi/lib/armv7-m/libg.a(lib_a-reallocr.o)
 .text._realloc_r
                0x000000000800a310      0x3e4 /usr/lib/gcc/arm-none-eabi/4.8.2/../../../arm-none-eabi/lib/armv7-m/libg.a(lib_a-reallocr.o)
                0x000000000800a310                _realloc_r
 .text          0x000000000800a6f4        0x0 /usr/lib/gcc/arm-none-eabi/4.8.2/../../../arm-none-eabi/lib/armv7-m/libg.a(lib_a-s_fpclassify.o)
 .text.__fpclassifyd
                0x000000000800a6f4       0x50 /usr/lib/gcc/arm-none-eabi/4.8.2/../../../arm-none-eabi/lib/armv7-m/libg.a(lib_a-s_fpclassify.o)
                0x000000000800a6f4                __fpclassifyd
 .text          0x000000000800a744        0x0 /usr/lib/gcc/arm-none-eabi/4.8.2/../../../arm-none-eabi/lib/armv7-m/libg.a(lib_a-sbrkr.o)
 .text._sbrk_r  0x000000000800a744       0x28 /usr/lib/gcc/arm-none-eabi/4.8.2/../../../arm-none-eabi/lib/armv7-m/libg.a(lib_a-sbrkr.o)
                0x000000000800a744                _sbrk_r
 .text          0x000000000800a76c        0x0 /usr/lib/gcc/arm-none-eabi/4.8.2/../../../arm-none-eabi/lib/armv7-m/libg.a(lib_a-stdio.o)
 .text.__sread  0x000000000800a76c       0x24 /usr/lib/gcc/arm-none-eabi/4.8.2/../../../arm-none-eabi/lib/armv7-m/libg.a(lib_a-stdio.o)
                0x000000000800a76c                __sread
 .text.__seofread
                0x000000000800a790        0x4 /usr/lib/gcc/arm-none-eabi/4.8.2/../../../arm-none-eabi/lib/armv7-m/libg.a(lib_a-stdio.o)
                0x000000000800a790                __seofread
 .text.__swrite
                0x000000000800a794       0x38 /usr/lib/gcc/arm-none-eabi/4.8.2/../../../arm-none-eabi/lib/armv7-m/libg.a(lib_a-stdio.o)
                0x000000000800a794                __swrite
 .text.__sseek  0x000000000800a7cc       0x20 /usr/lib/gcc/arm-none-eabi/4.8.2/../../../arm-none-eabi/lib/armv7-m/libg.a(lib_a-stdio.o)
                0x000000000800a7cc                __sseek
 .text.__sclose
                0x000000000800a7ec        0x8 /usr/lib/gcc/arm-none-eabi/4.8.2/../../../arm-none-eabi/lib/armv7-m/libg.a(lib_a-stdio.o)
                0x000000000800a7ec                __sclose
 .text          0x000000000800a7f4      0x23c /usr/lib/gcc/arm-none-eabi/4.8.2/../../../arm-none-eabi/lib/armv7-m/libg.a(lib_a-strcmp.o)
                0x000000000800a7f4                strcmp
 .text          0x000000000800aa30        0x0 /usr/lib/gcc/arm-none-eabi/4.8.2/../../../arm-none-eabi/lib/armv7-m/libg.a(lib_a-vfiprintf.o)
 .text.__sprint_r.part.0
                0x000000000800aa30       0x7c /usr/lib/gcc/arm-none-eabi/4.8.2/../../../arm-none-eabi/lib/armv7-m/libg.a(lib_a-vfiprintf.o)
 .text.__sprint_r
                0x000000000800aaac       0x18 /usr/lib/gcc/arm-none-eabi/4.8.2/../../../arm-none-eabi/lib/armv7-m/libg.a(lib_a-vfiprintf.o)
                0x000000000800aaac                __sprint_r
 .text._vfiprintf_r
                0x000000000800aac4      0xc04 /usr/lib/gcc/arm-none-eabi/4.8.2/../../../arm-none-eabi/lib/armv7-m/libg.a(lib_a-vfiprintf.o)
                0x000000000800aac4                _vfiprintf_r
 .text.vfiprintf
                0x000000000800b6c8       0x1c /usr/lib/gcc/arm-none-eabi/4.8.2/../../../arm-none-eabi/lib/armv7-m/libg.a(lib_a-vfiprintf.o)
                0x000000000800b6c8                vfiprintf
 .text.__sbprintf
                0x000000000800b6e4       0x7c /usr/lib/gcc/arm-none-eabi/4.8.2/../../../arm-none-eabi/lib/armv7-m/libg.a(lib_a-vfiprintf.o)
 .text          0x000000000800b760        0x0 /usr/lib/gcc/arm-none-eabi/4.8.2/../../../arm-none-eabi/lib/armv7-m/libg.a(lib_a-writer.o)
 .text._write_r
                0x000000000800b760       0x2c /usr/lib/gcc/arm-none-eabi/4.8.2/../../../arm-none-eabi/lib/armv7-m/libg.a(lib_a-writer.o)
                0x000000000800b760                _write_r
 .text          0x000000000800b78c        0x0 /usr/lib/gcc/arm-none-eabi/4.8.2/../../../arm-none-eabi/lib/armv7-m/libg.a(lib_a-callocr.o)
 .text._calloc_r
                0x000000000800b78c       0x60 /usr/lib/gcc/arm-none-eabi/4.8.2/../../../arm-none-eabi/lib/armv7-m/libg.a(lib_a-callocr.o)
                0x000000000800b78c                _calloc_r
 .text          0x000000000800b7ec        0x0 /usr/lib/gcc/arm-none-eabi/4.8.2/../../../arm-none-eabi/lib/armv7-m/libg.a(lib_a-closer.o)
 .text._close_r
                0x000000000800b7ec       0x28 /usr/lib/gcc/arm-none-eabi/4.8.2/../../../arm-none-eabi/lib/armv7-m/libg.a(lib_a-closer.o)
                0x000000000800b7ec                _close_r
 .text          0x000000000800b814        0x0 /usr/lib/gcc/arm-none-eabi/4.8.2/../../../arm-none-eabi/lib/armv7-m/libg.a(lib_a-fclose.o)
 .text._fclose_r
                0x000000000800b814       0x84 /usr/lib/gcc/arm-none-eabi/4.8.2/../../../arm-none-eabi/lib/armv7-m/libg.a(lib_a-fclose.o)
                0x000000000800b814                _fclose_r
 .text.fclose   0x000000000800b898       0x10 /usr/lib/gcc/arm-none-eabi/4.8.2/../../../arm-none-eabi/lib/armv7-m/libg.a(lib_a-fclose.o)
                0x000000000800b898                fclose
 .text          0x000000000800b8a8        0x0 /usr/lib/gcc/arm-none-eabi/4.8.2/../../../arm-none-eabi/lib/armv7-m/libg.a(lib_a-fputwc.o)
 .text._fputwc_r
                0x000000000800b8a8       0xc0 /usr/lib/gcc/arm-none-eabi/4.8.2/../../../arm-none-eabi/lib/armv7-m/libg.a(lib_a-fputwc.o)
                0x000000000800b8a8                _fputwc_r
 .text.fputwc   0x000000000800b968       0x2c /usr/lib/gcc/arm-none-eabi/4.8.2/../../../arm-none-eabi/lib/armv7-m/libg.a(lib_a-fputwc.o)
                0x000000000800b968                fputwc
 .text          0x000000000800b994        0x0 /usr/lib/gcc/arm-none-eabi/4.8.2/../../../arm-none-eabi/lib/armv7-m/libg.a(lib_a-fstatr.o)
 .text._fstat_r
                0x000000000800b994       0x28 /usr/lib/gcc/arm-none-eabi/4.8.2/../../../arm-none-eabi/lib/armv7-m/libg.a(lib_a-fstatr.o)
                0x000000000800b994                _fstat_r
 .text          0x000000000800b9bc        0x0 /usr/lib/gcc/arm-none-eabi/4.8.2/../../../arm-none-eabi/lib/armv7-m/libg.a(lib_a-isattyr.o)
 .text._isatty_r
                0x000000000800b9bc       0x28 /usr/lib/gcc/arm-none-eabi/4.8.2/../../../arm-none-eabi/lib/armv7-m/libg.a(lib_a-isattyr.o)
                0x000000000800b9bc                _isatty_r
 .text          0x000000000800b9e4        0x0 /usr/lib/gcc/arm-none-eabi/4.8.2/../../../arm-none-eabi/lib/armv7-m/libg.a(lib_a-lseekr.o)
 .text._lseek_r
                0x000000000800b9e4       0x2c /usr/lib/gcc/arm-none-eabi/4.8.2/../../../arm-none-eabi/lib/armv7-m/libg.a(lib_a-lseekr.o)
                0x000000000800b9e4                _lseek_r
 .text          0x000000000800ba10        0x0 /usr/lib/gcc/arm-none-eabi/4.8.2/../../../arm-none-eabi/lib/armv7-m/libg.a(lib_a-readr.o)
 .text._read_r  0x000000000800ba10       0x2c /usr/lib/gcc/arm-none-eabi/4.8.2/../../../arm-none-eabi/lib/armv7-m/libg.a(lib_a-readr.o)
                0x000000000800ba10                _read_r
 .text          0x000000000800ba3c        0x0 /usr/lib/gcc/arm-none-eabi/4.8.2/../../../arm-none-eabi/lib/armv7-m/libg.a(lib_a-reent.o)
 .text.cleanup_glue
                0x000000000800ba3c       0x1c /usr/lib/gcc/arm-none-eabi/4.8.2/../../../arm-none-eabi/lib/armv7-m/libg.a(lib_a-reent.o)
                0x000000000800ba3c                cleanup_glue
 .text._reclaim_reent
                0x000000000800ba58       0x94 /usr/lib/gcc/arm-none-eabi/4.8.2/../../../arm-none-eabi/lib/armv7-m/libg.a(lib_a-reent.o)
                0x000000000800ba58                _reclaim_reent
 .text          0x000000000800baec        0x0 /usr/lib/gcc/arm-none-eabi/4.8.2/../../../arm-none-eabi/lib/armv7-m/libg.a(lib_a-wbuf.o)
 .text.__swbuf_r
                0x000000000800baec       0xa4 /usr/lib/gcc/arm-none-eabi/4.8.2/../../../arm-none-eabi/lib/armv7-m/libg.a(lib_a-wbuf.o)
                0x000000000800baec                __swbuf_r
 .text.__swbuf  0x000000000800bb90       0x14 /usr/lib/gcc/arm-none-eabi/4.8.2/../../../arm-none-eabi/lib/armv7-m/libg.a(lib_a-wbuf.o)
                0x000000000800bb90                __swbuf
 .text          0x000000000800bba4        0x0 /usr/lib/gcc/arm-none-eabi/4.8.2/../../../arm-none-eabi/lib/armv7-m/libg.a(lib_a-wcrtomb.o)
 .text._wcrtomb_r
                0x000000000800bba4       0x58 /usr/lib/gcc/arm-none-eabi/4.8.2/../../../arm-none-eabi/lib/armv7-m/libg.a(lib_a-wcrtomb.o)
                0x000000000800bba4                _wcrtomb_r
 .text.wcrtomb  0x000000000800bbfc       0x5c /usr/lib/gcc/arm-none-eabi/4.8.2/../../../arm-none-eabi/lib/armv7-m/libg.a(lib_a-wcrtomb.o)
                0x000000000800bbfc                wcrtomb
 .text          0x000000000800bc58        0x0 /usr/lib/gcc/arm-none-eabi/4.8.2/../../../arm-none-eabi/lib/armv7-m/libg.a(lib_a-wctomb_r.o)
 .text.__ascii_wctomb
                0x000000000800bc58       0x1c /usr/lib/gcc/arm-none-eabi/4.8.2/../../../arm-none-eabi/lib/armv7-m/libg.a(lib_a-wctomb_r.o)
                0x000000000800bc58                __ascii_wctomb
 .text._wctomb_r
                0x000000000800bc74       0x30 /usr/lib/gcc/arm-none-eabi/4.8.2/../../../arm-none-eabi/lib/armv7-m/libg.a(lib_a-wctomb_r.o)
                0x000000000800bc74                _wctomb_r
 .text          0x000000000800bca4      0x370 /usr/lib/gcc/arm-none-eabi/4.8.2/armv7-m/libgcc.a(_arm_addsubdf3.o)
                0x000000000800bca4                __aeabi_drsub
                0x000000000800bcac                __aeabi_dsub
                0x000000000800bcac                __subdf3
                0x000000000800bcb0                __adddf3
                0x000000000800bcb0                __aeabi_dadd
                0x000000000800bf28                __aeabi_ui2d
                0x000000000800bf28                __floatunsidf
                0x000000000800bf48                __floatsidf
                0x000000000800bf48                __aeabi_i2d
                0x000000000800bf6c                __extendsfdf2
                0x000000000800bf6c                __aeabi_f2d
                0x000000000800bfa8                __aeabi_ul2d
                0x000000000800bfa8                __floatundidf
                0x000000000800bfb8                __floatdidf
                0x000000000800bfb8                __aeabi_l2d
 .text          0x000000000800c014      0x424 /usr/lib/gcc/arm-none-eabi/4.8.2/armv7-m/libgcc.a(_arm_muldivdf3.o)
                0x000000000800c014                __aeabi_dmul
                0x000000000800c014                __muldf3
                0x000000000800c268                __aeabi_ddiv
                0x000000000800c268                __divdf3
 .text          0x000000000800c438      0x110 /usr/lib/gcc/arm-none-eabi/4.8.2/armv7-m/libgcc.a(_arm_cmpdf2.o)
                0x000000000800c438                __gtdf2
                0x000000000800c438                __gedf2
                0x000000000800c440                __ltdf2
                0x000000000800c440                __ledf2
                0x000000000800c448                __cmpdf2
                0x000000000800c448                __eqdf2
                0x000000000800c448                __nedf2
                0x000000000800c4c4                __aeabi_cdrcmple
                0x000000000800c4d4                __aeabi_cdcmple
                0x000000000800c4d4                __aeabi_cdcmpeq
                0x000000000800c4e4                __aeabi_dcmpeq
                0x000000000800c4f8                __aeabi_dcmplt
                0x000000000800c50c                __aeabi_dcmple
                0x000000000800c520                __aeabi_dcmpge
                0x000000000800c534                __aeabi_dcmpgt
 .text          0x000000000800c548       0x50 /usr/lib/gcc/arm-none-eabi/4.8.2/armv7-m/libgcc.a(_arm_fixdfsi.o)
                0x000000000800c548                __fixdfsi
                0x000000000800c548                __aeabi_d2iz
 .text          0x000000000800c598       0x2c /usr/lib/gcc/arm-none-eabi/4.8.2/armv7-m/libgcc.a(_aeabi_uldivmod.o)
                0x000000000800c598                __aeabi_uldivmod
 .text          0x000000000800c5c4       0x60 /usr/lib/gcc/arm-none-eabi/4.8.2/armv7-m/libgcc.a(bpabi.o)
                0x000000000800c5c4                __gnu_ldivmod_helper
                0x000000000800c5f4                __gnu_uldivmod_helper
 .text          0x000000000800c624        0x4 /usr/lib/gcc/arm-none-eabi/4.8.2/armv7-m/libgcc.a(_dvmd_tls.o)
                0x000000000800c624                __aeabi_ldiv0
                0x000000000800c624                __aeabi_idiv0
 .text          0x000000000800c628      0x2bc /usr/lib/gcc/arm-none-eabi/4.8.2/armv7-m/libgcc.a(_divdi3.o)
                0x000000000800c628                __divdi3
 .text          0x000000000800c8e4      0x284 /usr/lib/gcc/arm-none-eabi/4.8.2/armv7-m/libgcc.a(_udivdi3.o)
                0x000000000800c8e4                __udivdi3
 *(.glue_7)
 .glue_7        0x0000000000000000        0x0 linker stubs
 *(.glue_7t)
 .glue_7t       0x0000000000000000        0x0 linker stubs
 *(.rodata .rodata* .gnu.linkonce.r*)
 .rodata        0x000000000800cb68        0x8 /tmp/ccisHkFI.o
 .rodata        0x000000000800cb70        0x4 /tmp/ccKufXV0.o
                0x000000000800cb70                ulKernelPriority
 .rodata        0x000000000800cb74      0x140 /tmp/ccOeehRB.o
 .rodata        0x000000000800ccb4       0x8c /tmp/cci0TnCw.o
 .rodata.str1.4
                0x000000000800cd40        0x2 /usr/lib/gcc/arm-none-eabi/4.8.2/../../../arm-none-eabi/lib/armv7-m/libg.a(lib_a-puts.o)
                                          0x4 (size before relaxing)
 *fill*         0x000000000800cd42        0x2 
 .rodata.zeroes.6775
                0x000000000800cd44       0x10 /usr/lib/gcc/arm-none-eabi/4.8.2/../../../arm-none-eabi/lib/armv7-m/libg.a(lib_a-vfprintf.o)
 .rodata.str1.4
                0x000000000800cd54       0x42 /usr/lib/gcc/arm-none-eabi/4.8.2/../../../arm-none-eabi/lib/armv7-m/libg.a(lib_a-vfprintf.o)
                                         0x44 (size before relaxing)
 *fill*         0x000000000800cd96        0x2 
 .rodata.blanks.6774
                0x000000000800cd98       0x10 /usr/lib/gcc/arm-none-eabi/4.8.2/../../../arm-none-eabi/lib/armv7-m/libg.a(lib_a-vfprintf.o)
 .rodata.str1.4
                0x000000000800cda8       0x10 /usr/lib/gcc/arm-none-eabi/4.8.2/../../../arm-none-eabi/lib/armv7-m/libg.a(lib_a-dtoa.o)
                                         0x14 (size before relaxing)
 .rodata.str1.4
                0x000000000800cdb8        0x2 /usr/lib/gcc/arm-none-eabi/4.8.2/../../../arm-none-eabi/lib/armv7-m/libg.a(lib_a-impure.o)
                                          0x4 (size before relaxing)
 *fill*         0x000000000800cdba        0x2 
 .rodata._global_impure_ptr
                0x000000000800cdbc        0x4 /usr/lib/gcc/arm-none-eabi/4.8.2/../../../arm-none-eabi/lib/armv7-m/libg.a(lib_a-impure.o)
                0x000000000800cdbc                _global_impure_ptr
 .rodata.str1.4
                0x000000000800cdc0        0xc /usr/lib/gcc/arm-none-eabi/4.8.2/../../../arm-none-eabi/lib/armv7-m/libg.a(lib_a-locale.o)
                                         0x14 (size before relaxing)
 *fill*         0x000000000800cdcc        0x4 
 .rodata.__mprec_tens
                0x000000000800cdd0       0xc8 /usr/lib/gcc/arm-none-eabi/4.8.2/../../../arm-none-eabi/lib/armv7-m/libg.a(lib_a-mprec.o)
                0x000000000800cdd0                __mprec_tens
 .rodata.__mprec_bigtens
                0x000000000800ce98       0x28 /usr/lib/gcc/arm-none-eabi/4.8.2/../../../arm-none-eabi/lib/armv7-m/libg.a(lib_a-mprec.o)
                0x000000000800ce98                __mprec_bigtens
 .rodata.p05.5266
                0x000000000800cec0        0xc /usr/lib/gcc/arm-none-eabi/4.8.2/../../../arm-none-eabi/lib/armv7-m/libg.a(lib_a-mprec.o)
 *fill*         0x000000000800cecc        0x4 
 .rodata.__mprec_tinytens
                0x000000000800ced0       0x28 /usr/lib/gcc/arm-none-eabi/4.8.2/../../../arm-none-eabi/lib/armv7-m/libg.a(lib_a-mprec.o)
                0x000000000800ced0                __mprec_tinytens
 .rodata.blanks.6717
                0x000000000800cef8       0x10 /usr/lib/gcc/arm-none-eabi/4.8.2/../../../arm-none-eabi/lib/armv7-m/libg.a(lib_a-vfiprintf.o)
 .rodata.str1.4
                0x0000000000000000       0x30 /usr/lib/gcc/arm-none-eabi/4.8.2/../../../arm-none-eabi/lib/armv7-m/libg.a(lib_a-vfiprintf.o)
 .rodata.zeroes.6718
                0x000000000800cf08       0x10 /usr/lib/gcc/arm-none-eabi/4.8.2/../../../arm-none-eabi/lib/armv7-m/libg.a(lib_a-vfiprintf.o)
                0x000000000800cf18                . = ALIGN (0x4)
 *(.init)
                0x000000000800cf18                . = ALIGN (0x4)
                0x000000000800cf18                __preinit_array_start = .
 *(.preinit_array)
                0x000000000800cf18                __preinit_array_end = .
                0x000000000800cf18                . = ALIGN (0x4)
                0x000000000800cf18                __init_array_start = .
 *(SORT(.init_array.*))
 *(.init_array)
                0x000000000800cf18                __init_array_end = .
                0x000000000800cf18                . = ALIGN (0x4)
 *(.fini)
                0x000000000800cf18                . = ALIGN (0x4)
                0x000000000800cf18                __fini_array_start = .
 *(SORT(.fini_array.*))
 *(.fini_array)
                0x000000000800cf18                __fini_array_end = .
                0x000000000800cf18                . = ALIGN (0x4)
 *crtbegin.o(.ctors)
 *(EXCLUDE_FILE(*crtend.o) .ctors)
 *(SORT(.ctors.*))
 *crtend.o(.ctors)
                0x000000000800cf18                . = ALIGN (0x4)
 *crtbegin.o(.dtors)
 *(EXCLUDE_FILE(*crtend.o) .dtors)
 *(SORT(.dtors.*))
 *crtend.o(.dtors)

.vfp11_veneer   0x000000000800cf18        0x0
 .vfp11_veneer  0x0000000000000000        0x0 linker stubs

.v4_bx          0x000000000800cf18        0x0
 .v4_bx         0x0000000000000000        0x0 linker stubs

.iplt           0x000000000800cf18        0x0
 .iplt          0x0000000000000000        0x0 /tmp/cc8SCMZU.o

.igot.plt       0x000000000800cf18        0x0
 .igot.plt      0x0000000000000000        0x0 /tmp/cc8SCMZU.o
                0x000000000800cf18                . = ALIGN (0x4)

.ARM.extab      0x000000000800cf18        0x0
 *(.ARM.extab* .gnu.linkonce.armextab.*)
 .ARM.extab     0x000000000800cf18        0x0 /usr/lib/gcc/arm-none-eabi/4.8.2/armv7-m/libgcc.a(_divdi3.o)
 .ARM.extab     0x000000000800cf18        0x0 /usr/lib/gcc/arm-none-eabi/4.8.2/armv7-m/libgcc.a(_udivdi3.o)

.ARM.exidx      0x000000000800cf18        0x8
                0x000000000800cf18                __exidx_start = .
 *(.ARM.exidx* .gnu.linkonce.armexidx.*)
 .ARM.exidx     0x000000000800cf18        0x8 /usr/lib/gcc/arm-none-eabi/4.8.2/armv7-m/libgcc.a(_divdi3.o)
 .ARM.exidx     0x000000000800cf20        0x0 /usr/lib/gcc/arm-none-eabi/4.8.2/armv7-m/libgcc.a(_udivdi3.o)
                                          0x8 (size before relaxing)
                0x000000000800cf20                __exidx_end = .
                0x000000000800cf20                _sidata = .

.rel.dyn        0x000000000800cf20        0x0
 .rel.iplt      0x0000000000000000        0x0 /tmp/cc8SCMZU.o

.relocate       0x0000000020000000      0x8fc load address 0x000000000800cf20
                0x0000000020000000                . = ALIGN (0x4)
                0x0000000020000000                _sdata = .
 *(.ramfunc .ramfunc.*)
 *(.data .data.*)
 .data          0x0000000020000000       0x14 /tmp/cc8SCMZU.o
                0x0000000020000000                SystemCoreClock
                0x0000000020000004                AHBPrescTable
 .data          0x0000000020000014        0x0 /tmp/ccmq0gqb.o
 .data          0x0000000020000014       0x10 /tmp/ccf6aV3r.o
 .data          0x0000000020000024        0x0 /tmp/ccXqE4VI.o
 .data          0x0000000020000024        0x0 /tmp/ccewRW4Z.o
 .data          0x0000000020000024        0x0 /tmp/cciNRtqh.o
 .data          0x0000000020000024        0x0 /tmp/ccbHfsZy.o
 .data          0x0000000020000024        0x0 /tmp/ccHG3MIQ.o
 .data          0x0000000020000024        0x0 /tmp/cciA8gx8.o
 .data          0x0000000020000024        0x0 /tmp/cclQzAuq.o
 .data          0x0000000020000024        0x4 /tmp/ccisHkFI.o
 .data          0x0000000020000028        0x4 /tmp/ccKufXV0.o
 .data          0x000000002000002c        0x0 /tmp/ccFDWphj.o
 .data          0x000000002000002c       0x14 /tmp/ccOeehRB.o
 .data          0x0000000020000040        0x0 /tmp/ccVQAlBU.o
 .data          0x0000000020000040        0x0 /tmp/cck4IXtd.o
 .data          0x0000000020000040        0x0 /tmp/cci0TnCw.o
 .data          0x0000000020000040        0x0 /usr/lib/gcc/arm-none-eabi/4.8.2/../../../arm-none-eabi/lib/armv7-m/libg.a(lib_a-memcpy.o)
 .data          0x0000000020000040        0x0 /usr/lib/gcc/arm-none-eabi/4.8.2/../../../arm-none-eabi/lib/armv7-m/libg.a(lib_a-memset.o)
 .data          0x0000000020000040        0x0 /usr/lib/gcc/arm-none-eabi/4.8.2/../../../arm-none-eabi/lib/armv7-m/libg.a(lib_a-printf.o)
 .data          0x0000000020000040        0x0 /usr/lib/gcc/arm-none-eabi/4.8.2/../../../arm-none-eabi/lib/armv7-m/libg.a(lib_a-puts.o)
 .data          0x0000000020000040        0x0 /usr/lib/gcc/arm-none-eabi/4.8.2/../../../arm-none-eabi/lib/armv7-m/libg.a(lib_a-strlen.o)
 .data          0x0000000020000040        0x0 /usr/lib/gcc/arm-none-eabi/4.8.2/../../../arm-none-eabi/lib/armv7-m/libg.a(lib_a-strncpy.o)
 .data          0x0000000020000040        0x0 /usr/lib/gcc/arm-none-eabi/4.8.2/../../../arm-none-eabi/lib/armv7-m/libg.a(lib_a-vfprintf.o)
 .data          0x0000000020000040        0x0 /usr/lib/gcc/arm-none-eabi/4.8.2/../../../arm-none-eabi/lib/armv7-m/libg.a(lib_a-wsetup.o)
 .data          0x0000000020000040        0x0 /usr/lib/gcc/arm-none-eabi/4.8.2/../../../arm-none-eabi/lib/armv7-m/libg.a(lib_a-dtoa.o)
 .data          0x0000000020000040        0x0 /usr/lib/gcc/arm-none-eabi/4.8.2/../../../arm-none-eabi/lib/armv7-m/libg.a(lib_a-fflush.o)
 .data          0x0000000020000040        0x0 /usr/lib/gcc/arm-none-eabi/4.8.2/../../../arm-none-eabi/lib/armv7-m/libg.a(lib_a-findfp.o)
 .data          0x0000000020000040        0x0 /usr/lib/gcc/arm-none-eabi/4.8.2/../../../arm-none-eabi/lib/armv7-m/libg.a(lib_a-freer.o)
 .data          0x0000000020000040        0x0 /usr/lib/gcc/arm-none-eabi/4.8.2/../../../arm-none-eabi/lib/armv7-m/libg.a(lib_a-fvwrite.o)
 .data          0x0000000020000040        0x0 /usr/lib/gcc/arm-none-eabi/4.8.2/../../../arm-none-eabi/lib/armv7-m/libg.a(lib_a-fwalk.o)
 .data          0x0000000020000040        0x0 /usr/lib/gcc/arm-none-eabi/4.8.2/../../../arm-none-eabi/lib/armv7-m/libg.a(lib_a-impure.o)
 .data.impure_data
                0x0000000020000040      0x428 /usr/lib/gcc/arm-none-eabi/4.8.2/../../../arm-none-eabi/lib/armv7-m/libg.a(lib_a-impure.o)
 .data._impure_ptr
                0x0000000020000468        0x4 /usr/lib/gcc/arm-none-eabi/4.8.2/../../../arm-none-eabi/lib/armv7-m/libg.a(lib_a-impure.o)
                0x0000000020000468                _impure_ptr
 .data          0x000000002000046c        0x0 /usr/lib/gcc/arm-none-eabi/4.8.2/../../../arm-none-eabi/lib/armv7-m/libg.a(lib_a-locale.o)
 .data.lc_message_charset
                0x000000002000046c       0x20 /usr/lib/gcc/arm-none-eabi/4.8.2/../../../arm-none-eabi/lib/armv7-m/libg.a(lib_a-locale.o)
 .data.lconv    0x000000002000048c       0x38 /usr/lib/gcc/arm-none-eabi/4.8.2/../../../arm-none-eabi/lib/armv7-m/libg.a(lib_a-locale.o)
 .data.lc_ctype_charset
                0x00000000200004c4       0x20 /usr/lib/gcc/arm-none-eabi/4.8.2/../../../arm-none-eabi/lib/armv7-m/libg.a(lib_a-locale.o)
 .data.__mb_cur_max
                0x00000000200004e4        0x4 /usr/lib/gcc/arm-none-eabi/4.8.2/../../../arm-none-eabi/lib/armv7-m/libg.a(lib_a-locale.o)
                0x00000000200004e4                __mb_cur_max
 .data          0x00000000200004e8        0x0 /usr/lib/gcc/arm-none-eabi/4.8.2/../../../arm-none-eabi/lib/armv7-m/libg.a(lib_a-makebuf.o)
 .data          0x00000000200004e8        0x0 /usr/lib/gcc/arm-none-eabi/4.8.2/../../../arm-none-eabi/lib/armv7-m/libg.a(lib_a-mallocr.o)
 .data.__malloc_av_
                0x00000000200004e8      0x408 /usr/lib/gcc/arm-none-eabi/4.8.2/../../../arm-none-eabi/lib/armv7-m/libg.a(lib_a-mallocr.o)
                0x00000000200004e8                __malloc_av_
 .data.__malloc_trim_threshold
                0x00000000200008f0        0x4 /usr/lib/gcc/arm-none-eabi/4.8.2/../../../arm-none-eabi/lib/armv7-m/libg.a(lib_a-mallocr.o)
                0x00000000200008f0                __malloc_trim_threshold
 .data.__malloc_sbrk_base
                0x00000000200008f4        0x4 /usr/lib/gcc/arm-none-eabi/4.8.2/../../../arm-none-eabi/lib/armv7-m/libg.a(lib_a-mallocr.o)
                0x00000000200008f4                __malloc_sbrk_base
 .data          0x00000000200008f8        0x0 /usr/lib/gcc/arm-none-eabi/4.8.2/../../../arm-none-eabi/lib/armv7-m/libg.a(lib_a-memchr-stub.o)
 .data          0x00000000200008f8        0x0 /usr/lib/gcc/arm-none-eabi/4.8.2/../../../arm-none-eabi/lib/armv7-m/libg.a(lib_a-memmove.o)
 .data          0x00000000200008f8        0x0 /usr/lib/gcc/arm-none-eabi/4.8.2/../../../arm-none-eabi/lib/armv7-m/libg.a(lib_a-mlock.o)
 .data          0x00000000200008f8        0x0 /usr/lib/gcc/arm-none-eabi/4.8.2/../../../arm-none-eabi/lib/armv7-m/libg.a(lib_a-mprec.o)
 .data          0x00000000200008f8        0x0 /usr/lib/gcc/arm-none-eabi/4.8.2/../../../arm-none-eabi/lib/armv7-m/libg.a(lib_a-reallocr.o)
 .data          0x00000000200008f8        0x0 /usr/lib/gcc/arm-none-eabi/4.8.2/../../../arm-none-eabi/lib/armv7-m/libg.a(lib_a-s_fpclassify.o)
 .data          0x00000000200008f8        0x0 /usr/lib/gcc/arm-none-eabi/4.8.2/../../../arm-none-eabi/lib/armv7-m/libg.a(lib_a-sbrkr.o)
 .data          0x00000000200008f8        0x0 /usr/lib/gcc/arm-none-eabi/4.8.2/../../../arm-none-eabi/lib/armv7-m/libg.a(lib_a-stdio.o)
 .data          0x00000000200008f8        0x0 /usr/lib/gcc/arm-none-eabi/4.8.2/../../../arm-none-eabi/lib/armv7-m/libg.a(lib_a-strcmp.o)
 .data          0x00000000200008f8        0x0 /usr/lib/gcc/arm-none-eabi/4.8.2/../../../arm-none-eabi/lib/armv7-m/libg.a(lib_a-vfiprintf.o)
 .data          0x00000000200008f8        0x0 /usr/lib/gcc/arm-none-eabi/4.8.2/../../../arm-none-eabi/lib/armv7-m/libg.a(lib_a-writer.o)
 .data          0x00000000200008f8        0x0 /usr/lib/gcc/arm-none-eabi/4.8.2/../../../arm-none-eabi/lib/armv7-m/libg.a(lib_a-callocr.o)
 .data          0x00000000200008f8        0x0 /usr/lib/gcc/arm-none-eabi/4.8.2/../../../arm-none-eabi/lib/armv7-m/libg.a(lib_a-closer.o)
 .data          0x00000000200008f8        0x0 /usr/lib/gcc/arm-none-eabi/4.8.2/../../../arm-none-eabi/lib/armv7-m/libg.a(lib_a-fclose.o)
 .data          0x00000000200008f8        0x0 /usr/lib/gcc/arm-none-eabi/4.8.2/../../../arm-none-eabi/lib/armv7-m/libg.a(lib_a-fputwc.o)
 .data          0x00000000200008f8        0x0 /usr/lib/gcc/arm-none-eabi/4.8.2/../../../arm-none-eabi/lib/armv7-m/libg.a(lib_a-fstatr.o)
 .data          0x00000000200008f8        0x0 /usr/lib/gcc/arm-none-eabi/4.8.2/../../../arm-none-eabi/lib/armv7-m/libg.a(lib_a-isattyr.o)
 .data          0x00000000200008f8        0x0 /usr/lib/gcc/arm-none-eabi/4.8.2/../../../arm-none-eabi/lib/armv7-m/libg.a(lib_a-lseekr.o)
 .data          0x00000000200008f8        0x0 /usr/lib/gcc/arm-none-eabi/4.8.2/../../../arm-none-eabi/lib/armv7-m/libg.a(lib_a-readr.o)
 .data          0x00000000200008f8        0x0 /usr/lib/gcc/arm-none-eabi/4.8.2/../../../arm-none-eabi/lib/armv7-m/libg.a(lib_a-reent.o)
 .data          0x00000000200008f8        0x0 /usr/lib/gcc/arm-none-eabi/4.8.2/../../../arm-none-eabi/lib/armv7-m/libg.a(lib_a-wbuf.o)
 .data          0x00000000200008f8        0x0 /usr/lib/gcc/arm-none-eabi/4.8.2/../../../arm-none-eabi/lib/armv7-m/libg.a(lib_a-wcrtomb.o)
 .data          0x00000000200008f8        0x0 /usr/lib/gcc/arm-none-eabi/4.8.2/../../../arm-none-eabi/lib/armv7-m/libg.a(lib_a-wctomb_r.o)
 .data.__wctomb
                0x00000000200008f8        0x4 /usr/lib/gcc/arm-none-eabi/4.8.2/../../../arm-none-eabi/lib/armv7-m/libg.a(lib_a-wctomb_r.o)
                0x00000000200008f8                __wctomb
 .data          0x00000000200008fc        0x0 /usr/lib/gcc/arm-none-eabi/4.8.2/armv7-m/libgcc.a(_arm_addsubdf3.o)
 .data          0x00000000200008fc        0x0 /usr/lib/gcc/arm-none-eabi/4.8.2/armv7-m/libgcc.a(_arm_muldivdf3.o)
 .data          0x00000000200008fc        0x0 /usr/lib/gcc/arm-none-eabi/4.8.2/armv7-m/libgcc.a(_arm_cmpdf2.o)
 .data          0x00000000200008fc        0x0 /usr/lib/gcc/arm-none-eabi/4.8.2/armv7-m/libgcc.a(_arm_fixdfsi.o)
 .data          0x00000000200008fc        0x0 /usr/lib/gcc/arm-none-eabi/4.8.2/armv7-m/libgcc.a(_aeabi_uldivmod.o)
 .data          0x00000000200008fc        0x0 /usr/lib/gcc/arm-none-eabi/4.8.2/armv7-m/libgcc.a(bpabi.o)
 .data          0x00000000200008fc        0x0 /usr/lib/gcc/arm-none-eabi/4.8.2/armv7-m/libgcc.a(_dvmd_tls.o)
 .data          0x00000000200008fc        0x0 /usr/lib/gcc/arm-none-eabi/4.8.2/armv7-m/libgcc.a(_divdi3.o)
 .data          0x00000000200008fc        0x0 /usr/lib/gcc/arm-none-eabi/4.8.2/armv7-m/libgcc.a(_udivdi3.o)
                0x00000000200008fc                . = ALIGN (0x4)
                0x00000000200008fc                _edata = .

.bss            0x0000000020000900    0x1eccc load address 0x000000000800d820
                0x0000000020000900                . = ALIGN (0x4)
                0x0000000020000900                _sbss = .
                0x0000000020000900                __bss_start__ = .
 *(.bss .bss.*)
 .bss           0x0000000020000900        0x0 /tmp/cc8SCMZU.o
 .bss           0x0000000020000900        0x0 /tmp/ccmq0gqb.o
 .bss           0x0000000020000900        0x0 /tmp/ccf6aV3r.o
 .bss           0x0000000020000900        0x0 /tmp/ccXqE4VI.o
 .bss           0x0000000020000900        0x0 /tmp/ccewRW4Z.o
 .bss           0x0000000020000900        0x0 /tmp/cciNRtqh.o
 .bss           0x0000000020000900        0x0 /tmp/ccbHfsZy.o
 .bss           0x0000000020000900       0x80 /tmp/ccHG3MIQ.o
                0x000000002000096c                pxCurrentCoRoutine
 .bss           0x0000000020000980        0x0 /tmp/cciA8gx8.o
 .bss           0x0000000020000980        0x0 /tmp/cclQzAuq.o
 .bss           0x0000000020000980      0x100 /tmp/ccisHkFI.o
                0x0000000020000980                pxCurrentTCB
 .bss           0x0000000020000a80        0x0 /tmp/ccKufXV0.o
 .bss           0x0000000020000a80    0x10008 /tmp/ccFDWphj.o
 .bss           0x0000000020010a88     0xea28 /tmp/ccOeehRB.o
 .bss           0x000000002001f4b0       0xd4 /tmp/ccVQAlBU.o
                0x000000002001f4b0                __stdout
                0x000000002001f518                __stderr
 .bss           0x000000002001f584        0x1 /tmp/cck4IXtd.o
 .bss           0x000000002001f585        0x0 /tmp/cci0TnCw.o
 .bss           0x000000002001f585        0x0 /usr/lib/gcc/arm-none-eabi/4.8.2/../../../arm-none-eabi/lib/armv7-m/libg.a(lib_a-memcpy.o)
 .bss           0x000000002001f585        0x0 /usr/lib/gcc/arm-none-eabi/4.8.2/../../../arm-none-eabi/lib/armv7-m/libg.a(lib_a-memset.o)
 .bss           0x000000002001f585        0x0 /usr/lib/gcc/arm-none-eabi/4.8.2/../../../arm-none-eabi/lib/armv7-m/libg.a(lib_a-printf.o)
 .bss           0x000000002001f585        0x0 /usr/lib/gcc/arm-none-eabi/4.8.2/../../../arm-none-eabi/lib/armv7-m/libg.a(lib_a-puts.o)
 .bss           0x000000002001f585        0x0 /usr/lib/gcc/arm-none-eabi/4.8.2/../../../arm-none-eabi/lib/armv7-m/libg.a(lib_a-strlen.o)
 .bss           0x000000002001f585        0x0 /usr/lib/gcc/arm-none-eabi/4.8.2/../../../arm-none-eabi/lib/armv7-m/libg.a(lib_a-strncpy.o)
 .bss           0x000000002001f585        0x0 /usr/lib/gcc/arm-none-eabi/4.8.2/../../../arm-none-eabi/lib/armv7-m/libg.a(lib_a-vfprintf.o)
 .bss           0x000000002001f585        0x0 /usr/lib/gcc/arm-none-eabi/4.8.2/../../../arm-none-eabi/lib/armv7-m/libg.a(lib_a-wsetup.o)
 .bss           0x000000002001f585        0x0 /usr/lib/gcc/arm-none-eabi/4.8.2/../../../arm-none-eabi/lib/armv7-m/libg.a(lib_a-dtoa.o)
 .bss           0x000000002001f585        0x0 /usr/lib/gcc/arm-none-eabi/4.8.2/../../../arm-none-eabi/lib/armv7-m/libg.a(lib_a-fflush.o)
 .bss           0x000000002001f585        0x0 /usr/lib/gcc/arm-none-eabi/4.8.2/../../../arm-none-eabi/lib/armv7-m/libg.a(lib_a-findfp.o)
 .bss           0x000000002001f585        0x0 /usr/lib/gcc/arm-none-eabi/4.8.2/../../../arm-none-eabi/lib/armv7-m/libg.a(lib_a-freer.o)
 .bss           0x000000002001f585        0x0 /usr/lib/gcc/arm-none-eabi/4.8.2/../../../arm-none-eabi/lib/armv7-m/libg.a(lib_a-fvwrite.o)
 .bss           0x000000002001f585        0x0 /usr/lib/gcc/arm-none-eabi/4.8.2/../../../arm-none-eabi/lib/armv7-m/libg.a(lib_a-fwalk.o)
 .bss           0x000000002001f585        0x0 /usr/lib/gcc/arm-none-eabi/4.8.2/../../../arm-none-eabi/lib/armv7-m/libg.a(lib_a-impure.o)
 .bss           0x000000002001f585        0x0 /usr/lib/gcc/arm-none-eabi/4.8.2/../../../arm-none-eabi/lib/armv7-m/libg.a(lib_a-locale.o)
 *fill*         0x000000002001f585        0x3 
 .bss._PathLocale
                0x000000002001f588        0x4 /usr/lib/gcc/arm-none-eabi/4.8.2/../../../arm-none-eabi/lib/armv7-m/libg.a(lib_a-locale.o)
                0x000000002001f588                _PathLocale
 .bss.__nlocale_changed
                0x000000002001f58c        0x4 /usr/lib/gcc/arm-none-eabi/4.8.2/../../../arm-none-eabi/lib/armv7-m/libg.a(lib_a-locale.o)
                0x000000002001f58c                __nlocale_changed
 .bss.__mlocale_changed
                0x000000002001f590        0x4 /usr/lib/gcc/arm-none-eabi/4.8.2/../../../arm-none-eabi/lib/armv7-m/libg.a(lib_a-locale.o)
                0x000000002001f590                __mlocale_changed
 .bss           0x000000002001f594        0x0 /usr/lib/gcc/arm-none-eabi/4.8.2/../../../arm-none-eabi/lib/armv7-m/libg.a(lib_a-makebuf.o)
 .bss           0x000000002001f594        0x0 /usr/lib/gcc/arm-none-eabi/4.8.2/../../../arm-none-eabi/lib/armv7-m/libg.a(lib_a-mallocr.o)
 .bss.__malloc_max_total_mem
                0x000000002001f594        0x4 /usr/lib/gcc/arm-none-eabi/4.8.2/../../../arm-none-eabi/lib/armv7-m/libg.a(lib_a-mallocr.o)
                0x000000002001f594                __malloc_max_total_mem
 .bss.__malloc_max_sbrked_mem
                0x000000002001f598        0x4 /usr/lib/gcc/arm-none-eabi/4.8.2/../../../arm-none-eabi/lib/armv7-m/libg.a(lib_a-mallocr.o)
                0x000000002001f598                __malloc_max_sbrked_mem
 .bss.__malloc_top_pad
                0x000000002001f59c        0x4 /usr/lib/gcc/arm-none-eabi/4.8.2/../../../arm-none-eabi/lib/armv7-m/libg.a(lib_a-mallocr.o)
                0x000000002001f59c                __malloc_top_pad
 .bss.__malloc_current_mallinfo
                0x000000002001f5a0       0x28 /usr/lib/gcc/arm-none-eabi/4.8.2/../../../arm-none-eabi/lib/armv7-m/libg.a(lib_a-mallocr.o)
                0x000000002001f5a0                __malloc_current_mallinfo
 .bss           0x000000002001f5c8        0x0 /usr/lib/gcc/arm-none-eabi/4.8.2/../../../arm-none-eabi/lib/armv7-m/libg.a(lib_a-memchr-stub.o)
 .bss           0x000000002001f5c8        0x0 /usr/lib/gcc/arm-none-eabi/4.8.2/../../../arm-none-eabi/lib/armv7-m/libg.a(lib_a-memmove.o)
 .bss           0x000000002001f5c8        0x0 /usr/lib/gcc/arm-none-eabi/4.8.2/../../../arm-none-eabi/lib/armv7-m/libg.a(lib_a-mlock.o)
 .bss           0x000000002001f5c8        0x0 /usr/lib/gcc/arm-none-eabi/4.8.2/../../../arm-none-eabi/lib/armv7-m/libg.a(lib_a-mprec.o)
 .bss           0x000000002001f5c8        0x0 /usr/lib/gcc/arm-none-eabi/4.8.2/../../../arm-none-eabi/lib/armv7-m/libg.a(lib_a-reallocr.o)
 .bss           0x000000002001f5c8        0x0 /usr/lib/gcc/arm-none-eabi/4.8.2/../../../arm-none-eabi/lib/armv7-m/libg.a(lib_a-s_fpclassify.o)
 .bss           0x000000002001f5c8        0x0 /usr/lib/gcc/arm-none-eabi/4.8.2/../../../arm-none-eabi/lib/armv7-m/libg.a(lib_a-sbrkr.o)
 .bss           0x000000002001f5c8        0x0 /usr/lib/gcc/arm-none-eabi/4.8.2/../../../arm-none-eabi/lib/armv7-m/libg.a(lib_a-stdio.o)
 .bss           0x000000002001f5c8        0x0 /usr/lib/gcc/arm-none-eabi/4.8.2/../../../arm-none-eabi/lib/armv7-m/libg.a(lib_a-strcmp.o)
 .bss           0x000000002001f5c8        0x0 /usr/lib/gcc/arm-none-eabi/4.8.2/../../../arm-none-eabi/lib/armv7-m/libg.a(lib_a-vfiprintf.o)
 .bss           0x000000002001f5c8        0x0 /usr/lib/gcc/arm-none-eabi/4.8.2/../../../arm-none-eabi/lib/armv7-m/libg.a(lib_a-writer.o)
 .bss           0x000000002001f5c8        0x0 /usr/lib/gcc/arm-none-eabi/4.8.2/../../../arm-none-eabi/lib/armv7-m/libg.a(lib_a-callocr.o)
 .bss           0x000000002001f5c8        0x0 /usr/lib/gcc/arm-none-eabi/4.8.2/../../../arm-none-eabi/lib/armv7-m/libg.a(lib_a-closer.o)
 .bss           0x000000002001f5c8        0x0 /usr/lib/gcc/arm-none-eabi/4.8.2/../../../arm-none-eabi/lib/armv7-m/libg.a(lib_a-fclose.o)
 .bss           0x000000002001f5c8        0x0 /usr/lib/gcc/arm-none-eabi/4.8.2/../../../arm-none-eabi/lib/armv7-m/libg.a(lib_a-fputwc.o)
 .bss           0x000000002001f5c8        0x0 /usr/lib/gcc/arm-none-eabi/4.8.2/../../../arm-none-eabi/lib/armv7-m/libg.a(lib_a-fstatr.o)
 .bss           0x000000002001f5c8        0x0 /usr/lib/gcc/arm-none-eabi/4.8.2/../../../arm-none-eabi/lib/armv7-m/libg.a(lib_a-isattyr.o)
 .bss           0x000000002001f5c8        0x0 /usr/lib/gcc/arm-none-eabi/4.8.2/../../../arm-none-eabi/lib/armv7-m/libg.a(lib_a-lseekr.o)
 .bss           0x000000002001f5c8        0x0 /usr/lib/gcc/arm-none-eabi/4.8.2/../../../arm-none-eabi/lib/armv7-m/libg.a(lib_a-readr.o)
 .bss           0x000000002001f5c8        0x0 /usr/lib/gcc/arm-none-eabi/4.8.2/../../../arm-none-eabi/lib/armv7-m/libg.a(lib_a-reent.o)
 .bss           0x000000002001f5c8        0x0 /usr/lib/gcc/arm-none-eabi/4.8.2/../../../arm-none-eabi/lib/armv7-m/libg.a(lib_a-wbuf.o)
 .bss           0x000000002001f5c8        0x0 /usr/lib/gcc/arm-none-eabi/4.8.2/../../../arm-none-eabi/lib/armv7-m/libg.a(lib_a-wcrtomb.o)
 .bss           0x000000002001f5c8        0x0 /usr/lib/gcc/arm-none-eabi/4.8.2/../../../arm-none-eabi/lib/armv7-m/libg.a(lib_a-wctomb_r.o)
 .bss           0x000000002001f5c8        0x0 /usr/lib/gcc/arm-none-eabi/4.8.2/armv7-m/libgcc.a(_arm_addsubdf3.o)
 .bss           0x000000002001f5c8        0x0 /usr/lib/gcc/arm-none-eabi/4.8.2/armv7-m/libgcc.a(_arm_muldivdf3.o)
 .bss           0x000000002001f5c8        0x0 /usr/lib/gcc/arm-none-eabi/4.8.2/armv7-m/libgcc.a(_arm_cmpdf2.o)
 .bss           0x000000002001f5c8        0x0 /usr/lib/gcc/arm-none-eabi/4.8.2/armv7-m/libgcc.a(_arm_fixdfsi.o)
 .bss           0x000000002001f5c8        0x0 /usr/lib/gcc/arm-none-eabi/4.8.2/armv7-m/libgcc.a(_aeabi_uldivmod.o)
 .bss           0x000000002001f5c8        0x0 /usr/lib/gcc/arm-none-eabi/4.8.2/armv7-m/libgcc.a(bpabi.o)
 .bss           0x000000002001f5c8        0x0 /usr/lib/gcc/arm-none-eabi/4.8.2/armv7-m/libgcc.a(_dvmd_tls.o)
 .bss           0x000000002001f5c8        0x0 /usr/lib/gcc/arm-none-eabi/4.8.2/armv7-m/libgcc.a(_divdi3.o)
 .bss           0x000000002001f5c8        0x0 /usr/lib/gcc/arm-none-eabi/4.8.2/armv7-m/libgcc.a(_udivdi3.o)
 *(COMMON)
 COMMON         0x000000002001f5c8        0x4 /usr/lib/gcc/arm-none-eabi/4.8.2/../../../arm-none-eabi/lib/armv7-m/libg.a(lib_a-reent.o)
                0x000000002001f5c8                errno
                0x000000002001f5cc                . = ALIGN (0x4)
                0x000000002001f5cc                _ebss = .
                0x000000002001f5cc                __bss_end__ = .
                0x0000000020030000                _estack = (ORIGIN (sram) + 0x30000)
                0x000000002001f5cc                . = ALIGN (0x4)
                0x000000002001f5cc                _end = .
LOAD /tmp/cc8SCMZU.o
LOAD /tmp/ccmq0gqb.o
LOAD /tmp/ccf6aV3r.o
LOAD /tmp/ccXqE4VI.o
LOAD /tmp/ccewRW4Z.o
LOAD /tmp/cciNRtqh.o
LOAD /tmp/ccbHfsZy.o
LOAD /tmp/ccHG3MIQ.o
LOAD /tmp/cciA8gx8.o
LOAD /tmp/cclQzAuq.o
LOAD /tmp/ccisHkFI.o
LOAD /tmp/ccKufXV0.o
LOAD /tmp/ccFDWphj.o
LOAD /tmp/ccOeehRB.o
LOAD /tmp/ccVQAlBU.o
LOAD /tmp/cck4IXtd.o
LOAD /tmp/cci0TnCw.o
START GROUP
LOAD /usr/lib/gcc/arm-none-eabi/4.8.2/armv7-m/libgcc.a
LOAD /usr/lib/gcc/arm-none-eabi/4.8.2/../../../arm-none-eabi/lib/armv7-m/libg.a
LOAD /usr/lib/gcc/arm-none-eabi/4.8.2/../../../arm-none-eabi/lib/armv7-m/libc.a
END GROUP
OUTPUT(main.elf elf32-littlearm)

.debug_info     0x0000000000000000    0x21ad1
 .debug_info    0x0000000000000000      0x654 /tmp/cc8SCMZU.o
 .debug_info    0x0000000000000654       0xb1 /tmp/ccmq0gqb.o
 .debug_info    0x0000000000000705      0xdc4 /tmp/ccf6aV3r.o
 .debug_info    0x00000000000014c9      0x673 /tmp/ccXqE4VI.o
 .debug_info    0x0000000000001b3c      0xa95 /tmp/ccewRW4Z.o
 .debug_info    0x00000000000025d1      0x38d /tmp/cciNRtqh.o
 .debug_info    0x000000000000295e      0x5b7 /tmp/ccbHfsZy.o
 .debug_info    0x0000000000002f15      0x4b6 /tmp/ccHG3MIQ.o
 .debug_info    0x00000000000033cb      0x2b6 /tmp/cciA8gx8.o
 .debug_info    0x0000000000003681      0x825 /tmp/cclQzAuq.o
 .debug_info    0x0000000000003ea6      0xd93 /tmp/ccisHkFI.o
 .debug_info    0x0000000000004c39      0x1ed /tmp/ccKufXV0.o
 .debug_info    0x0000000000004e26      0x183 /tmp/ccFDWphj.o
 .debug_info    0x0000000000004fa9     0x1890 /tmp/ccOeehRB.o
 .debug_info    0x0000000000006839      0xde7 /tmp/ccVQAlBU.o
 .debug_info    0x0000000000007620      0x50f /tmp/cck4IXtd.o
 .debug_info    0x0000000000007b2f      0x4ea /tmp/cci0TnCw.o
 .debug_info    0x0000000000008019       0xb2 /usr/lib/gcc/arm-none-eabi/4.8.2/../../../arm-none-eabi/lib/armv7-m/libg.a(lib_a-memcpy.o)
 .debug_info    0x00000000000080cb      0x117 /usr/lib/gcc/arm-none-eabi/4.8.2/../../../arm-none-eabi/lib/armv7-m/libg.a(lib_a-memset.o)
 .debug_info    0x00000000000081e2      0x9ab /usr/lib/gcc/arm-none-eabi/4.8.2/../../../arm-none-eabi/lib/armv7-m/libg.a(lib_a-printf.o)
 .debug_info    0x0000000000008b8d      0xa16 /usr/lib/gcc/arm-none-eabi/4.8.2/../../../arm-none-eabi/lib/armv7-m/libg.a(lib_a-puts.o)
 .debug_info    0x00000000000095a3       0xb5 /usr/lib/gcc/arm-none-eabi/4.8.2/../../../arm-none-eabi/lib/armv7-m/libg.a(lib_a-strlen.o)
 .debug_info    0x0000000000009658      0x128 /usr/lib/gcc/arm-none-eabi/4.8.2/../../../arm-none-eabi/lib/armv7-m/libg.a(lib_a-strncpy.o)
 .debug_info    0x0000000000009780     0x185a /usr/lib/gcc/arm-none-eabi/4.8.2/../../../arm-none-eabi/lib/armv7-m/libg.a(lib_a-vfprintf.o)
 .debug_info    0x000000000000afda      0x93b /usr/lib/gcc/arm-none-eabi/4.8.2/../../../arm-none-eabi/lib/armv7-m/libg.a(lib_a-wsetup.o)
 .debug_info    0x000000000000b915     0x1321 /usr/lib/gcc/arm-none-eabi/4.8.2/../../../arm-none-eabi/lib/armv7-m/libg.a(lib_a-dtoa.o)
 .debug_info    0x000000000000cc36      0xaba /usr/lib/gcc/arm-none-eabi/4.8.2/../../../arm-none-eabi/lib/armv7-m/libg.a(lib_a-fflush.o)
 .debug_info    0x000000000000d6f0      0xd35 /usr/lib/gcc/arm-none-eabi/4.8.2/../../../arm-none-eabi/lib/armv7-m/libg.a(lib_a-findfp.o)
 .debug_info    0x000000000000e425      0xc1c /usr/lib/gcc/arm-none-eabi/4.8.2/../../../arm-none-eabi/lib/armv7-m/libg.a(lib_a-freer.o)
 .debug_info    0x000000000000f041      0xc53 /usr/lib/gcc/arm-none-eabi/4.8.2/../../../arm-none-eabi/lib/armv7-m/libg.a(lib_a-fvwrite.o)
 .debug_info    0x000000000000fc94      0x99c /usr/lib/gcc/arm-none-eabi/4.8.2/../../../arm-none-eabi/lib/armv7-m/libg.a(lib_a-fwalk.o)
 .debug_info    0x0000000000010630      0x894 /usr/lib/gcc/arm-none-eabi/4.8.2/../../../arm-none-eabi/lib/armv7-m/libg.a(lib_a-impure.o)
 .debug_info    0x0000000000010ec4      0xbe5 /usr/lib/gcc/arm-none-eabi/4.8.2/../../../arm-none-eabi/lib/armv7-m/libg.a(lib_a-locale.o)
 .debug_info    0x0000000000011aa9      0xae6 /usr/lib/gcc/arm-none-eabi/4.8.2/../../../arm-none-eabi/lib/armv7-m/libg.a(lib_a-makebuf.o)
 .debug_info    0x000000000001258f      0xd7b /usr/lib/gcc/arm-none-eabi/4.8.2/../../../arm-none-eabi/lib/armv7-m/libg.a(lib_a-mallocr.o)
 .debug_info    0x000000000001330a      0x129 /usr/lib/gcc/arm-none-eabi/4.8.2/../../../arm-none-eabi/lib/armv7-m/libg.a(lib_a-memchr-stub.o)
 .debug_info    0x0000000000013433      0x131 /usr/lib/gcc/arm-none-eabi/4.8.2/../../../arm-none-eabi/lib/armv7-m/libg.a(lib_a-memmove.o)
 .debug_info    0x0000000000013564      0x8b4 /usr/lib/gcc/arm-none-eabi/4.8.2/../../../arm-none-eabi/lib/armv7-m/libg.a(lib_a-mlock.o)
 .debug_info    0x0000000000013e18     0x1675 /usr/lib/gcc/arm-none-eabi/4.8.2/../../../arm-none-eabi/lib/armv7-m/libg.a(lib_a-mprec.o)
 .debug_info    0x000000000001548d      0xcbb /usr/lib/gcc/arm-none-eabi/4.8.2/../../../arm-none-eabi/lib/armv7-m/libg.a(lib_a-reallocr.o)
 .debug_info    0x0000000000016148       0xdb /usr/lib/gcc/arm-none-eabi/4.8.2/../../../arm-none-eabi/lib/armv7-m/libg.a(lib_a-s_fpclassify.o)
 .debug_info    0x0000000000016223      0x8f4 /usr/lib/gcc/arm-none-eabi/4.8.2/../../../arm-none-eabi/lib/armv7-m/libg.a(lib_a-sbrkr.o)
 .debug_info    0x0000000000016b17      0xb8a /usr/lib/gcc/arm-none-eabi/4.8.2/../../../arm-none-eabi/lib/armv7-m/libg.a(lib_a-stdio.o)
 .debug_info    0x00000000000176a1       0xab /usr/lib/gcc/arm-none-eabi/4.8.2/../../../arm-none-eabi/lib/armv7-m/libg.a(lib_a-strcmp.o)
 .debug_info    0x000000000001774c     0x153c /usr/lib/gcc/arm-none-eabi/4.8.2/../../../arm-none-eabi/lib/armv7-m/libg.a(lib_a-vfiprintf.o)
 .debug_info    0x0000000000018c88      0x929 /usr/lib/gcc/arm-none-eabi/4.8.2/../../../arm-none-eabi/lib/armv7-m/libg.a(lib_a-writer.o)
 .debug_info    0x00000000000195b1      0x9e0 /usr/lib/gcc/arm-none-eabi/4.8.2/../../../arm-none-eabi/lib/armv7-m/libg.a(lib_a-callocr.o)
 .debug_info    0x0000000000019f91      0x8e0 /usr/lib/gcc/arm-none-eabi/4.8.2/../../../arm-none-eabi/lib/armv7-m/libg.a(lib_a-closer.o)
 .debug_info    0x000000000001a871      0x9e5 /usr/lib/gcc/arm-none-eabi/4.8.2/../../../arm-none-eabi/lib/armv7-m/libg.a(lib_a-fclose.o)
 .debug_info    0x000000000001b256      0xac7 /usr/lib/gcc/arm-none-eabi/4.8.2/../../../arm-none-eabi/lib/armv7-m/libg.a(lib_a-fputwc.o)
 .debug_info    0x000000000001bd1d      0xa5e /usr/lib/gcc/arm-none-eabi/4.8.2/../../../arm-none-eabi/lib/armv7-m/libg.a(lib_a-fstatr.o)
 .debug_info    0x000000000001c77b      0x8e0 /usr/lib/gcc/arm-none-eabi/4.8.2/../../../arm-none-eabi/lib/armv7-m/libg.a(lib_a-isattyr.o)
 .debug_info    0x000000000001d05b      0x90c /usr/lib/gcc/arm-none-eabi/4.8.2/../../../arm-none-eabi/lib/armv7-m/libg.a(lib_a-lseekr.o)
 .debug_info    0x000000000001d967      0x922 /usr/lib/gcc/arm-none-eabi/4.8.2/../../../arm-none-eabi/lib/armv7-m/libg.a(lib_a-readr.o)
 .debug_info    0x000000000001e289      0x9fb /usr/lib/gcc/arm-none-eabi/4.8.2/../../../arm-none-eabi/lib/armv7-m/libg.a(lib_a-reent.o)
 .debug_info    0x000000000001ec84      0x9cc /usr/lib/gcc/arm-none-eabi/4.8.2/../../../arm-none-eabi/lib/armv7-m/libg.a(lib_a-wbuf.o)
 .debug_info    0x000000000001f650      0xa75 /usr/lib/gcc/arm-none-eabi/4.8.2/../../../arm-none-eabi/lib/armv7-m/libg.a(lib_a-wcrtomb.o)
 .debug_info    0x00000000000200c5      0x9b5 /usr/lib/gcc/arm-none-eabi/4.8.2/../../../arm-none-eabi/lib/armv7-m/libg.a(lib_a-wctomb_r.o)
 .debug_info    0x0000000000020a7a       0xa0 /usr/lib/gcc/arm-none-eabi/4.8.2/armv7-m/libgcc.a(_arm_addsubdf3.o)
 .debug_info    0x0000000000020b1a       0xa0 /usr/lib/gcc/arm-none-eabi/4.8.2/armv7-m/libgcc.a(_arm_muldivdf3.o)
 .debug_info    0x0000000000020bba       0xa0 /usr/lib/gcc/arm-none-eabi/4.8.2/armv7-m/libgcc.a(_arm_cmpdf2.o)
 .debug_info    0x0000000000020c5a       0xa0 /usr/lib/gcc/arm-none-eabi/4.8.2/armv7-m/libgcc.a(_arm_fixdfsi.o)
 .debug_info    0x0000000000020cfa       0x9b /usr/lib/gcc/arm-none-eabi/4.8.2/armv7-m/libgcc.a(_aeabi_uldivmod.o)
 .debug_info    0x0000000000020d95      0x164 /usr/lib/gcc/arm-none-eabi/4.8.2/armv7-m/libgcc.a(bpabi.o)
 .debug_info    0x0000000000020ef9       0x9f /usr/lib/gcc/arm-none-eabi/4.8.2/armv7-m/libgcc.a(_dvmd_tls.o)
 .debug_info    0x0000000000020f98      0x5bd /usr/lib/gcc/arm-none-eabi/4.8.2/armv7-m/libgcc.a(_divdi3.o)
 .debug_info    0x0000000000021555      0x57c /usr/lib/gcc/arm-none-eabi/4.8.2/armv7-m/libgcc.a(_udivdi3.o)

.debug_abbrev   0x0000000000000000     0x6cb8
 .debug_abbrev  0x0000000000000000      0x13b /tmp/cc8SCMZU.o
 .debug_abbrev  0x000000000000013b       0x12 /tmp/ccmq0gqb.o
 .debug_abbrev  0x000000000000014d      0x1e8 /tmp/ccf6aV3r.o
 .debug_abbrev  0x0000000000000335      0x1a8 /tmp/ccXqE4VI.o
 .debug_abbrev  0x00000000000004dd      0x15a /tmp/ccewRW4Z.o
 .debug_abbrev  0x0000000000000637      0x1aa /tmp/cciNRtqh.o
 .debug_abbrev  0x00000000000007e1      0x12c /tmp/ccbHfsZy.o
 .debug_abbrev  0x000000000000090d      0x18a /tmp/ccHG3MIQ.o
 .debug_abbrev  0x0000000000000a97       0xbf /tmp/cciA8gx8.o
 .debug_abbrev  0x0000000000000b56      0x137 /tmp/cclQzAuq.o
 .debug_abbrev  0x0000000000000c8d      0x1d2 /tmp/ccisHkFI.o
 .debug_abbrev  0x0000000000000e5f      0x14b /tmp/ccKufXV0.o
 .debug_abbrev  0x0000000000000faa      0x10b /tmp/ccFDWphj.o
 .debug_abbrev  0x00000000000010b5      0x290 /tmp/ccOeehRB.o
 .debug_abbrev  0x0000000000001345      0x207 /tmp/ccVQAlBU.o
 .debug_abbrev  0x000000000000154c      0x112 /tmp/cck4IXtd.o
 .debug_abbrev  0x000000000000165e      0x112 /tmp/cci0TnCw.o
 .debug_abbrev  0x0000000000001770       0x14 /usr/lib/gcc/arm-none-eabi/4.8.2/../../../arm-none-eabi/lib/armv7-m/libg.a(lib_a-memcpy.o)
 .debug_abbrev  0x0000000000001784       0x9f /usr/lib/gcc/arm-none-eabi/4.8.2/../../../arm-none-eabi/lib/armv7-m/libg.a(lib_a-memset.o)
 .debug_abbrev  0x0000000000001823      0x227 /usr/lib/gcc/arm-none-eabi/4.8.2/../../../arm-none-eabi/lib/armv7-m/libg.a(lib_a-printf.o)
 .debug_abbrev  0x0000000000001a4a      0x235 /usr/lib/gcc/arm-none-eabi/4.8.2/../../../arm-none-eabi/lib/armv7-m/libg.a(lib_a-puts.o)
 .debug_abbrev  0x0000000000001c7f       0x70 /usr/lib/gcc/arm-none-eabi/4.8.2/../../../arm-none-eabi/lib/armv7-m/libg.a(lib_a-strlen.o)
 .debug_abbrev  0x0000000000001cef       0x9f /usr/lib/gcc/arm-none-eabi/4.8.2/../../../arm-none-eabi/lib/armv7-m/libg.a(lib_a-strncpy.o)
 .debug_abbrev  0x0000000000001d8e      0x3cd /usr/lib/gcc/arm-none-eabi/4.8.2/../../../arm-none-eabi/lib/armv7-m/libg.a(lib_a-vfprintf.o)
 .debug_abbrev  0x000000000000215b      0x20b /usr/lib/gcc/arm-none-eabi/4.8.2/../../../arm-none-eabi/lib/armv7-m/libg.a(lib_a-wsetup.o)
 .debug_abbrev  0x0000000000002366      0x2bc /usr/lib/gcc/arm-none-eabi/4.8.2/../../../arm-none-eabi/lib/armv7-m/libg.a(lib_a-dtoa.o)
 .debug_abbrev  0x0000000000002622      0x28e /usr/lib/gcc/arm-none-eabi/4.8.2/../../../arm-none-eabi/lib/armv7-m/libg.a(lib_a-fflush.o)
 .debug_abbrev  0x00000000000028b0      0x351 /usr/lib/gcc/arm-none-eabi/4.8.2/../../../arm-none-eabi/lib/armv7-m/libg.a(lib_a-findfp.o)
 .debug_abbrev  0x0000000000002c01      0x27b /usr/lib/gcc/arm-none-eabi/4.8.2/../../../arm-none-eabi/lib/armv7-m/libg.a(lib_a-freer.o)
 .debug_abbrev  0x0000000000002e7c      0x24a /usr/lib/gcc/arm-none-eabi/4.8.2/../../../arm-none-eabi/lib/armv7-m/libg.a(lib_a-fvwrite.o)
 .debug_abbrev  0x00000000000030c6      0x1d1 /usr/lib/gcc/arm-none-eabi/4.8.2/../../../arm-none-eabi/lib/armv7-m/libg.a(lib_a-fwalk.o)
 .debug_abbrev  0x0000000000003297      0x180 /usr/lib/gcc/arm-none-eabi/4.8.2/../../../arm-none-eabi/lib/armv7-m/libg.a(lib_a-impure.o)
 .debug_abbrev  0x0000000000003417      0x2a3 /usr/lib/gcc/arm-none-eabi/4.8.2/../../../arm-none-eabi/lib/armv7-m/libg.a(lib_a-locale.o)
 .debug_abbrev  0x00000000000036ba      0x206 /usr/lib/gcc/arm-none-eabi/4.8.2/../../../arm-none-eabi/lib/armv7-m/libg.a(lib_a-makebuf.o)
 .debug_abbrev  0x00000000000038c0      0x2a2 /usr/lib/gcc/arm-none-eabi/4.8.2/../../../arm-none-eabi/lib/armv7-m/libg.a(lib_a-mallocr.o)
 .debug_abbrev  0x0000000000003b62       0xba /usr/lib/gcc/arm-none-eabi/4.8.2/../../../arm-none-eabi/lib/armv7-m/libg.a(lib_a-memchr-stub.o)
 .debug_abbrev  0x0000000000003c1c       0xab /usr/lib/gcc/arm-none-eabi/4.8.2/../../../arm-none-eabi/lib/armv7-m/libg.a(lib_a-memmove.o)
 .debug_abbrev  0x0000000000003cc7      0x19a /usr/lib/gcc/arm-none-eabi/4.8.2/../../../arm-none-eabi/lib/armv7-m/libg.a(lib_a-mlock.o)
 .debug_abbrev  0x0000000000003e61      0x39d /usr/lib/gcc/arm-none-eabi/4.8.2/../../../arm-none-eabi/lib/armv7-m/libg.a(lib_a-mprec.o)
 .debug_abbrev  0x00000000000041fe      0x26b /usr/lib/gcc/arm-none-eabi/4.8.2/../../../arm-none-eabi/lib/armv7-m/libg.a(lib_a-reallocr.o)
 .debug_abbrev  0x0000000000004469       0x6f /usr/lib/gcc/arm-none-eabi/4.8.2/../../../arm-none-eabi/lib/armv7-m/libg.a(lib_a-s_fpclassify.o)
 .debug_abbrev  0x00000000000044d8      0x1fd /usr/lib/gcc/arm-none-eabi/4.8.2/../../../arm-none-eabi/lib/armv7-m/libg.a(lib_a-sbrkr.o)
 .debug_abbrev  0x00000000000046d5      0x246 /usr/lib/gcc/arm-none-eabi/4.8.2/../../../arm-none-eabi/lib/armv7-m/libg.a(lib_a-stdio.o)
 .debug_abbrev  0x000000000000491b       0x14 /usr/lib/gcc/arm-none-eabi/4.8.2/../../../arm-none-eabi/lib/armv7-m/libg.a(lib_a-strcmp.o)
 .debug_abbrev  0x000000000000492f      0x3cb /usr/lib/gcc/arm-none-eabi/4.8.2/../../../arm-none-eabi/lib/armv7-m/libg.a(lib_a-vfiprintf.o)
 .debug_abbrev  0x0000000000004cfa      0x1f4 /usr/lib/gcc/arm-none-eabi/4.8.2/../../../arm-none-eabi/lib/armv7-m/libg.a(lib_a-writer.o)
 .debug_abbrev  0x0000000000004eee      0x213 /usr/lib/gcc/arm-none-eabi/4.8.2/../../../arm-none-eabi/lib/armv7-m/libg.a(lib_a-callocr.o)
 .debug_abbrev  0x0000000000005101      0x1ef /usr/lib/gcc/arm-none-eabi/4.8.2/../../../arm-none-eabi/lib/armv7-m/libg.a(lib_a-closer.o)
 .debug_abbrev  0x00000000000052f0      0x273 /usr/lib/gcc/arm-none-eabi/4.8.2/../../../arm-none-eabi/lib/armv7-m/libg.a(lib_a-fclose.o)
 .debug_abbrev  0x0000000000005563      0x2ac /usr/lib/gcc/arm-none-eabi/4.8.2/../../../arm-none-eabi/lib/armv7-m/libg.a(lib_a-fputwc.o)
 .debug_abbrev  0x000000000000580f      0x1fe /usr/lib/gcc/arm-none-eabi/4.8.2/../../../arm-none-eabi/lib/armv7-m/libg.a(lib_a-fstatr.o)
 .debug_abbrev  0x0000000000005a0d      0x1ef /usr/lib/gcc/arm-none-eabi/4.8.2/../../../arm-none-eabi/lib/armv7-m/libg.a(lib_a-isattyr.o)
 .debug_abbrev  0x0000000000005bfc      0x1fe /usr/lib/gcc/arm-none-eabi/4.8.2/../../../arm-none-eabi/lib/armv7-m/libg.a(lib_a-lseekr.o)
 .debug_abbrev  0x0000000000005dfa      0x1ef /usr/lib/gcc/arm-none-eabi/4.8.2/../../../arm-none-eabi/lib/armv7-m/libg.a(lib_a-readr.o)
 .debug_abbrev  0x0000000000005fe9      0x258 /usr/lib/gcc/arm-none-eabi/4.8.2/../../../arm-none-eabi/lib/armv7-m/libg.a(lib_a-reent.o)
 .debug_abbrev  0x0000000000006241      0x25b /usr/lib/gcc/arm-none-eabi/4.8.2/../../../arm-none-eabi/lib/armv7-m/libg.a(lib_a-wbuf.o)
 .debug_abbrev  0x000000000000649c      0x222 /usr/lib/gcc/arm-none-eabi/4.8.2/../../../arm-none-eabi/lib/armv7-m/libg.a(lib_a-wcrtomb.o)
 .debug_abbrev  0x00000000000066be      0x212 /usr/lib/gcc/arm-none-eabi/4.8.2/../../../arm-none-eabi/lib/armv7-m/libg.a(lib_a-wctomb_r.o)
 .debug_abbrev  0x00000000000068d0       0x14 /usr/lib/gcc/arm-none-eabi/4.8.2/armv7-m/libgcc.a(_arm_addsubdf3.o)
 .debug_abbrev  0x00000000000068e4       0x14 /usr/lib/gcc/arm-none-eabi/4.8.2/armv7-m/libgcc.a(_arm_muldivdf3.o)
 .debug_abbrev  0x00000000000068f8       0x14 /usr/lib/gcc/arm-none-eabi/4.8.2/armv7-m/libgcc.a(_arm_cmpdf2.o)
 .debug_abbrev  0x000000000000690c       0x14 /usr/lib/gcc/arm-none-eabi/4.8.2/armv7-m/libgcc.a(_arm_fixdfsi.o)
 .debug_abbrev  0x0000000000006920       0x14 /usr/lib/gcc/arm-none-eabi/4.8.2/armv7-m/libgcc.a(_aeabi_uldivmod.o)
 .debug_abbrev  0x0000000000006934       0xb7 /usr/lib/gcc/arm-none-eabi/4.8.2/armv7-m/libgcc.a(bpabi.o)
 .debug_abbrev  0x00000000000069eb       0x14 /usr/lib/gcc/arm-none-eabi/4.8.2/armv7-m/libgcc.a(_dvmd_tls.o)
 .debug_abbrev  0x00000000000069ff      0x165 /usr/lib/gcc/arm-none-eabi/4.8.2/armv7-m/libgcc.a(_divdi3.o)
 .debug_abbrev  0x0000000000006b64      0x154 /usr/lib/gcc/arm-none-eabi/4.8.2/armv7-m/libgcc.a(_udivdi3.o)

.debug_loc      0x0000000000000000    0x11963
 .debug_loc     0x0000000000000000       0x9c /tmp/cc8SCMZU.o
 .debug_loc     0x000000000000009c      0x9b4 /tmp/ccf6aV3r.o
 .debug_loc     0x0000000000000a50      0x310 /tmp/ccXqE4VI.o
 .debug_loc     0x0000000000000d60      0x658 /tmp/ccewRW4Z.o
 .debug_loc     0x00000000000013b8      0x1b4 /tmp/cciNRtqh.o
 .debug_loc     0x000000000000156c      0x118 /tmp/ccbHfsZy.o