Archive member included because of file (symbol)

/usr/lib/gcc/arm-none-eabi/4.8.2/../../../arm-none-eabi/lib/armv7-m/libg.a(lib_a-memcpy.o)
                              /tmp/ccpMEZrj.o (memcpy)
/usr/lib/gcc/arm-none-eabi/4.8.2/../../../arm-none-eabi/lib/armv7-m/libg.a(lib_a-memset.o)
                              /tmp/ccDpwsV1.o (memset)
/usr/lib/gcc/arm-none-eabi/4.8.2/../../../arm-none-eabi/lib/armv7-m/libg.a(lib_a-printf.o)
                              /tmp/cca9u60b.o (printf)
/usr/lib/gcc/arm-none-eabi/4.8.2/../../../arm-none-eabi/lib/armv7-m/libg.a(lib_a-puts.o)
                              /tmp/cca9u60b.o (puts)
/usr/lib/gcc/arm-none-eabi/4.8.2/../../../arm-none-eabi/lib/armv7-m/libg.a(lib_a-strlen.o)
                              /usr/lib/gcc/arm-none-eabi/4.8.2/../../../arm-none-eabi/lib/armv7-m/libg.a(lib_a-puts.o) (strlen)
/usr/lib/gcc/arm-none-eabi/4.8.2/../../../arm-none-eabi/lib/armv7-m/libg.a(lib_a-strncpy.o)
                              /tmp/ccDpwsV1.o (strncpy)
/usr/lib/gcc/arm-none-eabi/4.8.2/../../../arm-none-eabi/lib/armv7-m/libg.a(lib_a-vfprintf.o)
                              /usr/lib/gcc/arm-none-eabi/4.8.2/../../../arm-none-eabi/lib/armv7-m/libg.a(lib_a-printf.o) (_vfprintf_r)
/usr/lib/gcc/arm-none-eabi/4.8.2/../../../arm-none-eabi/lib/armv7-m/libg.a(lib_a-wsetup.o)
                              /usr/lib/gcc/arm-none-eabi/4.8.2/../../../arm-none-eabi/lib/armv7-m/libg.a(lib_a-vfprintf.o) (__swsetup_r)
/usr/lib/gcc/arm-none-eabi/4.8.2/../../../arm-none-eabi/lib/armv7-m/libg.a(lib_a-dtoa.o)
                              /usr/lib/gcc/arm-none-eabi/4.8.2/../../../arm-none-eabi/lib/armv7-m/libg.a(lib_a-vfprintf.o) (_dtoa_r)
/usr/lib/gcc/arm-none-eabi/4.8.2/../../../arm-none-eabi/lib/armv7-m/libg.a(lib_a-fflush.o)
                              /usr/lib/gcc/arm-none-eabi/4.8.2/../../../arm-none-eabi/lib/armv7-m/libg.a(lib_a-vfprintf.o) (_fflush_r)
/usr/lib/gcc/arm-none-eabi/4.8.2/../../../arm-none-eabi/lib/armv7-m/libg.a(lib_a-findfp.o)
                              /usr/lib/gcc/arm-none-eabi/4.8.2/../../../arm-none-eabi/lib/armv7-m/libg.a(lib_a-vfprintf.o) (__sinit)
/usr/lib/gcc/arm-none-eabi/4.8.2/../../../arm-none-eabi/lib/armv7-m/libg.a(lib_a-freer.o)
                              /usr/lib/gcc/arm-none-eabi/4.8.2/../../../arm-none-eabi/lib/armv7-m/libg.a(lib_a-wsetup.o) (_free_r)
/usr/lib/gcc/arm-none-eabi/4.8.2/../../../arm-none-eabi/lib/armv7-m/libg.a(lib_a-fvwrite.o)
                              /usr/lib/gcc/arm-none-eabi/4.8.2/../../../arm-none-eabi/lib/armv7-m/libg.a(lib_a-puts.o) (__sfvwrite_r)
/usr/lib/gcc/arm-none-eabi/4.8.2/../../../arm-none-eabi/lib/armv7-m/libg.a(lib_a-fwalk.o)
                              /usr/lib/gcc/arm-none-eabi/4.8.2/../../../arm-none-eabi/lib/armv7-m/libg.a(lib_a-findfp.o) (_fwalk)
/usr/lib/gcc/arm-none-eabi/4.8.2/../../../arm-none-eabi/lib/armv7-m/libg.a(lib_a-impure.o)
                              /usr/lib/gcc/arm-none-eabi/4.8.2/../../../arm-none-eabi/lib/armv7-m/libg.a(lib_a-fflush.o) (_global_impure_ptr)
/usr/lib/gcc/arm-none-eabi/4.8.2/../../../arm-none-eabi/lib/armv7-m/libg.a(lib_a-locale.o)
                              /usr/lib/gcc/arm-none-eabi/4.8.2/../../../arm-none-eabi/lib/armv7-m/libg.a(lib_a-vfprintf.o) (_localeconv_r)
/usr/lib/gcc/arm-none-eabi/4.8.2/../../../arm-none-eabi/lib/armv7-m/libg.a(lib_a-makebuf.o)
                              /usr/lib/gcc/arm-none-eabi/4.8.2/../../../arm-none-eabi/lib/armv7-m/libg.a(lib_a-wsetup.o) (__smakebuf_r)
/usr/lib/gcc/arm-none-eabi/4.8.2/../../../arm-none-eabi/lib/armv7-m/libg.a(lib_a-mallocr.o)
                              /usr/lib/gcc/arm-none-eabi/4.8.2/../../../arm-none-eabi/lib/armv7-m/libg.a(lib_a-findfp.o) (_malloc_r)
/usr/lib/gcc/arm-none-eabi/4.8.2/../../../arm-none-eabi/lib/armv7-m/libg.a(lib_a-memchr-stub.o)
                              /usr/lib/gcc/arm-none-eabi/4.8.2/../../../arm-none-eabi/lib/armv7-m/libg.a(lib_a-vfprintf.o) (memchr)
/usr/lib/gcc/arm-none-eabi/4.8.2/../../../arm-none-eabi/lib/armv7-m/libg.a(lib_a-memmove.o)
                              /usr/lib/gcc/arm-none-eabi/4.8.2/../../../arm-none-eabi/lib/armv7-m/libg.a(lib_a-fvwrite.o) (memmove)
/usr/lib/gcc/arm-none-eabi/4.8.2/../../../arm-none-eabi/lib/armv7-m/libg.a(lib_a-mlock.o)
                              /usr/lib/gcc/arm-none-eabi/4.8.2/../../../arm-none-eabi/lib/armv7-m/libg.a(lib_a-freer.o) (__malloc_lock)
/usr/lib/gcc/arm-none-eabi/4.8.2/../../../arm-none-eabi/lib/armv7-m/libg.a(lib_a-mprec.o)
                              /usr/lib/gcc/arm-none-eabi/4.8.2/../../../arm-none-eabi/lib/armv7-m/libg.a(lib_a-dtoa.o) (_Balloc)
/usr/lib/gcc/arm-none-eabi/4.8.2/../../../arm-none-eabi/lib/armv7-m/libg.a(lib_a-reallocr.o)
                              /usr/lib/gcc/arm-none-eabi/4.8.2/../../../arm-none-eabi/lib/armv7-m/libg.a(lib_a-fvwrite.o) (_realloc_r)
/usr/lib/gcc/arm-none-eabi/4.8.2/../../../arm-none-eabi/lib/armv7-m/libg.a(lib_a-s_fpclassify.o)
[...]
Memory Configuration

Name             Origin             Length             Attributes
flash            0x0000000008000000 0x0000000000100000 xr
sram             0x0000000020000000 0x0000000000030000 xrw
*default*        0x0000000000000000 0xffffffffffffffff

Linker script and memory map


.text           0x0000000008000000     0xced0
 *(.isr_vector .isr_vector.*)
 .isr_vector    0x0000000008000000      0x188 /tmp/cctlT0HF.o
                0x0000000008000000                g_pfnVectors
                0x0000000000000400                . = 0x400
 *fill*         0x0000000008000188      0x278 
 *(.text .text.* .gnu.linkonce.t*)
 .text          0x0000000008000400      0x360 /tmp/ccQWBvUY.o
                0x0000000008000400                SystemInit
                0x0000000008000490                SystemCoreClockUpdate
 .text          0x0000000008000760       0x14 /tmp/cctlT0HF.o
 .text.Reset_Handler
                0x0000000008000774       0x44 /tmp/cctlT0HF.o
                0x0000000008000774                Reset_Handler
 .text.Default_Handler
                0x00000000080007b8        0x2 /tmp/cctlT0HF.o
                0x00000000080007b8                RTC_Alarm_IRQHandler
                0x00000000080007b8                HASH_RNG_IRQHandler
                0x00000000080007b8                EXTI2_IRQHandler
                0x00000000080007b8                TIM8_CC_IRQHandler
                0x00000000080007b8                DebugMon_Handler
                0x00000000080007b8                TIM1_CC_IRQHandler
                0x00000000080007b8                DMA2_Stream5_IRQHandler
                0x00000000080007b8                HardFault_Handler
                0x00000000080007b8                DMA1_Stream5_IRQHandler
                0x00000000080007b8                PVD_IRQHandler
                0x00000000080007b8                SDIO_IRQHandler
                0x00000000080007b8                TAMP_STAMP_IRQHandler
                0x00000000080007b8                NMI_Handler
                0x00000000080007b8                CAN2_RX1_IRQHandler
                0x00000000080007b8                EXTI3_IRQHandler
                0x00000000080007b8                TIM8_TRG_COM_TIM14_IRQHandler
                0x00000000080007b8                TIM1_UP_TIM10_IRQHandler
                0x00000000080007b8                TIM8_UP_TIM13_IRQHandler
                0x00000000080007b8                I2C3_ER_IRQHandler
                0x00000000080007b8                EXTI0_IRQHandler
                0x00000000080007b8                I2C2_EV_IRQHandler
                0x00000000080007b8                DMA1_Stream2_IRQHandler
                0x00000000080007b8                CAN1_RX0_IRQHandler
                0x00000000080007b8                FPU_IRQHandler
                0x00000000080007b8                OTG_HS_WKUP_IRQHandler
                0x00000000080007b8                UsageFault_Handler
                0x00000000080007b8                CAN2_SCE_IRQHandler
                0x00000000080007b8                DMA2_Stream2_IRQHandler
                0x00000000080007b8                SPI1_IRQHandler
                0x00000000080007b8                TIM6_DAC_IRQHandler
                0x00000000080007b8                TIM1_BRK_TIM9_IRQHandler
                0x00000000080007b8                DCMI_IRQHandler
                0x00000000080007b8                CAN2_RX0_IRQHandler
                0x00000000080007b8                DMA2_Stream3_IRQHandler
                0x00000000080007b8                USART6_IRQHandler
                0x00000000080007b8                USART3_IRQHandler
                0x00000000080007b8                CRYP_IRQHandler
                0x00000000080007b8                CAN1_RX1_IRQHandler
                0x00000000080007b8                UART5_IRQHandler
                0x00000000080007b8                DMA2_Stream0_IRQHandler
                0x00000000080007b8                TIM4_IRQHandler
                0x00000000080007b8                I2C1_EV_IRQHandler
                0x00000000080007b8                DMA1_Stream6_IRQHandler
                0x00000000080007b8                DMA1_Stream1_IRQHandler
                0x00000000080007b8                UART4_IRQHandler
                0x00000000080007b8                TIM3_IRQHandler
                0x00000000080007b8                RCC_IRQHandler
                0x00000000080007b8                TIM8_BRK_TIM12_IRQHandler
                0x00000000080007b8                Default_Handler
                0x00000000080007b8                EXTI15_10_IRQHandler
                0x00000000080007b8                ADC_IRQHandler
                0x00000000080007b8                DMA1_Stream7_IRQHandler
                0x00000000080007b8                TIM7_IRQHandler
                0x00000000080007b8                CAN2_TX_IRQHandler
                0x00000000080007b8                TIM5_IRQHandler
                0x00000000080007b8                DMA2_Stream7_IRQHandler
                0x00000000080007b8                I2C3_EV_IRQHandler
                0x00000000080007b8                EXTI9_5_IRQHandler
                0x00000000080007b8                RTC_WKUP_IRQHandler
                0x00000000080007b8                ETH_WKUP_IRQHandler
                0x00000000080007b8                SPI2_IRQHandler
                0x00000000080007b8                OTG_HS_EP1_IN_IRQHandler
                0x00000000080007b8                MemManage_Handler
                0x00000000080007b8                DMA1_Stream0_IRQHandler
                0x00000000080007b8                CAN1_TX_IRQHandler
                0x00000000080007b8                EXTI4_IRQHandler
                0x00000000080007b8                FSMC_IRQHandler
                0x00000000080007b8                OTG_HS_EP1_OUT_IRQHandler
                0x00000000080007b8                WWDG_IRQHandler
                0x00000000080007b8                TIM2_IRQHandler
                0x00000000080007b8                OTG_FS_WKUP_IRQHandler
                0x00000000080007b8                TIM1_TRG_COM_TIM11_IRQHandler
                0x00000000080007b8                OTG_HS_IRQHandler
                0x00000000080007b8                EXTI1_IRQHandler
                0x00000000080007b8                USART2_IRQHandler
                0x00000000080007b8                I2C2_ER_IRQHandler
                0x00000000080007b8                DMA2_Stream1_IRQHandler
                0x00000000080007b8                CAN1_SCE_IRQHandler
                0x00000000080007b8                FLASH_IRQHandler
                0x00000000080007b8                DMA2_Stream4_IRQHandler
                0x00000000080007b8                BusFault_Handler
                0x00000000080007b8                USART1_IRQHandler
                0x00000000080007b8                OTG_FS_IRQHandler
                0x00000000080007b8                SPI3_IRQHandler
                0x00000000080007b8                DMA1_Stream4_IRQHandler
                0x00000000080007b8                I2C1_ER_IRQHandler
                0x00000000080007b8                DMA2_Stream6_IRQHandler
                0x00000000080007b8                DMA1_Stream3_IRQHandler
 *fill*         0x00000000080007ba        0x2 
 .text          0x00000000080007bc      0xd10 /tmp/cclp5BIm.o
                0x00000000080007bc                RCC_DeInit
                0x0000000008000860                RCC_HSEConfig
                0x000000000800088c                RCC_WaitForHSEStartUp
                0x00000000080008dc                RCC_AdjustHSICalibrationValue
                0x0000000008000920                RCC_HSICmd
                0x0000000008000940                RCC_LSEConfig
                0x0000000008000994                RCC_LSICmd
                0x00000000080009b4                RCC_PLLConfig
                0x00000000080009f4                RCC_PLLCmd
                0x0000000008000a14                RCC_PLLI2SConfig
                0x0000000008000a40                RCC_PLLI2SCmd
                0x0000000008000a60                RCC_ClockSecuritySystemCmd
                0x0000000008000a80                RCC_MCO1Config
                0x0000000008000ac4                RCC_MCO2Config
                0x0000000008000b08                RCC_SYSCLKConfig
                0x0000000008000b48                RCC_GetSYSCLKSource
                0x0000000008000b68                RCC_HCLKConfig
                0x0000000008000ba8                RCC_PCLK1Config
                0x0000000008000be8                RCC_PCLK2Config
                0x0000000008000c28                RCC_GetClocksFreq
                0x0000000008000dd0                RCC_RTCCLKConfig
                0x0000000008000e40                RCC_RTCCLKCmd
                0x0000000008000e60                RCC_BackupResetCmd
                0x0000000008000e80                RCC_I2SCLKConfig
                0x0000000008000ea0                RCC_TIMCLKPresConfig
                0x0000000008000ec0                RCC_AHB1PeriphClockCmd
                0x0000000008000f10                RCC_AHB2PeriphClockCmd
                0x0000000008000f60                RCC_AHB3PeriphClockCmd
                0x0000000008000fb0                RCC_APB1PeriphClockCmd
                0x0000000008001000                RCC_APB2PeriphClockCmd
                0x0000000008001050                RCC_AHB1PeriphResetCmd
                0x00000000080010a0                RCC_AHB2PeriphResetCmd
                0x00000000080010f0                RCC_AHB3PeriphResetCmd
                0x0000000008001140                RCC_APB1PeriphResetCmd
                0x0000000008001190                RCC_APB2PeriphResetCmd
                0x00000000080011e0                RCC_AHB1PeriphClockLPModeCmd
                0x0000000008001230                RCC_AHB2PeriphClockLPModeCmd
                0x0000000008001280                RCC_AHB3PeriphClockLPModeCmd
                0x00000000080012d0                RCC_APB1PeriphClockLPModeCmd
                0x0000000008001320                RCC_APB2PeriphClockLPModeCmd
                0x0000000008001370                RCC_ITConfig
                0x00000000080013cc                RCC_GetFlagStatus
                0x0000000008001450                RCC_ClearFlag
                0x0000000008001474                RCC_GetITStatus
                0x00000000080014ac                RCC_ClearITPendingBit
 .text          0x00000000080014cc      0x498 /tmp/cc4ZJkX3.o
                0x00000000080014cc                GPIO_DeInit
                0x00000000080015fc                GPIO_Init
                0x0000000008001718                GPIO_StructInit
                0x000000000800174c                GPIO_PinLockConfig
                0x0000000008001790                GPIO_ReadInputDataBit
                0x00000000080017c4                GPIO_ReadInputData
                0x00000000080017e0                GPIO_ReadOutputDataBit
                0x0000000008001814                GPIO_ReadOutputData
                0x0000000008001830                GPIO_SetBits
                0x000000000800184c                GPIO_ResetBits
                0x0000000008001868                GPIO_WriteBit
                0x0000000008001898                GPIO_Write
                0x00000000080018b4                GPIO_ToggleBits
                0x00000000080018d8                GPIO_PinAFConfig
 .text          0x0000000008001964      0x97c /tmp/cc2wsesL.o
                0x0000000008001964                USART_DeInit
                0x0000000008001a88                USART_Init
                0x0000000008001c10                USART_StructInit
                0x0000000008001c48                USART_ClockInit
                0x0000000008001c9c                USART_ClockStructInit
                0x0000000008001cc8                USART_Cmd
                0x0000000008001d08                USART_SetPrescaler
                0x0000000008001d40                USART_OverSampling8Cmd
                0x0000000008001d84                USART_OneBitMethodCmd
                0x0000000008001dc4                USART_SendData
                0x0000000008001de8                USART_ReceiveData
                0x0000000008001e08                USART_SetAddress
                0x0000000008001e40                USART_ReceiverWakeUpCmd
                0x0000000008001e80                USART_WakeUpConfig
                0x0000000008001eb8                USART_LINBreakDetectLengthConfig
                0x0000000008001ef0                USART_LINCmd
                0x0000000008001f30                USART_SendBreak
                0x0000000008001f54                USART_HalfDuplexCmd
                0x0000000008001f94                USART_SetGuardTime
                0x0000000008001fd0                USART_SmartCardCmd
                0x0000000008002010                USART_SmartCardNACKCmd
                0x0000000008002050                USART_IrDAConfig
                0x0000000008002088                USART_IrDACmd
                0x00000000080020c8                USART_DMACmd
                0x0000000008002110                USART_ITConfig
                0x00000000080021a0                USART_GetFlagStatus
                0x00000000080021d8                USART_ClearFlag
                0x00000000080021f8                USART_GetITStatus
                0x00000000080022a8                USART_ClearITPendingBit
 .text          0x00000000080022e0      0x29c /tmp/ccf3PM9s.o
                0x00000000080022e0                EXTI_DeInit
                0x0000000008002330                EXTI_Init
                0x000000000800245c                EXTI_StructInit
                0x0000000008002488                EXTI_GenerateSWInterrupt
                0x00000000080024b4                EXTI_GetFlagStatus
                0x00000000080024ec                EXTI_ClearFlag
                0x000000000800250c                EXTI_GetITStatus
                0x000000000800255c                EXTI_ClearITPendingBit
 .text          0x000000000800257c      0x1c0 /tmp/cckALQ2a.o
                0x000000000800257c                NVIC_PriorityGroupConfig
                0x00000000080025a4                NVIC_Init
                0x0000000008002670                NVIC_SetVectorTable
                0x000000000800269c                NVIC_SystemLPConfig
                0x00000000080026f0                SysTick_CLKSourceConfig
 .text          0x000000000800273c      0x51c /tmp/ccoyLG4S.o
                0x000000000800273c                xCoRoutineCreate
                0x0000000008002818                vCoRoutineAddToDelayedList
                0x0000000008002aac                vCoRoutineSchedule
                0x0000000008002c04                xCoRoutineRemoveFromEventList
 .text          0x0000000008002c58      0x168 /tmp/ccKiCRbB.o
                0x0000000008002c58                vListInitialise
                0x0000000008002c98                vListInitialiseItem
                0x0000000008002cb0                vListInsertEnd
                0x0000000008002d00                vListInsert
                0x0000000008002d70                vListRemove
 .text          0x0000000008002dc0      0x7dc /tmp/ccpMEZrj.o
                0x0000000008002dc0                xQueueGenericReset
                0x0000000008002e5c                xQueueGenericCreate
                0x0000000008002ecc                xQueueCreateMutex
                0x0000000008002f48                xQueueGetMutexHolder
                0x0000000008002f78                xQueueGenericSend
                0x0000000008003084                xQueueGenericSendFromISR
                0x0000000008003104                xQueueGenericReceive
                0x0000000008003270                xQueueReceiveFromISR
                0x00000000080032f4                uxQueueMessagesWaiting
                0x0000000008003314                uxQueueMessagesWaitingFromISR
                0x0000000008003330                vQueueDelete
                0x0000000008003518                xQueueIsQueueEmptyFromISR
                0x0000000008003570                xQueueIsQueueFullFromISR
 .text          0x000000000800359c     0x11e8 /tmp/ccDpwsV1.o
                0x000000000800359c                xTaskGenericCreate
                0x000000000800373c                vTaskDelete
                0x00000000080037f0                vTaskDelayUntil
                0x0000000008003898                vTaskDelay
                0x00000000080038ec                uxTaskPriorityGet
                0x0000000008003924                vTaskPrioritySet
                0x0000000008003a34                vTaskSuspend
                0x0000000008003ae8                xTaskIsTaskSuspended
                0x0000000008003b34                vTaskResume
                0x0000000008003bd4                xTaskResumeFromISR
                0x0000000008003c98                vTaskStartScheduler
                0x0000000008003cf8                vTaskEndScheduler
                0x0000000008003d18                vTaskSuspendAll
                0x0000000008003d3c                xTaskResumeAll
                0x0000000008003e70                xTaskGetTickCount
                0x0000000008003e94                xTaskGetTickCountFromISR
                0x0000000008003ec8                uxTaskGetNumberOfTasks
                0x0000000008003ee0                vTaskIncrementTick
                0x000000000800409c                vTaskSwitchContext
                0x0000000008004154                vTaskPlaceOnEventList
                0x00000000080041c4                xTaskRemoveFromEventList
                0x0000000008004274                vTaskSetTimeOutState
                0x00000000080042a4                xTaskCheckForTimeOut
                0x000000000800433c                vTaskMissedYield
                0x0000000008004618                xTaskGetCurrentTaskHandle
                0x0000000008004638                vTaskPriorityInherit
                0x0000000008004700                vTaskPriorityDisinherit
 .text          0x0000000008004784      0x200 /tmp/cc9TYxuK.o
                0x0000000008004784                pxPortInitialiseStack
                0x00000000080047d8                SVC_Handler
                0x0000000008004808                xPortStartScheduler
                0x0000000008004858                vPortEndScheduler
                0x0000000008004864                vPortYieldFromISR
                0x0000000008004880                vPortEnterCritical
                0x00000000080048ac                vPortExitCritical
                0x00000000080048e4                PendSV_Handler
                0x0000000008004920                SysTick_Handler
 .text          0x0000000008004984       0xd8 /tmp/cc0njr8s.o
                0x0000000008004984                pvPortMalloc
                0x0000000008004a14                vPortFree
                0x0000000008004a28                vPortInitialiseBlocks
                0x0000000008004a40                xPortGetFreeHeapSize
 .text          0x0000000008004a5c      0xf10 /tmp/cca9u60b.o
                0x0000000008004ae8                enet_read_phy_reg
                0x0000000008004b4c                enet_write_phy_reg
                0x0000000008004bd4                enet_init
                0x0000000008005250                ETH_IRQHandler
                0x00000000080053f4                enet_get_link_status
                0x0000000008005504                eth_htons
                0x0000000008005530                eth_htonl
                0x0000000008005564                enet_send_udp_mcast
                0x00000000080055c8                enet_send_udp_ucast
                0x0000000008005730                enet_process_rx_ring
 .text          0x000000000800596c      0x168 /tmp/ccvtYh5U.o
                0x000000000800596c                _sbrk
                0x00000000080059c8                _kill
                0x00000000080059e4                _exit
                0x00000000080059f0                _getpid
                0x0000000008005a00                _write
                0x0000000008005a20                _close
                0x0000000008005a38                _fstat
                0x0000000008005a58                _isatty
                0x0000000008005a70                _lseek
                0x0000000008005a8c                _read
                0x0000000008005aa8                fputc
                0x0000000008005ac0                _ttywrch
 .text          0x0000000008005ad4      0x150 /tmp/cchIodiE.o
                0x0000000008005ad4                console_init
                0x0000000008005bac                console_send_block
 .text          0x0000000008005c24      0x1d4 /tmp/ccLHAFJn.o
                0x0000000008005c24                led_flash_task
                0x0000000008005c7c                networking_receive
                0x0000000008005c90                networking_send
                0x0000000008005ce8                led2_task
                0x0000000008005d10                myTraceCreate
                0x0000000008005d1c                myTraceSwitchedIn
                0x0000000008005d28                myTraceSwitchedOut
                0x0000000008005d34                vApplicationTickHook
                0x0000000008005d40                main
 .text          0x0000000008005df8       0xec /usr/lib/gcc/arm-none-eabi/4.8.2/../../../arm-none-eabi/lib/armv7-m/libg.a(lib_a-memcpy.o)
                0x0000000008005df8                memcpy
 .text          0x0000000008005ee4        0x0 /usr/lib/gcc/arm-none-eabi/4.8.2/../../../arm-none-eabi/lib/armv7-m/libg.a(lib_a-memset.o)
 .text.memset   0x0000000008005ee4       0x94 /usr/lib/gcc/arm-none-eabi/4.8.2/../../../arm-none-eabi/lib/armv7-m/libg.a(lib_a-memset.o)
                0x0000000008005ee4                memset
 .text          0x0000000008005f78        0x0 /usr/lib/gcc/arm-none-eabi/4.8.2/../../../arm-none-eabi/lib/armv7-m/libg.a(lib_a-printf.o)
 .text._printf_r
                0x0000000008005f78       0x20 /usr/lib/gcc/arm-none-eabi/4.8.2/../../../arm-none-eabi/lib/armv7-m/libg.a(lib_a-printf.o)
                0x0000000008005f78                _printf_r
 .text.printf   0x0000000008005f98       0x2c /usr/lib/gcc/arm-none-eabi/4.8.2/../../../arm-none-eabi/lib/armv7-m/libg.a(lib_a-printf.o)
                0x0000000008005f98                printf
 .text          0x0000000008005fc4        0x0 /usr/lib/gcc/arm-none-eabi/4.8.2/../../../arm-none-eabi/lib/armv7-m/libg.a(lib_a-puts.o)
 .text._puts_r  0x0000000008005fc4       0x68 /usr/lib/gcc/arm-none-eabi/4.8.2/../../../arm-none-eabi/lib/armv7-m/libg.a(lib_a-puts.o)
                0x0000000008005fc4                _puts_r
 .text.puts     0x000000000800602c       0x10 /usr/lib/gcc/arm-none-eabi/4.8.2/../../../arm-none-eabi/lib/armv7-m/libg.a(lib_a-puts.o)
                0x000000000800602c                puts
 .text          0x000000000800603c        0x0 /usr/lib/gcc/arm-none-eabi/4.8.2/../../../arm-none-eabi/lib/armv7-m/libg.a(lib_a-strlen.o)
 .text.strlen   0x000000000800603c       0x60 /usr/lib/gcc/arm-none-eabi/4.8.2/../../../arm-none-eabi/lib/armv7-m/libg.a(lib_a-strlen.o)
                0x000000000800603c                strlen
 .text          0x000000000800609c        0x0 /usr/lib/gcc/arm-none-eabi/4.8.2/../../../arm-none-eabi/lib/armv7-m/libg.a(lib_a-strncpy.o)
 .text.strncpy  0x000000000800609c       0x68 /usr/lib/gcc/arm-none-eabi/4.8.2/../../../arm-none-eabi/lib/armv7-m/libg.a(lib_a-strncpy.o)
                0x000000000800609c                strncpy
 .text          0x0000000008006104        0x0 /usr/lib/gcc/arm-none-eabi/4.8.2/../../../arm-none-eabi/lib/armv7-m/libg.a(lib_a-vfprintf.o)
 .text._vfprintf_r
                0x0000000008006104     0x1524 /usr/lib/gcc/arm-none-eabi/4.8.2/../../../arm-none-eabi/lib/armv7-m/libg.a(lib_a-vfprintf.o)
                0x0000000008006104                _vfprintf_r
 .text.vfprintf
                0x0000000008007628       0x1c /usr/lib/gcc/arm-none-eabi/4.8.2/../../../arm-none-eabi/lib/armv7-m/libg.a(lib_a-vfprintf.o)
                0x0000000008007628                vfprintf
 .text.__sbprintf
                0x0000000008007644       0x7c /usr/lib/gcc/arm-none-eabi/4.8.2/../../../arm-none-eabi/lib/armv7-m/libg.a(lib_a-vfprintf.o)
 .text          0x00000000080076c0        0x0 /usr/lib/gcc/arm-none-eabi/4.8.2/../../../arm-none-eabi/lib/armv7-m/libg.a(lib_a-wsetup.o)
 .text.__swsetup_r
                0x00000000080076c0       0xc8 /usr/lib/gcc/arm-none-eabi/4.8.2/../../../arm-none-eabi/lib/armv7-m/libg.a(lib_a-wsetup.o)
                0x00000000080076c0                __swsetup_r
 .text          0x0000000008007788        0x0 /usr/lib/gcc/arm-none-eabi/4.8.2/../../../arm-none-eabi/lib/armv7-m/libg.a(lib_a-dtoa.o)
 .text.quorem   0x0000000008007788      0x130 /usr/lib/gcc/arm-none-eabi/4.8.2/../../../arm-none-eabi/lib/armv7-m/libg.a(lib_a-dtoa.o)
 .text._dtoa_r  0x00000000080078b8      0xf58 /usr/lib/gcc/arm-none-eabi/4.8.2/../../../arm-none-eabi/lib/armv7-m/libg.a(lib_a-dtoa.o)
                0x00000000080078b8                _dtoa_r
 .text          0x0000000008008810        0x0 /usr/lib/gcc/arm-none-eabi/4.8.2/../../../arm-none-eabi/lib/armv7-m/libg.a(lib_a-fflush.o)
 .text.__sflush_r
                0x0000000008008810      0x14c /usr/lib/gcc/arm-none-eabi/4.8.2/../../../arm-none-eabi/lib/armv7-m/libg.a(lib_a-fflush.o)
                0x0000000008008810                __sflush_r
 .text._fflush_r
                0x000000000800895c       0x2c /usr/lib/gcc/arm-none-eabi/4.8.2/../../../arm-none-eabi/lib/armv7-m/libg.a(lib_a-fflush.o)
                0x000000000800895c                _fflush_r
 .text.fflush   0x0000000008008988       0x28 /usr/lib/gcc/arm-none-eabi/4.8.2/../../../arm-none-eabi/lib/armv7-m/libg.a(lib_a-fflush.o)
                0x0000000008008988                fflush
 .text          0x00000000080089b0        0x0 /usr/lib/gcc/arm-none-eabi/4.8.2/../../../arm-none-eabi/lib/armv7-m/libg.a(lib_a-findfp.o)
 .text.__fp_lock
                0x00000000080089b0        0x4 /usr/lib/gcc/arm-none-eabi/4.8.2/../../../arm-none-eabi/lib/armv7-m/libg.a(lib_a-findfp.o)
 .text.__fp_unlock
                0x00000000080089b4        0x4 /usr/lib/gcc/arm-none-eabi/4.8.2/../../../arm-none-eabi/lib/armv7-m/libg.a(lib_a-findfp.o)
 .text._cleanup_r
                0x00000000080089b8        0xc /usr/lib/gcc/arm-none-eabi/4.8.2/../../../arm-none-eabi/lib/armv7-m/libg.a(lib_a-findfp.o)
                0x00000000080089b8                _cleanup_r
 .text.__sfmoreglue
                0x00000000080089c4       0x30 /usr/lib/gcc/arm-none-eabi/4.8.2/../../../arm-none-eabi/lib/armv7-m/libg.a(lib_a-findfp.o)
                0x00000000080089c4                __sfmoreglue
 .text._cleanup
                0x00000000080089f4       0x18 /usr/lib/gcc/arm-none-eabi/4.8.2/../../../arm-none-eabi/lib/armv7-m/libg.a(lib_a-findfp.o)
                0x00000000080089f4                _cleanup
 .text.__sinit  0x0000000008008a0c       0xf8 /usr/lib/gcc/arm-none-eabi/4.8.2/../../../arm-none-eabi/lib/armv7-m/libg.a(lib_a-findfp.o)
                0x0000000008008a0c                __sinit
 .text.__sfp    0x0000000008008b04       0x8c /usr/lib/gcc/arm-none-eabi/4.8.2/../../../arm-none-eabi/lib/armv7-m/libg.a(lib_a-findfp.o)
                0x0000000008008b04                __sfp
 .text.__sfp_lock_acquire
                0x0000000008008b90        0x4 /usr/lib/gcc/arm-none-eabi/4.8.2/../../../arm-none-eabi/lib/armv7-m/libg.a(lib_a-findfp.o)
                0x0000000008008b90                __sfp_lock_acquire
 .text.__sfp_lock_release
                0x0000000008008b94        0x4 /usr/lib/gcc/arm-none-eabi/4.8.2/../../../arm-none-eabi/lib/armv7-m/libg.a(lib_a-findfp.o)
                0x0000000008008b94                __sfp_lock_release
 .text.__sinit_lock_acquire
                0x0000000008008b98        0x4 /usr/lib/gcc/arm-none-eabi/4.8.2/../../../arm-none-eabi/lib/armv7-m/libg.a(lib_a-findfp.o)
                0x0000000008008b98                __sinit_lock_acquire
 .text.__sinit_lock_release
                0x0000000008008b9c        0x4 /usr/lib/gcc/arm-none-eabi/4.8.2/../../../arm-none-eabi/lib/armv7-m/libg.a(lib_a-findfp.o)
                0x0000000008008b9c                __sinit_lock_release
 .text.__fp_lock_all
                0x0000000008008ba0       0x18 /usr/lib/gcc/arm-none-eabi/4.8.2/../../../arm-none-eabi/lib/armv7-m/libg.a(lib_a-findfp.o)
                0x0000000008008ba0                __fp_lock_all
 .text.__fp_unlock_all
                0x0000000008008bb8       0x18 /usr/lib/gcc/arm-none-eabi/4.8.2/../../../arm-none-eabi/lib/armv7-m/libg.a(lib_a-findfp.o)
                0x0000000008008bb8                __fp_unlock_all
 .text          0x0000000008008bd0        0x0 /usr/lib/gcc/arm-none-eabi/4.8.2/../../../arm-none-eabi/lib/armv7-m/libg.a(lib_a-freer.o)
 .text._malloc_trim_r
                0x0000000008008bd0       0xa4 /usr/lib/gcc/arm-none-eabi/4.8.2/../../../arm-none-eabi/lib/armv7-m/libg.a(lib_a-freer.o)
                0x0000000008008bd0                _malloc_trim_r
 .text._free_r  0x0000000008008c74      0x198 /usr/lib/gcc/arm-none-eabi/4.8.2/../../../arm-none-eabi/lib/armv7-m/libg.a(lib_a-freer.o)
                0x0000000008008c74                _free_r
 .text          0x0000000008008e0c        0x0 /usr/lib/gcc/arm-none-eabi/4.8.2/../../../arm-none-eabi/lib/armv7-m/libg.a(lib_a-fvwrite.o)
 .text.__sfvwrite_r
                0x0000000008008e0c      0x314 /usr/lib/gcc/arm-none-eabi/4.8.2/../../../arm-none-eabi/lib/armv7-m/libg.a(lib_a-fvwrite.o)
                0x0000000008008e0c                __sfvwrite_r
 .text          0x0000000008009120        0x0 /usr/lib/gcc/arm-none-eabi/4.8.2/../../../arm-none-eabi/lib/armv7-m/libg.a(lib_a-fwalk.o)
 .text._fwalk   0x0000000008009120       0x48 /usr/lib/gcc/arm-none-eabi/4.8.2/../../../arm-none-eabi/lib/armv7-m/libg.a(lib_a-fwalk.o)
                0x0000000008009120                _fwalk
 .text._fwalk_reent
                0x0000000008009168       0x4c /usr/lib/gcc/arm-none-eabi/4.8.2/../../../arm-none-eabi/lib/armv7-m/libg.a(lib_a-fwalk.o)
                0x0000000008009168                _fwalk_reent
 .text          0x00000000080091b4        0x0 /usr/lib/gcc/arm-none-eabi/4.8.2/../../../arm-none-eabi/lib/armv7-m/libg.a(lib_a-impure.o)
 .text          0x00000000080091b4        0x0 /usr/lib/gcc/arm-none-eabi/4.8.2/../../../arm-none-eabi/lib/armv7-m/libg.a(lib_a-locale.o)
 .text._setlocale_r
                0x00000000080091b4       0x54 /usr/lib/gcc/arm-none-eabi/4.8.2/../../../arm-none-eabi/lib/armv7-m/libg.a(lib_a-locale.o)
                0x00000000080091b4                _setlocale_r
 .text.__locale_charset
                0x0000000008009208        0xc /usr/lib/gcc/arm-none-eabi/4.8.2/../../../arm-none-eabi/lib/armv7-m/libg.a(lib_a-locale.o)
                0x0000000008009208                __locale_charset
 .text.__locale_mb_cur_max
                0x0000000008009214        0xc /usr/lib/gcc/arm-none-eabi/4.8.2/../../../arm-none-eabi/lib/armv7-m/libg.a(lib_a-locale.o)
                0x0000000008009214                __locale_mb_cur_max
 .text.__locale_msgcharset
                0x0000000008009220        0xc /usr/lib/gcc/arm-none-eabi/4.8.2/../../../arm-none-eabi/lib/armv7-m/libg.a(lib_a-locale.o)
                0x0000000008009220                __locale_msgcharset
 .text.__locale_cjk_lang
                0x000000000800922c        0x4 /usr/lib/gcc/arm-none-eabi/4.8.2/../../../arm-none-eabi/lib/armv7-m/libg.a(lib_a-locale.o)
                0x000000000800922c                __locale_cjk_lang
 .text._localeconv_r
                0x0000000008009230        0xc /usr/lib/gcc/arm-none-eabi/4.8.2/../../../arm-none-eabi/lib/armv7-m/libg.a(lib_a-locale.o)
                0x0000000008009230                _localeconv_r
 .text.setlocale
                0x000000000800923c       0x14 /usr/lib/gcc/arm-none-eabi/4.8.2/../../../arm-none-eabi/lib/armv7-m/libg.a(lib_a-locale.o)
                0x000000000800923c                setlocale
 .text.localeconv
                0x0000000008009250        0xc /usr/lib/gcc/arm-none-eabi/4.8.2/../../../arm-none-eabi/lib/armv7-m/libg.a(lib_a-locale.o)
                0x0000000008009250                localeconv
 .text          0x000000000800925c        0x0 /usr/lib/gcc/arm-none-eabi/4.8.2/../../../arm-none-eabi/lib/armv7-m/libg.a(lib_a-makebuf.o)
 .text.__smakebuf_r
                0x000000000800925c       0xe4 /usr/lib/gcc/arm-none-eabi/4.8.2/../../../arm-none-eabi/lib/armv7-m/libg.a(lib_a-makebuf.o)
                0x000000000800925c                __smakebuf_r
 .text          0x0000000008009340        0x0 /usr/lib/gcc/arm-none-eabi/4.8.2/../../../arm-none-eabi/lib/armv7-m/libg.a(lib_a-mallocr.o)
 .text._malloc_r
                0x0000000008009340      0x564 /usr/lib/gcc/arm-none-eabi/4.8.2/../../../arm-none-eabi/lib/armv7-m/libg.a(lib_a-mallocr.o)
                0x0000000008009340                _malloc_r
 .text          0x00000000080098a4        0x0 /usr/lib/gcc/arm-none-eabi/4.8.2/../../../arm-none-eabi/lib/armv7-m/libg.a(lib_a-memchr-stub.o)
 .text.memchr   0x00000000080098a4       0x94 /usr/lib/gcc/arm-none-eabi/4.8.2/../../../arm-none-eabi/lib/armv7-m/libg.a(lib_a-memchr-stub.o)
                0x00000000080098a4                memchr
 .text          0x0000000008009938        0x0 /usr/lib/gcc/arm-none-eabi/4.8.2/../../../arm-none-eabi/lib/armv7-m/libg.a(lib_a-memmove.o)
 .text.memmove  0x0000000008009938       0xcc /usr/lib/gcc/arm-none-eabi/4.8.2/../../../arm-none-eabi/lib/armv7-m/libg.a(lib_a-memmove.o)
                0x0000000008009938                memmove
 .text          0x0000000008009a04        0x0 /usr/lib/gcc/arm-none-eabi/4.8.2/../../../arm-none-eabi/lib/armv7-m/libg.a(lib_a-mlock.o)
 .text.__malloc_lock
                0x0000000008009a04        0x4 /usr/lib/gcc/arm-none-eabi/4.8.2/../../../arm-none-eabi/lib/armv7-m/libg.a(lib_a-mlock.o)
                0x0000000008009a04                __malloc_lock
 .text.__malloc_unlock
                0x0000000008009a08        0x4 /usr/lib/gcc/arm-none-eabi/4.8.2/../../../arm-none-eabi/lib/armv7-m/libg.a(lib_a-mlock.o)
                0x0000000008009a08                __malloc_unlock
 .text          0x0000000008009a0c        0x0 /usr/lib/gcc/arm-none-eabi/4.8.2/../../../arm-none-eabi/lib/armv7-m/libg.a(lib_a-mprec.o)
 .text._Balloc  0x0000000008009a0c       0x4c /usr/lib/gcc/arm-none-eabi/4.8.2/../../../arm-none-eabi/lib/armv7-m/libg.a(lib_a-mprec.o)
                0x0000000008009a0c                _Balloc
 .text._Bfree   0x0000000008009a58       0x14 /usr/lib/gcc/arm-none-eabi/4.8.2/../../../arm-none-eabi/lib/armv7-m/libg.a(lib_a-mprec.o)
                0x0000000008009a58                _Bfree
 .text.__multadd
                0x0000000008009a6c       0x94 /usr/lib/gcc/arm-none-eabi/4.8.2/../../../arm-none-eabi/lib/armv7-m/libg.a(lib_a-mprec.o)
                0x0000000008009a6c                __multadd
 .text.__s2b    0x0000000008009b00       0x9c /usr/lib/gcc/arm-none-eabi/4.8.2/../../../arm-none-eabi/lib/armv7-m/libg.a(lib_a-mprec.o)
                0x0000000008009b00                __s2b
 .text.__hi0bits
                0x0000000008009b9c       0x3c /usr/lib/gcc/arm-none-eabi/4.8.2/../../../arm-none-eabi/lib/armv7-m/libg.a(lib_a-mprec.o)
                0x0000000008009b9c                __hi0bits
 .text.__lo0bits
                0x0000000008009bd8       0x5c /usr/lib/gcc/arm-none-eabi/4.8.2/../../../arm-none-eabi/lib/armv7-m/libg.a(lib_a-mprec.o)
                0x0000000008009bd8                __lo0bits
 .text.__i2b    0x0000000008009c34       0x14 /usr/lib/gcc/arm-none-eabi/4.8.2/../../../arm-none-eabi/lib/armv7-m/libg.a(lib_a-mprec.o)
                0x0000000008009c34                __i2b
 .text.__multiply
                0x0000000008009c48      0x154 /usr/lib/gcc/arm-none-eabi/4.8.2/../../../arm-none-eabi/lib/armv7-m/libg.a(lib_a-mprec.o)
                0x0000000008009c48                __multiply
 .text.__pow5mult
                0x0000000008009d9c       0xa0 /usr/lib/gcc/arm-none-eabi/4.8.2/../../../arm-none-eabi/lib/armv7-m/libg.a(lib_a-mprec.o)
                0x0000000008009d9c                __pow5mult
 .text.__lshift
                0x0000000008009e3c       0xbc /usr/lib/gcc/arm-none-eabi/4.8.2/../../../arm-none-eabi/lib/armv7-m/libg.a(lib_a-mprec.o)
                0x0000000008009e3c                __lshift
 .text.__mcmp   0x0000000008009ef8       0x44 /usr/lib/gcc/arm-none-eabi/4.8.2/../../../arm-none-eabi/lib/armv7-m/libg.a(lib_a-mprec.o)
                0x0000000008009ef8                __mcmp
 .text.__mdiff  0x0000000008009f3c       0xd4 /usr/lib/gcc/arm-none-eabi/4.8.2/../../../arm-none-eabi/lib/armv7-m/libg.a(lib_a-mprec.o)
                0x0000000008009f3c                __mdiff
 .text.__ulp    0x000000000800a010       0x40 /usr/lib/gcc/arm-none-eabi/4.8.2/../../../arm-none-eabi/lib/armv7-m/libg.a(lib_a-mprec.o)
                0x000000000800a010                __ulp
 .text.__b2d    0x000000000800a050       0xb8 /usr/lib/gcc/arm-none-eabi/4.8.2/../../../arm-none-eabi/lib/armv7-m/libg.a(lib_a-mprec.o)
                0x000000000800a050                __b2d
 .text.__d2b    0x000000000800a108       0xbc /usr/lib/gcc/arm-none-eabi/4.8.2/../../../arm-none-eabi/lib/armv7-m/libg.a(lib_a-mprec.o)
                0x000000000800a108                __d2b
 .text.__ratio  0x000000000800a1c4       0x5c /usr/lib/gcc/arm-none-eabi/4.8.2/../../../arm-none-eabi/lib/armv7-m/libg.a(lib_a-mprec.o)
                0x000000000800a1c4                __ratio
 .text._mprec_log10
                0x000000000800a220       0x34 /usr/lib/gcc/arm-none-eabi/4.8.2/../../../arm-none-eabi/lib/armv7-m/libg.a(lib_a-mprec.o)
                0x000000000800a220                _mprec_log10
 .text.__copybits
                0x000000000800a254       0x48 /usr/lib/gcc/arm-none-eabi/4.8.2/../../../arm-none-eabi/lib/armv7-m/libg.a(lib_a-mprec.o)
                0x000000000800a254                __copybits
 .text.__any_on
                0x000000000800a29c       0x5c /usr/lib/gcc/arm-none-eabi/4.8.2/../../../arm-none-eabi/lib/armv7-m/libg.a(lib_a-mprec.o)
                0x000000000800a29c                __any_on
 .text          0x000000000800a2f8        0x0 /usr/lib/gcc/arm-none-eabi/4.8.2/../../../arm-none-eabi/lib/armv7-m/libg.a(lib_a-reallocr.o)
 .text._realloc_r
                0x000000000800a2f8      0x3e4 /usr/lib/gcc/arm-none-eabi/4.8.2/../../../arm-none-eabi/lib/armv7-m/libg.a(lib_a-reallocr.o)
                0x000000000800a2f8                _realloc_r
 .text          0x000000000800a6dc        0x0 /usr/lib/gcc/arm-none-eabi/4.8.2/../../../arm-none-eabi/lib/armv7-m/libg.a(lib_a-s_fpclassify.o)
 .text.__fpclassifyd
                0x000000000800a6dc       0x50 /usr/lib/gcc/arm-none-eabi/4.8.2/../../../arm-none-eabi/lib/armv7-m/libg.a(lib_a-s_fpclassify.o)
                0x000000000800a6dc                __fpclassifyd
 .text          0x000000000800a72c        0x0 /usr/lib/gcc/arm-none-eabi/4.8.2/../../../arm-none-eabi/lib/armv7-m/libg.a(lib_a-sbrkr.o)
 .text._sbrk_r  0x000000000800a72c       0x28 /usr/lib/gcc/arm-none-eabi/4.8.2/../../../arm-none-eabi/lib/armv7-m/libg.a(lib_a-sbrkr.o)
                0x000000000800a72c                _sbrk_r
 .text          0x000000000800a754        0x0 /usr/lib/gcc/arm-none-eabi/4.8.2/../../../arm-none-eabi/lib/armv7-m/libg.a(lib_a-stdio.o)
 .text.__sread  0x000000000800a754       0x24 /usr/lib/gcc/arm-none-eabi/4.8.2/../../../arm-none-eabi/lib/armv7-m/libg.a(lib_a-stdio.o)
                0x000000000800a754                __sread
 .text.__seofread
                0x000000000800a778        0x4 /usr/lib/gcc/arm-none-eabi/4.8.2/../../../arm-none-eabi/lib/armv7-m/libg.a(lib_a-stdio.o)
                0x000000000800a778                __seofread
 .text.__swrite
                0x000000000800a77c       0x38 /usr/lib/gcc/arm-none-eabi/4.8.2/../../../arm-none-eabi/lib/armv7-m/libg.a(lib_a-stdio.o)
                0x000000000800a77c                __swrite
 .text.__sseek  0x000000000800a7b4       0x20 /usr/lib/gcc/arm-none-eabi/4.8.2/../../../arm-none-eabi/lib/armv7-m/libg.a(lib_a-stdio.o)
                0x000000000800a7b4                __sseek
 .text.__sclose
                0x000000000800a7d4        0x8 /usr/lib/gcc/arm-none-eabi/4.8.2/../../../arm-none-eabi/lib/armv7-m/libg.a(lib_a-stdio.o)
                0x000000000800a7d4                __sclose
 .text          0x000000000800a7dc      0x23c /usr/lib/gcc/arm-none-eabi/4.8.2/../../../arm-none-eabi/lib/armv7-m/libg.a(lib_a-strcmp.o)
                0x000000000800a7dc                strcmp
 .text          0x000000000800aa18        0x0 /usr/lib/gcc/arm-none-eabi/4.8.2/../../../arm-none-eabi/lib/armv7-m/libg.a(lib_a-vfiprintf.o)
 .text.__sprint_r.part.0
                0x000000000800aa18       0x7c /usr/lib/gcc/arm-none-eabi/4.8.2/../../../arm-none-eabi/lib/armv7-m/libg.a(lib_a-vfiprintf.o)
 .text.__sprint_r
                0x000000000800aa94       0x18 /usr/lib/gcc/arm-none-eabi/4.8.2/../../../arm-none-eabi/lib/armv7-m/libg.a(lib_a-vfiprintf.o)
                0x000000000800aa94                __sprint_r
 .text._vfiprintf_r
                0x000000000800aaac      0xc04 /usr/lib/gcc/arm-none-eabi/4.8.2/../../../arm-none-eabi/lib/armv7-m/libg.a(lib_a-vfiprintf.o)
                0x000000000800aaac                _vfiprintf_r
 .text.vfiprintf
                0x000000000800b6b0       0x1c /usr/lib/gcc/arm-none-eabi/4.8.2/../../../arm-none-eabi/lib/armv7-m/libg.a(lib_a-vfiprintf.o)
                0x000000000800b6b0                vfiprintf
 .text.__sbprintf
                0x000000000800b6cc       0x7c /usr/lib/gcc/arm-none-eabi/4.8.2/../../../arm-none-eabi/lib/armv7-m/libg.a(lib_a-vfiprintf.o)
 .text          0x000000000800b748        0x0 /usr/lib/gcc/arm-none-eabi/4.8.2/../../../arm-none-eabi/lib/armv7-m/libg.a(lib_a-writer.o)
 .text._write_r
                0x000000000800b748       0x2c /usr/lib/gcc/arm-none-eabi/4.8.2/../../../arm-none-eabi/lib/armv7-m/libg.a(lib_a-writer.o)
                0x000000000800b748                _write_r
 .text          0x000000000800b774        0x0 /usr/lib/gcc/arm-none-eabi/4.8.2/../../../arm-none-eabi/lib/armv7-m/libg.a(lib_a-callocr.o)
 .text._calloc_r
                0x000000000800b774       0x60 /usr/lib/gcc/arm-none-eabi/4.8.2/../../../arm-none-eabi/lib/armv7-m/libg.a(lib_a-callocr.o)
                0x000000000800b774                _calloc_r
 .text          0x000000000800b7d4        0x0 /usr/lib/gcc/arm-none-eabi/4.8.2/../../../arm-none-eabi/lib/armv7-m/libg.a(lib_a-closer.o)
 .text._close_r
                0x000000000800b7d4       0x28 /usr/lib/gcc/arm-none-eabi/4.8.2/../../../arm-none-eabi/lib/armv7-m/libg.a(lib_a-closer.o)
                0x000000000800b7d4                _close_r
 .text          0x000000000800b7fc        0x0 /usr/lib/gcc/arm-none-eabi/4.8.2/../../../arm-none-eabi/lib/armv7-m/libg.a(lib_a-fclose.o)
 .text._fclose_r
                0x000000000800b7fc       0x84 /usr/lib/gcc/arm-none-eabi/4.8.2/../../../arm-none-eabi/lib/armv7-m/libg.a(lib_a-fclose.o)
                0x000000000800b7fc                _fclose_r
 .text.fclose   0x000000000800b880       0x10 /usr/lib/gcc/arm-none-eabi/4.8.2/../../../arm-none-eabi/lib/armv7-m/libg.a(lib_a-fclose.o)
                0x000000000800b880                fclose
 .text          0x000000000800b890        0x0 /usr/lib/gcc/arm-none-eabi/4.8.2/../../../arm-none-eabi/lib/armv7-m/libg.a(lib_a-fputwc.o)
 .text._fputwc_r
                0x000000000800b890       0xc0 /usr/lib/gcc/arm-none-eabi/4.8.2/../../../arm-none-eabi/lib/armv7-m/libg.a(lib_a-fputwc.o)
                0x000000000800b890                _fputwc_r
 .text.fputwc   0x000000000800b950       0x2c /usr/lib/gcc/arm-none-eabi/4.8.2/../../../arm-none-eabi/lib/armv7-m/libg.a(lib_a-fputwc.o)
                0x000000000800b950                fputwc
 .text          0x000000000800b97c        0x0 /usr/lib/gcc/arm-none-eabi/4.8.2/../../../arm-none-eabi/lib/armv7-m/libg.a(lib_a-fstatr.o)
 .text._fstat_r
                0x000000000800b97c       0x28 /usr/lib/gcc/arm-none-eabi/4.8.2/../../../arm-none-eabi/lib/armv7-m/libg.a(lib_a-fstatr.o)
                0x000000000800b97c                _fstat_r
 .text          0x000000000800b9a4        0x0 /usr/lib/gcc/arm-none-eabi/4.8.2/../../../arm-none-eabi/lib/armv7-m/libg.a(lib_a-isattyr.o)
 .text._isatty_r
                0x000000000800b9a4       0x28 /usr/lib/gcc/arm-none-eabi/4.8.2/../../../arm-none-eabi/lib/armv7-m/libg.a(lib_a-isattyr.o)
                0x000000000800b9a4                _isatty_r
 .text          0x000000000800b9cc        0x0 /usr/lib/gcc/arm-none-eabi/4.8.2/../../../arm-none-eabi/lib/armv7-m/libg.a(lib_a-lseekr.o)
 .text._lseek_r
                0x000000000800b9cc       0x2c /usr/lib/gcc/arm-none-eabi/4.8.2/../../../arm-none-eabi/lib/armv7-m/libg.a(lib_a-lseekr.o)
                0x000000000800b9cc                _lseek_r
 .text          0x000000000800b9f8        0x0 /usr/lib/gcc/arm-none-eabi/4.8.2/../../../arm-none-eabi/lib/armv7-m/libg.a(lib_a-readr.o)
 .text._read_r  0x000000000800b9f8       0x2c /usr/lib/gcc/arm-none-eabi/4.8.2/../../../arm-none-eabi/lib/armv7-m/libg.a(lib_a-readr.o)
                0x000000000800b9f8                _read_r
 .text          0x000000000800ba24        0x0 /usr/lib/gcc/arm-none-eabi/4.8.2/../../../arm-none-eabi/lib/armv7-m/libg.a(lib_a-reent.o)
 .text.cleanup_glue
                0x000000000800ba24       0x1c /usr/lib/gcc/arm-none-eabi/4.8.2/../../../arm-none-eabi/lib/armv7-m/libg.a(lib_a-reent.o)
                0x000000000800ba24                cleanup_glue
 .text._reclaim_reent
                0x000000000800ba40       0x94 /usr/lib/gcc/arm-none-eabi/4.8.2/../../../arm-none-eabi/lib/armv7-m/libg.a(lib_a-reent.o)
                0x000000000800ba40                _reclaim_reent
 .text          0x000000000800bad4        0x0 /usr/lib/gcc/arm-none-eabi/4.8.2/../../../arm-none-eabi/lib/armv7-m/libg.a(lib_a-wbuf.o)
 .text.__swbuf_r
                0x000000000800bad4       0xa4 /usr/lib/gcc/arm-none-eabi/4.8.2/../../../arm-none-eabi/lib/armv7-m/libg.a(lib_a-wbuf.o)
                0x000000000800bad4                __swbuf_r
 .text.__swbuf  0x000000000800bb78       0x14 /usr/lib/gcc/arm-none-eabi/4.8.2/../../../arm-none-eabi/lib/armv7-m/libg.a(lib_a-wbuf.o)
                0x000000000800bb78                __swbuf
 .text          0x000000000800bb8c        0x0 /usr/lib/gcc/arm-none-eabi/4.8.2/../../../arm-none-eabi/lib/armv7-m/libg.a(lib_a-wcrtomb.o)
 .text._wcrtomb_r
                0x000000000800bb8c       0x58 /usr/lib/gcc/arm-none-eabi/4.8.2/../../../arm-none-eabi/lib/armv7-m/libg.a(lib_a-wcrtomb.o)
                0x000000000800bb8c                _wcrtomb_r
 .text.wcrtomb  0x000000000800bbe4       0x5c /usr/lib/gcc/arm-none-eabi/4.8.2/../../../arm-none-eabi/lib/armv7-m/libg.a(lib_a-wcrtomb.o)
                0x000000000800bbe4                wcrtomb
 .text          0x000000000800bc40        0x0 /usr/lib/gcc/arm-none-eabi/4.8.2/../../../arm-none-eabi/lib/armv7-m/libg.a(lib_a-wctomb_r.o)
 .text.__ascii_wctomb
                0x000000000800bc40       0x1c /usr/lib/gcc/arm-none-eabi/4.8.2/../../../arm-none-eabi/lib/armv7-m/libg.a(lib_a-wctomb_r.o)
                0x000000000800bc40                __ascii_wctomb
 .text._wctomb_r
                0x000000000800bc5c       0x30 /usr/lib/gcc/arm-none-eabi/4.8.2/../../../arm-none-eabi/lib/armv7-m/libg.a(lib_a-wctomb_r.o)
                0x000000000800bc5c                _wctomb_r
 .text          0x000000000800bc8c      0x370 /usr/lib/gcc/arm-none-eabi/4.8.2/armv7-m/libgcc.a(_arm_addsubdf3.o)
                0x000000000800bc8c                __aeabi_drsub
                0x000000000800bc94                __aeabi_dsub
                0x000000000800bc94                __subdf3
                0x000000000800bc98                __adddf3
                0x000000000800bc98                __aeabi_dadd
                0x000000000800bf10                __aeabi_ui2d
                0x000000000800bf10                __floatunsidf
                0x000000000800bf30                __floatsidf
                0x000000000800bf30                __aeabi_i2d
                0x000000000800bf54                __extendsfdf2
                0x000000000800bf54                __aeabi_f2d
                0x000000000800bf90                __aeabi_ul2d
                0x000000000800bf90                __floatundidf
                0x000000000800bfa0                __floatdidf
                0x000000000800bfa0                __aeabi_l2d
 .text          0x000000000800bffc      0x424 /usr/lib/gcc/arm-none-eabi/4.8.2/armv7-m/libgcc.a(_arm_muldivdf3.o)
                0x000000000800bffc                __aeabi_dmul
                0x000000000800bffc                __muldf3
                0x000000000800c250                __aeabi_ddiv
                0x000000000800c250                __divdf3
 .text          0x000000000800c420      0x110 /usr/lib/gcc/arm-none-eabi/4.8.2/armv7-m/libgcc.a(_arm_cmpdf2.o)
                0x000000000800c420                __gtdf2
                0x000000000800c420                __gedf2
                0x000000000800c428                __ltdf2
                0x000000000800c428                __ledf2
                0x000000000800c430                __cmpdf2
                0x000000000800c430                __eqdf2
                0x000000000800c430                __nedf2
                0x000000000800c4ac                __aeabi_cdrcmple
                0x000000000800c4bc                __aeabi_cdcmple
                0x000000000800c4bc                __aeabi_cdcmpeq
                0x000000000800c4cc                __aeabi_dcmpeq
                0x000000000800c4e0                __aeabi_dcmplt
                0x000000000800c4f4                __aeabi_dcmple
                0x000000000800c508                __aeabi_dcmpge
                0x000000000800c51c                __aeabi_dcmpgt
 .text          0x000000000800c530       0x50 /usr/lib/gcc/arm-none-eabi/4.8.2/armv7-m/libgcc.a(_arm_fixdfsi.o)
                0x000000000800c530                __fixdfsi
                0x000000000800c530                __aeabi_d2iz
 .text          0x000000000800c580       0x2c /usr/lib/gcc/arm-none-eabi/4.8.2/armv7-m/libgcc.a(_aeabi_uldivmod.o)
                0x000000000800c580                __aeabi_uldivmod
 .text          0x000000000800c5ac       0x60 /usr/lib/gcc/arm-none-eabi/4.8.2/armv7-m/libgcc.a(bpabi.o)
                0x000000000800c5ac                __gnu_ldivmod_helper
                0x000000000800c5dc                __gnu_uldivmod_helper
 .text          0x000000000800c60c        0x4 /usr/lib/gcc/arm-none-eabi/4.8.2/armv7-m/libgcc.a(_dvmd_tls.o)
                0x000000000800c60c                __aeabi_ldiv0
                0x000000000800c60c                __aeabi_idiv0
 .text          0x000000000800c610      0x2bc /usr/lib/gcc/arm-none-eabi/4.8.2/armv7-m/libgcc.a(_divdi3.o)
                0x000000000800c610                __divdi3
 .text          0x000000000800c8cc      0x284 /usr/lib/gcc/arm-none-eabi/4.8.2/armv7-m/libgcc.a(_udivdi3.o)
                0x000000000800c8cc                __udivdi3
 *(.glue_7)
 .glue_7        0x0000000000000000        0x0 linker stubs
 *(.glue_7t)
 .glue_7t       0x0000000000000000        0x0 linker stubs
 *(.rodata .rodata* .gnu.linkonce.r*)
 .rodata        0x000000000800cb50        0x8 /tmp/ccDpwsV1.o
 .rodata        0x000000000800cb58        0x4 /tmp/cc9TYxuK.o
                0x000000000800cb58                ulKernelPriority
 .rodata        0x000000000800cb5c      0x140 /tmp/cca9u60b.o
 .rodata        0x000000000800cc9c       0x5c /tmp/ccLHAFJn.o
 .rodata.str1.4
                0x000000000800ccf8        0x2 /usr/lib/gcc/arm-none-eabi/4.8.2/../../../arm-none-eabi/lib/armv7-m/libg.a(lib_a-puts.o)
                                          0x4 (size before relaxing)
 *fill*         0x000000000800ccfa        0x2 
 .rodata.zeroes.6775
                0x000000000800ccfc       0x10 /usr/lib/gcc/arm-none-eabi/4.8.2/../../../arm-none-eabi/lib/armv7-m/libg.a(lib_a-vfprintf.o)
 .rodata.str1.4
                0x000000000800cd0c       0x42 /usr/lib/gcc/arm-none-eabi/4.8.2/../../../arm-none-eabi/lib/armv7-m/libg.a(lib_a-vfprintf.o)
                                         0x44 (size before relaxing)
 *fill*         0x000000000800cd4e        0x2 
 .rodata.blanks.6774
                0x000000000800cd50       0x10 /usr/lib/gcc/arm-none-eabi/4.8.2/../../../arm-none-eabi/lib/armv7-m/libg.a(lib_a-vfprintf.o)
 .rodata.str1.4
                0x000000000800cd60       0x10 /usr/lib/gcc/arm-none-eabi/4.8.2/../../../arm-none-eabi/lib/armv7-m/libg.a(lib_a-dtoa.o)
                                         0x14 (size before relaxing)
 .rodata.str1.4
                0x000000000800cd70        0x2 /usr/lib/gcc/arm-none-eabi/4.8.2/../../../arm-none-eabi/lib/armv7-m/libg.a(lib_a-impure.o)
                                          0x4 (size before relaxing)
 *fill*         0x000000000800cd72        0x2 
 .rodata._global_impure_ptr
                0x000000000800cd74        0x4 /usr/lib/gcc/arm-none-eabi/4.8.2/../../../arm-none-eabi/lib/armv7-m/libg.a(lib_a-impure.o)
                0x000000000800cd74                _global_impure_ptr
 .rodata.str1.4
                0x000000000800cd78        0xc /usr/lib/gcc/arm-none-eabi/4.8.2/../../../arm-none-eabi/lib/armv7-m/libg.a(lib_a-locale.o)
                                         0x14 (size before relaxing)
 *fill*         0x000000000800cd84        0x4 
 .rodata.__mprec_tens
                0x000000000800cd88       0xc8 /usr/lib/gcc/arm-none-eabi/4.8.2/../../../arm-none-eabi/lib/armv7-m/libg.a(lib_a-mprec.o)
                0x000000000800cd88                __mprec_tens
 .rodata.__mprec_bigtens
                0x000000000800ce50       0x28 /usr/lib/gcc/arm-none-eabi/4.8.2/../../../arm-none-eabi/lib/armv7-m/libg.a(lib_a-mprec.o)
                0x000000000800ce50                __mprec_bigtens
 .rodata.p05.5266
                0x000000000800ce78        0xc /usr/lib/gcc/arm-none-eabi/4.8.2/../../../arm-none-eabi/lib/armv7-m/libg.a(lib_a-mprec.o)
 *fill*         0x000000000800ce84        0x4 
 .rodata.__mprec_tinytens
                0x000000000800ce88       0x28 /usr/lib/gcc/arm-none-eabi/4.8.2/../../../arm-none-eabi/lib/armv7-m/libg.a(lib_a-mprec.o)
                0x000000000800ce88                __mprec_tinytens
 .rodata.blanks.6717
                0x000000000800ceb0       0x10 /usr/lib/gcc/arm-none-eabi/4.8.2/../../../arm-none-eabi/lib/armv7-m/libg.a(lib_a-vfiprintf.o)
 .rodata.str1.4
                0x0000000000000000       0x30 /usr/lib/gcc/arm-none-eabi/4.8.2/../../../arm-none-eabi/lib/armv7-m/libg.a(lib_a-vfiprintf.o)
 .rodata.zeroes.6718
                0x000000000800cec0       0x10 /usr/lib/gcc/arm-none-eabi/4.8.2/../../../arm-none-eabi/lib/armv7-m/libg.a(lib_a-vfiprintf.o)
                0x000000000800ced0                . = ALIGN (0x4)
 *(.init)
                0x000000000800ced0                . = ALIGN (0x4)
                0x000000000800ced0                __preinit_array_start = .
 *(.preinit_array)
                0x000000000800ced0                __preinit_array_end = .
                0x000000000800ced0                . = ALIGN (0x4)
                0x000000000800ced0                __init_array_start = .
 *(SORT(.init_array.*))
 *(.init_array)
                0x000000000800ced0                __init_array_end = .
                0x000000000800ced0                . = ALIGN (0x4)
 *(.fini)
                0x000000000800ced0                . = ALIGN (0x4)
                0x000000000800ced0                __fini_array_start = .
 *(SORT(.fini_array.*))
 *(.fini_array)
                0x000000000800ced0                __fini_array_end = .
                0x000000000800ced0                . = ALIGN (0x4)
 *crtbegin.o(.ctors)
 *(EXCLUDE_FILE(*crtend.o) .ctors)
 *(SORT(.ctors.*))
 *crtend.o(.ctors)
                0x000000000800ced0                . = ALIGN (0x4)
 *crtbegin.o(.dtors)
 *(EXCLUDE_FILE(*crtend.o) .dtors)
 *(SORT(.dtors.*))
 *crtend.o(.dtors)

.vfp11_veneer   0x000000000800ced0        0x0
 .vfp11_veneer  0x0000000000000000        0x0 linker stubs

.v4_bx          0x000000000800ced0        0x0
 .v4_bx         0x0000000000000000        0x0 linker stubs

.iplt           0x000000000800ced0        0x0
 .iplt          0x0000000000000000        0x0 /tmp/ccQWBvUY.o

.igot.plt       0x000000000800ced0        0x0
 .igot.plt      0x0000000000000000        0x0 /tmp/ccQWBvUY.o
                0x000000000800ced0                . = ALIGN (0x4)

.ARM.extab      0x000000000800ced0        0x0
 *(.ARM.extab* .gnu.linkonce.armextab.*)
 .ARM.extab     0x000000000800ced0        0x0 /usr/lib/gcc/arm-none-eabi/4.8.2/armv7-m/libgcc.a(_divdi3.o)
 .ARM.extab     0x000000000800ced0        0x0 /usr/lib/gcc/arm-none-eabi/4.8.2/armv7-m/libgcc.a(_udivdi3.o)

.ARM.exidx      0x000000000800ced0        0x8
                0x000000000800ced0                __exidx_start = .
 *(.ARM.exidx* .gnu.linkonce.armexidx.*)
 .ARM.exidx     0x000000000800ced0        0x8 /usr/lib/gcc/arm-none-eabi/4.8.2/armv7-m/libgcc.a(_divdi3.o)
 .ARM.exidx     0x000000000800ced8        0x0 /usr/lib/gcc/arm-none-eabi/4.8.2/armv7-m/libgcc.a(_udivdi3.o)
                                          0x8 (size before relaxing)
                0x000000000800ced8                __exidx_end = .
                0x000000000800ced8                _sidata = .

.rel.dyn        0x000000000800ced8        0x0
 .rel.iplt      0x0000000000000000        0x0 /tmp/ccQWBvUY.o

.relocate       0x0000000020000000      0x8fc load address 0x000000000800ced8
                0x0000000020000000                . = ALIGN (0x4)
                0x0000000020000000                _sdata = .
 *(.ramfunc .ramfunc.*)
 *(.data .data.*)
 .data          0x0000000020000000       0x14 /tmp/ccQWBvUY.o
                0x0000000020000000                SystemCoreClock
                0x0000000020000004                AHBPrescTable
 .data          0x0000000020000014        0x0 /tmp/cctlT0HF.o
 .data          0x0000000020000014       0x10 /tmp/cclp5BIm.o
 .data          0x0000000020000024        0x0 /tmp/cc4ZJkX3.o
 .data          0x0000000020000024        0x0 /tmp/cc2wsesL.o
 .data          0x0000000020000024        0x0 /tmp/ccf3PM9s.o
 .data          0x0000000020000024        0x0 /tmp/cckALQ2a.o
 .data          0x0000000020000024        0x0 /tmp/ccoyLG4S.o
 .data          0x0000000020000024        0x0 /tmp/ccKiCRbB.o
 .data          0x0000000020000024        0x0 /tmp/ccpMEZrj.o
 .data          0x0000000020000024        0x4 /tmp/ccDpwsV1.o
 .data          0x0000000020000028        0x4 /tmp/cc9TYxuK.o
 .data          0x000000002000002c        0x0 /tmp/cc0njr8s.o
 .data          0x000000002000002c       0x14 /tmp/cca9u60b.o
 .data          0x0000000020000040        0x0 /tmp/ccvtYh5U.o
 .data          0x0000000020000040        0x0 /tmp/cchIodiE.o
 .data          0x0000000020000040        0x0 /tmp/ccLHAFJn.o
 .data          0x0000000020000040        0x0 /usr/lib/gcc/arm-none-eabi/4.8.2/../../../arm-none-eabi/lib/armv7-m/libg.a(lib_a-memcpy.o)
 .data          0x0000000020000040        0x0 /usr/lib/gcc/arm-none-eabi/4.8.2/../../../arm-none-eabi/lib/armv7-m/libg.a(lib_a-memset.o)
 .data          0x0000000020000040        0x0 /usr/lib/gcc/arm-none-eabi/4.8.2/../../../arm-none-eabi/lib/armv7-m/libg.a(lib_a-printf.o)
 .data          0x0000000020000040        0x0 /usr/lib/gcc/arm-none-eabi/4.8.2/../../../arm-none-eabi/lib/armv7-m/libg.a(lib_a-puts.o)
 .data          0x0000000020000040        0x0 /usr/lib/gcc/arm-none-eabi/4.8.2/../../../arm-none-eabi/lib/armv7-m/libg.a(lib_a-strlen.o)
 .data          0x0000000020000040        0x0 /usr/lib/gcc/arm-none-eabi/4.8.2/../../../arm-none-eabi/lib/armv7-m/libg.a(lib_a-strncpy.o)
 .data          0x0000000020000040        0x0 /usr/lib/gcc/arm-none-eabi/4.8.2/../../../arm-none-eabi/lib/armv7-m/libg.a(lib_a-vfprintf.o)
 .data          0x0000000020000040        0x0 /usr/lib/gcc/arm-none-eabi/4.8.2/../../../arm-none-eabi/lib/armv7-m/libg.a(lib_a-wsetup.o)
 .data          0x0000000020000040        0x0 /usr/lib/gcc/arm-none-eabi/4.8.2/../../../arm-none-eabi/lib/armv7-m/libg.a(lib_a-dtoa.o)
 .data          0x0000000020000040        0x0 /usr/lib/gcc/arm-none-eabi/4.8.2/../../../arm-none-eabi/lib/armv7-m/libg.a(lib_a-fflush.o)
 .data          0x0000000020000040        0x0 /usr/lib/gcc/arm-none-eabi/4.8.2/../../../arm-none-eabi/lib/armv7-m/libg.a(lib_a-findfp.o)
 .data          0x0000000020000040        0x0 /usr/lib/gcc/arm-none-eabi/4.8.2/../../../arm-none-eabi/lib/armv7-m/libg.a(lib_a-freer.o)
 .data          0x0000000020000040        0x0 /usr/lib/gcc/arm-none-eabi/4.8.2/../../../arm-none-eabi/lib/armv7-m/libg.a(lib_a-fvwrite.o)
 .data          0x0000000020000040        0x0 /usr/lib/gcc/arm-none-eabi/4.8.2/../../../arm-none-eabi/lib/armv7-m/libg.a(lib_a-fwalk.o)
 .data          0x0000000020000040        0x0 /usr/lib/gcc/arm-none-eabi/4.8.2/../../../arm-none-eabi/lib/armv7-m/libg.a(lib_a-impure.o)
 .data.impure_data
                0x0000000020000040      0x428 /usr/lib/gcc/arm-none-eabi/4.8.2/../../../arm-none-eabi/lib/armv7-m/libg.a(lib_a-impure.o)
 .data._impure_ptr
                0x0000000020000468        0x4 /usr/lib/gcc/arm-none-eabi/4.8.2/../../../arm-none-eabi/lib/armv7-m/libg.a(lib_a-impure.o)
                0x0000000020000468                _impure_ptr
 .data          0x000000002000046c        0x0 /usr/lib/gcc/arm-none-eabi/4.8.2/../../../arm-none-eabi/lib/armv7-m/libg.a(lib_a-locale.o)
 .data.lc_message_charset
                0x000000002000046c       0x20 /usr/lib/gcc/arm-none-eabi/4.8.2/../../../arm-none-eabi/lib/armv7-m/libg.a(lib_a-locale.o)
 .data.lconv    0x000000002000048c       0x38 /usr/lib/gcc/arm-none-eabi/4.8.2/../../../arm-none-eabi/lib/armv7-m/libg.a(lib_a-locale.o)
 .data.lc_ctype_charset
                0x00000000200004c4       0x20 /usr/lib/gcc/arm-none-eabi/4.8.2/../../../arm-none-eabi/lib/armv7-m/libg.a(lib_a-locale.o)
 .data.__mb_cur_max
                0x00000000200004e4        0x4 /usr/lib/gcc/arm-none-eabi/4.8.2/../../../arm-none-eabi/lib/armv7-m/libg.a(lib_a-locale.o)
                0x00000000200004e4                __mb_cur_max
 .data          0x00000000200004e8        0x0 /usr/lib/gcc/arm-none-eabi/4.8.2/../../../arm-none-eabi/lib/armv7-m/libg.a(lib_a-makebuf.o)
 .data          0x00000000200004e8        0x0 /usr/lib/gcc/arm-none-eabi/4.8.2/../../../arm-none-eabi/lib/armv7-m/libg.a(lib_a-mallocr.o)
 .data.__malloc_av_
                0x00000000200004e8      0x408 /usr/lib/gcc/arm-none-eabi/4.8.2/../../../arm-none-eabi/lib/armv7-m/libg.a(lib_a-mallocr.o)
                0x00000000200004e8                __malloc_av_
 .data.__malloc_trim_threshold
                0x00000000200008f0        0x4 /usr/lib/gcc/arm-none-eabi/4.8.2/../../../arm-none-eabi/lib/armv7-m/libg.a(lib_a-mallocr.o)
                0x00000000200008f0                __malloc_trim_threshold
 .data.__malloc_sbrk_base
                0x00000000200008f4        0x4 /usr/lib/gcc/arm-none-eabi/4.8.2/../../../arm-none-eabi/lib/armv7-m/libg.a(lib_a-mallocr.o)
                0x00000000200008f4                __malloc_sbrk_base
 .data          0x00000000200008f8        0x0 /usr/lib/gcc/arm-none-eabi/4.8.2/../../../arm-none-eabi/lib/armv7-m/libg.a(lib_a-memchr-stub.o)
 .data          0x00000000200008f8        0x0 /usr/lib/gcc/arm-none-eabi/4.8.2/../../../arm-none-eabi/lib/armv7-m/libg.a(lib_a-memmove.o)
 .data          0x00000000200008f8        0x0 /usr/lib/gcc/arm-none-eabi/4.8.2/../../../arm-none-eabi/lib/armv7-m/libg.a(lib_a-mlock.o)
 .data          0x00000000200008f8        0x0 /usr/lib/gcc/arm-none-eabi/4.8.2/../../../arm-none-eabi/lib/armv7-m/libg.a(lib_a-mprec.o)
 .data          0x00000000200008f8        0x0 /usr/lib/gcc/arm-none-eabi/4.8.2/../../../arm-none-eabi/lib/armv7-m/libg.a(lib_a-reallocr.o)
 .data          0x00000000200008f8        0x0 /usr/lib/gcc/arm-none-eabi/4.8.2/../../../arm-none-eabi/lib/armv7-m/libg.a(lib_a-s_fpclassify.o)
 .data          0x00000000200008f8        0x0 /usr/lib/gcc/arm-none-eabi/4.8.2/../../../arm-none-eabi/lib/armv7-m/libg.a(lib_a-sbrkr.o)
 .data          0x00000000200008f8        0x0 /usr/lib/gcc/arm-none-eabi/4.8.2/../../../arm-none-eabi/lib/armv7-m/libg.a(lib_a-stdio.o)
 .data          0x00000000200008f8        0x0 /usr/lib/gcc/arm-none-eabi/4.8.2/../../../arm-none-eabi/lib/armv7-m/libg.a(lib_a-strcmp.o)
 .data          0x00000000200008f8        0x0 /usr/lib/gcc/arm-none-eabi/4.8.2/../../../arm-none-eabi/lib/armv7-m/libg.a(lib_a-vfiprintf.o)
 .data          0x00000000200008f8        0x0 /usr/lib/gcc/arm-none-eabi/4.8.2/../../../arm-none-eabi/lib/armv7-m/libg.a(lib_a-writer.o)
 .data          0x00000000200008f8        0x0 /usr/lib/gcc/arm-none-eabi/4.8.2/../../../arm-none-eabi/lib/armv7-m/libg.a(lib_a-callocr.o)
 .data          0x00000000200008f8        0x0 /usr/lib/gcc/arm-none-eabi/4.8.2/../../../arm-none-eabi/lib/armv7-m/libg.a(lib_a-closer.o)
 .data          0x00000000200008f8        0x0 /usr/lib/gcc/arm-none-eabi/4.8.2/../../../arm-none-eabi/lib/armv7-m/libg.a(lib_a-fclose.o)
 .data          0x00000000200008f8        0x0 /usr/lib/gcc/arm-none-eabi/4.8.2/../../../arm-none-eabi/lib/armv7-m/libg.a(lib_a-fputwc.o)
 .data          0x00000000200008f8        0x0 /usr/lib/gcc/arm-none-eabi/4.8.2/../../../arm-none-eabi/lib/armv7-m/libg.a(lib_a-fstatr.o)
 .data          0x00000000200008f8        0x0 /usr/lib/gcc/arm-none-eabi/4.8.2/../../../arm-none-eabi/lib/armv7-m/libg.a(lib_a-isattyr.o)
 .data          0x00000000200008f8        0x0 /usr/lib/gcc/arm-none-eabi/4.8.2/../../../arm-none-eabi/lib/armv7-m/libg.a(lib_a-lseekr.o)
 .data          0x00000000200008f8        0x0 /usr/lib/gcc/arm-none-eabi/4.8.2/../../../arm-none-eabi/lib/armv7-m/libg.a(lib_a-readr.o)
 .data          0x00000000200008f8        0x0 /usr/lib/gcc/arm-none-eabi/4.8.2/../../../arm-none-eabi/lib/armv7-m/libg.a(lib_a-reent.o)
 .data          0x00000000200008f8        0x0 /usr/lib/gcc/arm-none-eabi/4.8.2/../../../arm-none-eabi/lib/armv7-m/libg.a(lib_a-wbuf.o)
 .data          0x00000000200008f8        0x0 /usr/lib/gcc/arm-none-eabi/4.8.2/../../../arm-none-eabi/lib/armv7-m/libg.a(lib_a-wcrtomb.o)
 .data          0x00000000200008f8        0x0 /usr/lib/gcc/arm-none-eabi/4.8.2/../../../arm-none-eabi/lib/armv7-m/libg.a(lib_a-wctomb_r.o)
 .data.__wctomb
                0x00000000200008f8        0x4 /usr/lib/gcc/arm-none-eabi/4.8.2/../../../arm-none-eabi/lib/armv7-m/libg.a(lib_a-wctomb_r.o)
                0x00000000200008f8                __wctomb
 .data          0x00000000200008fc        0x0 /usr/lib/gcc/arm-none-eabi/4.8.2/armv7-m/libgcc.a(_arm_addsubdf3.o)
 .data          0x00000000200008fc        0x0 /usr/lib/gcc/arm-none-eabi/4.8.2/armv7-m/libgcc.a(_arm_muldivdf3.o)
 .data          0x00000000200008fc        0x0 /usr/lib/gcc/arm-none-eabi/4.8.2/armv7-m/libgcc.a(_arm_cmpdf2.o)
 .data          0x00000000200008fc        0x0 /usr/lib/gcc/arm-none-eabi/4.8.2/armv7-m/libgcc.a(_arm_fixdfsi.o)
 .data          0x00000000200008fc        0x0 /usr/lib/gcc/arm-none-eabi/4.8.2/armv7-m/libgcc.a(_aeabi_uldivmod.o)
 .data          0x00000000200008fc        0x0 /usr/lib/gcc/arm-none-eabi/4.8.2/armv7-m/libgcc.a(bpabi.o)
 .data          0x00000000200008fc        0x0 /usr/lib/gcc/arm-none-eabi/4.8.2/armv7-m/libgcc.a(_dvmd_tls.o)
 .data          0x00000000200008fc        0x0 /usr/lib/gcc/arm-none-eabi/4.8.2/armv7-m/libgcc.a(_divdi3.o)
 .data          0x00000000200008fc        0x0 /usr/lib/gcc/arm-none-eabi/4.8.2/armv7-m/libgcc.a(_udivdi3.o)
                0x00000000200008fc                . = ALIGN (0x4)
                0x00000000200008fc                _edata = .

.bss            0x0000000020000900    0x1eccc load address 0x000000000800d7d8
                0x0000000020000900                . = ALIGN (0x4)
                0x0000000020000900                _sbss = .
                0x0000000020000900                __bss_start__ = .
 *(.bss .bss.*)
 .bss           0x0000000020000900        0x0 /tmp/ccQWBvUY.o
 .bss           0x0000000020000900        0x0 /tmp/cctlT0HF.o
 .bss           0x0000000020000900        0x0 /tmp/cclp5BIm.o
 .bss           0x0000000020000900        0x0 /tmp/cc4ZJkX3.o
 .bss           0x0000000020000900        0x0 /tmp/cc2wsesL.o
 .bss           0x0000000020000900        0x0 /tmp/ccf3PM9s.o
 .bss           0x0000000020000900        0x0 /tmp/cckALQ2a.o
 .bss           0x0000000020000900       0x80 /tmp/ccoyLG4S.o
                0x000000002000096c                pxCurrentCoRoutine
 .bss           0x0000000020000980        0x0 /tmp/ccKiCRbB.o
 .bss           0x0000000020000980        0x0 /tmp/ccpMEZrj.o
 .bss           0x0000000020000980      0x100 /tmp/ccDpwsV1.o
                0x0000000020000980                pxCurrentTCB
 .bss           0x0000000020000a80        0x0 /tmp/cc9TYxuK.o
 .bss           0x0000000020000a80    0x10008 /tmp/cc0njr8s.o
 .bss           0x0000000020010a88     0xea28 /tmp/cca9u60b.o
 .bss           0x000000002001f4b0       0xd4 /tmp/ccvtYh5U.o
                0x000000002001f4b0                __stdout
                0x000000002001f518                __stderr
 .bss           0x000000002001f584        0x1 /tmp/cchIodiE.o
 .bss           0x000000002001f585        0x0 /tmp/ccLHAFJn.o
 .bss           0x000000002001f585        0x0 /usr/lib/gcc/arm-none-eabi/4.8.2/../../../arm-none-eabi/lib/armv7-m/libg.a(lib_a-memcpy.o)
 .bss           0x000000002001f585        0x0 /usr/lib/gcc/arm-none-eabi/4.8.2/../../../arm-none-eabi/lib/armv7-m/libg.a(lib_a-memset.o)
 .bss           0x000000002001f585        0x0 /usr/lib/gcc/arm-none-eabi/4.8.2/../../../arm-none-eabi/lib/armv7-m/libg.a(lib_a-printf.o)
 .bss           0x000000002001f585        0x0 /usr/lib/gcc/arm-none-eabi/4.8.2/../../../arm-none-eabi/lib/armv7-m/libg.a(lib_a-puts.o)
 .bss           0x000000002001f585        0x0 /usr/lib/gcc/arm-none-eabi/4.8.2/../../../arm-none-eabi/lib/armv7-m/libg.a(lib_a-strlen.o)
 .bss           0x000000002001f585        0x0 /usr/lib/gcc/arm-none-eabi/4.8.2/../../../arm-none-eabi/lib/armv7-m/libg.a(lib_a-strncpy.o)
 .bss           0x000000002001f585        0x0 /usr/lib/gcc/arm-none-eabi/4.8.2/../../../arm-none-eabi/lib/armv7-m/libg.a(lib_a-vfprintf.o)
 .bss           0x000000002001f585        0x0 /usr/lib/gcc/arm-none-eabi/4.8.2/../../../arm-none-eabi/lib/armv7-m/libg.a(lib_a-wsetup.o)
 .bss           0x000000002001f585        0x0 /usr/lib/gcc/arm-none-eabi/4.8.2/../../../arm-none-eabi/lib/armv7-m/libg.a(lib_a-dtoa.o)
 .bss           0x000000002001f585        0x0 /usr/lib/gcc/arm-none-eabi/4.8.2/../../../arm-none-eabi/lib/armv7-m/libg.a(lib_a-fflush.o)
 .bss           0x000000002001f585        0x0 /usr/lib/gcc/arm-none-eabi/4.8.2/../../../arm-none-eabi/lib/armv7-m/libg.a(lib_a-findfp.o)
 .bss           0x000000002001f585        0x0 /usr/lib/gcc/arm-none-eabi/4.8.2/../../../arm-none-eabi/lib/armv7-m/libg.a(lib_a-freer.o)
 .bss           0x000000002001f585        0x0 /usr/lib/gcc/arm-none-eabi/4.8.2/../../../arm-none-eabi/lib/armv7-m/libg.a(lib_a-fvwrite.o)
 .bss           0x000000002001f585        0x0 /usr/lib/gcc/arm-none-eabi/4.8.2/../../../arm-none-eabi/lib/armv7-m/libg.a(lib_a-fwalk.o)
 .bss           0x000000002001f585        0x0 /usr/lib/gcc/arm-none-eabi/4.8.2/../../../arm-none-eabi/lib/armv7-m/libg.a(lib_a-impure.o)
 .bss           0x000000002001f585        0x0 /usr/lib/gcc/arm-none-eabi/4.8.2/../../../arm-none-eabi/lib/armv7-m/libg.a(lib_a-locale.o)
 *fill*         0x000000002001f585        0x3 
 .bss._PathLocale
                0x000000002001f588        0x4 /usr/lib/gcc/arm-none-eabi/4.8.2/../../../arm-none-eabi/lib/armv7-m/libg.a(lib_a-locale.o)
                0x000000002001f588                _PathLocale
 .bss.__nlocale_changed
                0x000000002001f58c        0x4 /usr/lib/gcc/arm-none-eabi/4.8.2/../../../arm-none-eabi/lib/armv7-m/libg.a(lib_a-locale.o)
                0x000000002001f58c                __nlocale_changed
 .bss.__mlocale_changed
                0x000000002001f590        0x4 /usr/lib/gcc/arm-none-eabi/4.8.2/../../../arm-none-eabi/lib/armv7-m/libg.a(lib_a-locale.o)
                0x000000002001f590                __mlocale_changed
 .bss           0x000000002001f594        0x0 /usr/lib/gcc/arm-none-eabi/4.8.2/../../../arm-none-eabi/lib/armv7-m/libg.a(lib_a-makebuf.o)
 .bss           0x000000002001f594        0x0 /usr/lib/gcc/arm-none-eabi/4.8.2/../../../arm-none-eabi/lib/armv7-m/libg.a(lib_a-mallocr.o)
 .bss.__malloc_max_total_mem
                0x000000002001f594        0x4 /usr/lib/gcc/arm-none-eabi/4.8.2/../../../arm-none-eabi/lib/armv7-m/libg.a(lib_a-mallocr.o)
                0x000000002001f594                __malloc_max_total_mem
 .bss.__malloc_max_sbrked_mem
                0x000000002001f598        0x4 /usr/lib/gcc/arm-none-eabi/4.8.2/../../../arm-none-eabi/lib/armv7-m/libg.a(lib_a-mallocr.o)
                0x000000002001f598                __malloc_max_sbrked_mem
 .bss.__malloc_top_pad
                0x000000002001f59c        0x4 /usr/lib/gcc/arm-none-eabi/4.8.2/../../../arm-none-eabi/lib/armv7-m/libg.a(lib_a-mallocr.o)
                0x000000002001f59c                __malloc_top_pad
 .bss.__malloc_current_mallinfo
                0x000000002001f5a0       0x28 /usr/lib/gcc/arm-none-eabi/4.8.2/../../../arm-none-eabi/lib/armv7-m/libg.a(lib_a-mallocr.o)
                0x000000002001f5a0                __malloc_current_mallinfo
 .bss           0x000000002001f5c8        0x0 /usr/lib/gcc/arm-none-eabi/4.8.2/../../../arm-none-eabi/lib/armv7-m/libg.a(lib_a-memchr-stub.o)
 .bss           0x000000002001f5c8        0x0 /usr/lib/gcc/arm-none-eabi/4.8.2/../../../arm-none-eabi/lib/armv7-m/libg.a(lib_a-memmove.o)
 .bss           0x000000002001f5c8        0x0 /usr/lib/gcc/arm-none-eabi/4.8.2/../../../arm-none-eabi/lib/armv7-m/libg.a(lib_a-mlock.o)
 .bss           0x000000002001f5c8        0x0 /usr/lib/gcc/arm-none-eabi/4.8.2/../../../arm-none-eabi/lib/armv7-m/libg.a(lib_a-mprec.o)
 .bss           0x000000002001f5c8        0x0 /usr/lib/gcc/arm-none-eabi/4.8.2/../../../arm-none-eabi/lib/armv7-m/libg.a(lib_a-reallocr.o)
 .bss           0x000000002001f5c8        0x0 /usr/lib/gcc/arm-none-eabi/4.8.2/../../../arm-none-eabi/lib/armv7-m/libg.a(lib_a-s_fpclassify.o)
 .bss           0x000000002001f5c8        0x0 /usr/lib/gcc/arm-none-eabi/4.8.2/../../../arm-none-eabi/lib/armv7-m/libg.a(lib_a-sbrkr.o)
 .bss           0x000000002001f5c8        0x0 /usr/lib/gcc/arm-none-eabi/4.8.2/../../../arm-none-eabi/lib/armv7-m/libg.a(lib_a-stdio.o)
 .bss           0x000000002001f5c8        0x0 /usr/lib/gcc/arm-none-eabi/4.8.2/../../../arm-none-eabi/lib/armv7-m/libg.a(lib_a-strcmp.o)
 .bss           0x000000002001f5c8        0x0 /usr/lib/gcc/arm-none-eabi/4.8.2/../../../arm-none-eabi/lib/armv7-m/libg.a(lib_a-vfiprintf.o)
 .bss           0x000000002001f5c8        0x0 /usr/lib/gcc/arm-none-eabi/4.8.2/../../../arm-none-eabi/lib/armv7-m/libg.a(lib_a-writer.o)
 .bss           0x000000002001f5c8        0x0 /usr/lib/gcc/arm-none-eabi/4.8.2/../../../arm-none-eabi/lib/armv7-m/libg.a(lib_a-callocr.o)
 .bss           0x000000002001f5c8        0x0 /usr/lib/gcc/arm-none-eabi/4.8.2/../../../arm-none-eabi/lib/armv7-m/libg.a(lib_a-closer.o)
 .bss           0x000000002001f5c8        0x0 /usr/lib/gcc/arm-none-eabi/4.8.2/../../../arm-none-eabi/lib/armv7-m/libg.a(lib_a-fclose.o)
 .bss           0x000000002001f5c8        0x0 /usr/lib/gcc/arm-none-eabi/4.8.2/../../../arm-none-eabi/lib/armv7-m/libg.a(lib_a-fputwc.o)
 .bss           0x000000002001f5c8        0x0 /usr/lib/gcc/arm-none-eabi/4.8.2/../../../arm-none-eabi/lib/armv7-m/libg.a(lib_a-fstatr.o)
 .bss           0x000000002001f5c8        0x0 /usr/lib/gcc/arm-none-eabi/4.8.2/../../../arm-none-eabi/lib/armv7-m/libg.a(lib_a-isattyr.o)
 .bss           0x000000002001f5c8        0x0 /usr/lib/gcc/arm-none-eabi/4.8.2/../../../arm-none-eabi/lib/armv7-m/libg.a(lib_a-lseekr.o)
 .bss           0x000000002001f5c8        0x0 /usr/lib/gcc/arm-none-eabi/4.8.2/../../../arm-none-eabi/lib/armv7-m/libg.a(lib_a-readr.o)
 .bss           0x000000002001f5c8        0x0 /usr/lib/gcc/arm-none-eabi/4.8.2/../../../arm-none-eabi/lib/armv7-m/libg.a(lib_a-reent.o)
 .bss           0x000000002001f5c8        0x0 /usr/lib/gcc/arm-none-eabi/4.8.2/../../../arm-none-eabi/lib/armv7-m/libg.a(lib_a-wbuf.o)
 .bss           0x000000002001f5c8        0x0 /usr/lib/gcc/arm-none-eabi/4.8.2/../../../arm-none-eabi/lib/armv7-m/libg.a(lib_a-wcrtomb.o)
 .bss           0x000000002001f5c8        0x0 /usr/lib/gcc/arm-none-eabi/4.8.2/../../../arm-none-eabi/lib/armv7-m/libg.a(lib_a-wctomb_r.o)
 .bss           0x000000002001f5c8        0x0 /usr/lib/gcc/arm-none-eabi/4.8.2/armv7-m/libgcc.a(_arm_addsubdf3.o)
 .bss           0x000000002001f5c8        0x0 /usr/lib/gcc/arm-none-eabi/4.8.2/armv7-m/libgcc.a(_arm_muldivdf3.o)
 .bss           0x000000002001f5c8        0x0 /usr/lib/gcc/arm-none-eabi/4.8.2/armv7-m/libgcc.a(_arm_cmpdf2.o)
 .bss           0x000000002001f5c8        0x0 /usr/lib/gcc/arm-none-eabi/4.8.2/armv7-m/libgcc.a(_arm_fixdfsi.o)
 .bss           0x000000002001f5c8        0x0 /usr/lib/gcc/arm-none-eabi/4.8.2/armv7-m/libgcc.a(_aeabi_uldivmod.o)
 .bss           0x000000002001f5c8        0x0 /usr/lib/gcc/arm-none-eabi/4.8.2/armv7-m/libgcc.a(bpabi.o)
 .bss           0x000000002001f5c8        0x0 /usr/lib/gcc/arm-none-eabi/4.8.2/armv7-m/libgcc.a(_dvmd_tls.o)
 .bss           0x000000002001f5c8        0x0 /usr/lib/gcc/arm-none-eabi/4.8.2/armv7-m/libgcc.a(_divdi3.o)
 .bss           0x000000002001f5c8        0x0 /usr/lib/gcc/arm-none-eabi/4.8.2/armv7-m/libgcc.a(_udivdi3.o)
 *(COMMON)
 COMMON         0x000000002001f5c8        0x4 /usr/lib/gcc/arm-none-eabi/4.8.2/../../../arm-none-eabi/lib/armv7-m/libg.a(lib_a-reent.o)
                0x000000002001f5c8                errno
                0x000000002001f5cc                . = ALIGN (0x4)
                0x000000002001f5cc                _ebss = .
                0x000000002001f5cc                __bss_end__ = .
                0x0000000020030000                _estack = (ORIGIN (sram) + 0x30000)
                0x000000002001f5cc                . = ALIGN (0x4)
                0x000000002001f5cc                _end = .
LOAD /tmp/ccQWBvUY.o
LOAD /tmp/cctlT0HF.o
LOAD /tmp/cclp5BIm.o
LOAD /tmp/cc4ZJkX3.o
LOAD /tmp/cc2wsesL.o
LOAD /tmp/ccf3PM9s.o
LOAD /tmp/cckALQ2a.o
LOAD /tmp/ccoyLG4S.o
LOAD /tmp/ccKiCRbB.o
LOAD /tmp/ccpMEZrj.o
LOAD /tmp/ccDpwsV1.o
LOAD /tmp/cc9TYxuK.o
LOAD /tmp/cc0njr8s.o
LOAD /tmp/cca9u60b.o
LOAD /tmp/ccvtYh5U.o
LOAD /tmp/cchIodiE.o
LOAD /tmp/ccLHAFJn.o
START GROUP
LOAD /usr/lib/gcc/arm-none-eabi/4.8.2/armv7-m/libgcc.a
LOAD /usr/lib/gcc/arm-none-eabi/4.8.2/../../../arm-none-eabi/lib/armv7-m/libg.a
LOAD /usr/lib/gcc/arm-none-eabi/4.8.2/../../../arm-none-eabi/lib/armv7-m/libc.a
END GROUP
OUTPUT(main.elf elf32-littlearm)

.debug_info     0x0000000000000000    0x21ad7
 .debug_info    0x0000000000000000      0x654 /tmp/ccQWBvUY.o
 .debug_info    0x0000000000000654       0xb7 /tmp/cctlT0HF.o
 .debug_info    0x000000000000070b      0xdc4 /tmp/cclp5BIm.o
 .debug_info    0x00000000000014cf      0x673 /tmp/cc4ZJkX3.o
 .debug_info    0x0000000000001b42      0xa95 /tmp/cc2wsesL.o
 .debug_info    0x00000000000025d7      0x38d /tmp/ccf3PM9s.o
 .debug_info    0x0000000000002964      0x5b7 /tmp/cckALQ2a.o
 .debug_info    0x0000000000002f1b      0x4b6 /tmp/ccoyLG4S.o
 .debug_info    0x00000000000033d1      0x2b6 /tmp/ccKiCRbB.o
 .debug_info    0x0000000000003687      0x825 /tmp/ccpMEZrj.o
 .debug_info    0x0000000000003eac      0xd93 /tmp/ccDpwsV1.o
 .debug_info    0x0000000000004c3f      0x1ed /tmp/cc9TYxuK.o
 .debug_info    0x0000000000004e2c      0x183 /tmp/cc0njr8s.o
 .debug_info    0x0000000000004faf     0x1890 /tmp/cca9u60b.o
 .debug_info    0x000000000000683f      0xde7 /tmp/ccvtYh5U.o
 .debug_info    0x0000000000007626      0x50f /tmp/cchIodiE.o
 .debug_info    0x0000000000007b35      0x4ea /tmp/ccLHAFJn.o
 .debug_info    0x000000000000801f       0xb2 /usr/lib/gcc/arm-none-eabi/4.8.2/../../../arm-none-eabi/lib/armv7-m/libg.a(lib_a-memcpy.o)
 .debug_info    0x00000000000080d1      0x117 /usr/lib/gcc/arm-none-eabi/4.8.2/../../../arm-none-eabi/lib/armv7-m/libg.a(lib_a-memset.o)
 .debug_info    0x00000000000081e8      0x9ab /usr/lib/gcc/arm-none-eabi/4.8.2/../../../arm-none-eabi/lib/armv7-m/libg.a(lib_a-printf.o)
 .debug_info    0x0000000000008b93      0xa16 /usr/lib/gcc/arm-none-eabi/4.8.2/../../../arm-none-eabi/lib/armv7-m/libg.a(lib_a-puts.o)
 .debug_info    0x00000000000095a9       0xb5 /usr/lib/gcc/arm-none-eabi/4.8.2/../../../arm-none-eabi/lib/armv7-m/libg.a(lib_a-strlen.o)
 .debug_info    0x000000000000965e      0x128 /usr/lib/gcc/arm-none-eabi/4.8.2/../../../arm-none-eabi/lib/armv7-m/libg.a(lib_a-strncpy.o)
 .debug_info    0x0000000000009786     0x185a /usr/lib/gcc/arm-none-eabi/4.8.2/../../../arm-none-eabi/lib/armv7-m/libg.a(lib_a-vfprintf.o)
 .debug_info    0x000000000000afe0      0x93b /usr/lib/gcc/arm-none-eabi/4.8.2/../../../arm-none-eabi/lib/armv7-m/libg.a(lib_a-wsetup.o)
 .debug_info    0x000000000000b91b     0x1321 /usr/lib/gcc/arm-none-eabi/4.8.2/../../../arm-none-eabi/lib/armv7-m/libg.a(lib_a-dtoa.o)
 .debug_info    0x000000000000cc3c      0xaba /usr/lib/gcc/arm-none-eabi/4.8.2/../../../arm-none-eabi/lib/armv7-m/libg.a(lib_a-fflush.o)
 .debug_info    0x000000000000d6f6      0xd35 /usr/lib/gcc/arm-none-eabi/4.8.2/../../../arm-none-eabi/lib/armv7-m/libg.a(lib_a-findfp.o)
 .debug_info    0x000000000000e42b      0xc1c /usr/lib/gcc/arm-none-eabi/4.8.2/../../../arm-none-eabi/lib/armv7-m/libg.a(lib_a-freer.o)
 .debug_info    0x000000000000f047      0xc53 /usr/lib/gcc/arm-none-eabi/4.8.2/../../../arm-none-eabi/lib/armv7-m/libg.a(lib_a-fvwrite.o)
 .debug_info    0x000000000000fc9a      0x99c /usr/lib/gcc/arm-none-eabi/4.8.2/../../../arm-none-eabi/lib/armv7-m/libg.a(lib_a-fwalk.o)
 .debug_info    0x0000000000010636      0x894 /usr/lib/gcc/arm-none-eabi/4.8.2/../../../arm-none-eabi/lib/armv7-m/libg.a(lib_a-impure.o)
 .debug_info    0x0000000000010eca      0xbe5 /usr/lib/gcc/arm-none-eabi/4.8.2/../../../arm-none-eabi/lib/armv7-m/libg.a(lib_a-locale.o)
 .debug_info    0x0000000000011aaf      0xae6 /usr/lib/gcc/arm-none-eabi/4.8.2/../../../arm-none-eabi/lib/armv7-m/libg.a(lib_a-makebuf.o)
 .debug_info    0x0000000000012595      0xd7b /usr/lib/gcc/arm-none-eabi/4.8.2/../../../arm-none-eabi/lib/armv7-m/libg.a(lib_a-mallocr.o)
 .debug_info    0x0000000000013310      0x129 /usr/lib/gcc/arm-none-eabi/4.8.2/../../../arm-none-eabi/lib/armv7-m/libg.a(lib_a-memchr-stub.o)
 .debug_info    0x0000000000013439      0x131 /usr/lib/gcc/arm-none-eabi/4.8.2/../../../arm-none-eabi/lib/armv7-m/libg.a(lib_a-memmove.o)
 .debug_info    0x000000000001356a      0x8b4 /usr/lib/gcc/arm-none-eabi/4.8.2/../../../arm-none-eabi/lib/armv7-m/libg.a(lib_a-mlock.o)
 .debug_info    0x0000000000013e1e     0x1675 /usr/lib/gcc/arm-none-eabi/4.8.2/../../../arm-none-eabi/lib/armv7-m/libg.a(lib_a-mprec.o)
 .debug_info    0x0000000000015493      0xcbb /usr/lib/gcc/arm-none-eabi/4.8.2/../../../arm-none-eabi/lib/armv7-m/libg.a(lib_a-reallocr.o)
 .debug_info    0x000000000001614e       0xdb /usr/lib/gcc/arm-none-eabi/4.8.2/../../../arm-none-eabi/lib/armv7-m/libg.a(lib_a-s_fpclassify.o)
 .debug_info    0x0000000000016229      0x8f4 /usr/lib/gcc/arm-none-eabi/4.8.2/../../../arm-none-eabi/lib/armv7-m/libg.a(lib_a-sbrkr.o)
 .debug_info    0x0000000000016b1d      0xb8a /usr/lib/gcc/arm-none-eabi/4.8.2/../../../arm-none-eabi/lib/armv7-m/libg.a(lib_a-stdio.o)
 .debug_info    0x00000000000176a7       0xab /usr/lib/gcc/arm-none-eabi/4.8.2/../../../arm-none-eabi/lib/armv7-m/libg.a(lib_a-strcmp.o)
 .debug_info    0x0000000000017752     0x153c /usr/lib/gcc/arm-none-eabi/4.8.2/../../../arm-none-eabi/lib/armv7-m/libg.a(lib_a-vfiprintf.o)
 .debug_info    0x0000000000018c8e      0x929 /usr/lib/gcc/arm-none-eabi/4.8.2/../../../arm-none-eabi/lib/armv7-m/libg.a(lib_a-writer.o)
 .debug_info    0x00000000000195b7      0x9e0 /usr/lib/gcc/arm-none-eabi/4.8.2/../../../arm-none-eabi/lib/armv7-m/libg.a(lib_a-callocr.o)
 .debug_info    0x0000000000019f97      0x8e0 /usr/lib/gcc/arm-none-eabi/4.8.2/../../../arm-none-eabi/lib/armv7-m/libg.a(lib_a-closer.o)
 .debug_info    0x000000000001a877      0x9e5 /usr/lib/gcc/arm-none-eabi/4.8.2/../../../arm-none-eabi/lib/armv7-m/libg.a(lib_a-fclose.o)
 .debug_info    0x000000000001b25c      0xac7 /usr/lib/gcc/arm-none-eabi/4.8.2/../../../arm-none-eabi/lib/armv7-m/libg.a(lib_a-fputwc.o)
 .debug_info    0x000000000001bd23      0xa5e /usr/lib/gcc/arm-none-eabi/4.8.2/../../../arm-none-eabi/lib/armv7-m/libg.a(lib_a-fstatr.o)
 .debug_info    0x000000000001c781      0x8e0 /usr/lib/gcc/arm-none-eabi/4.8.2/../../../arm-none-eabi/lib/armv7-m/libg.a(lib_a-isattyr.o)
 .debug_info    0x000000000001d061      0x90c /usr/lib/gcc/arm-none-eabi/4.8.2/../../../arm-none-eabi/lib/armv7-m/libg.a(lib_a-lseekr.o)
 .debug_info    0x000000000001d96d      0x922 /usr/lib/gcc/arm-none-eabi/4.8.2/../../../arm-none-eabi/lib/armv7-m/libg.a(lib_a-readr.o)
 .debug_info    0x000000000001e28f      0x9fb /usr/lib/gcc/arm-none-eabi/4.8.2/../../../arm-none-eabi/lib/armv7-m/libg.a(lib_a-reent.o)
 .debug_info    0x000000000001ec8a      0x9cc /usr/lib/gcc/arm-none-eabi/4.8.2/../../../arm-none-eabi/lib/armv7-m/libg.a(lib_a-wbuf.o)
 .debug_info    0x000000000001f656      0xa75 /usr/lib/gcc/arm-none-eabi/4.8.2/../../../arm-none-eabi/lib/armv7-m/libg.a(lib_a-wcrtomb.o)
 .debug_info    0x00000000000200cb      0x9b5 /usr/lib/gcc/arm-none-eabi/4.8.2/../../../arm-none-eabi/lib/armv7-m/libg.a(lib_a-wctomb_r.o)
 .debug_info    0x0000000000020a80       0xa0 /usr/lib/gcc/arm-none-eabi/4.8.2/armv7-m/libgcc.a(_arm_addsubdf3.o)
 .debug_info    0x0000000000020b20       0xa0 /usr/lib/gcc/arm-none-eabi/4.8.2/armv7-m/libgcc.a(_arm_muldivdf3.o)
 .debug_info    0x0000000000020bc0       0xa0 /usr/lib/gcc/arm-none-eabi/4.8.2/armv7-m/libgcc.a(_arm_cmpdf2.o)
 .debug_info    0x0000000000020c60       0xa0 /usr/lib/gcc/arm-none-eabi/4.8.2/armv7-m/libgcc.a(_arm_fixdfsi.o)
 .debug_info    0x0000000000020d00       0x9b /usr/lib/gcc/arm-none-eabi/4.8.2/armv7-m/libgcc.a(_aeabi_uldivmod.o)
 .debug_info    0x0000000000020d9b      0x164 /usr/lib/gcc/arm-none-eabi/4.8.2/armv7-m/libgcc.a(bpabi.o)
 .debug_info    0x0000000000020eff       0x9f /usr/lib/gcc/arm-none-eabi/4.8.2/armv7-m/libgcc.a(_dvmd_tls.o)
 .debug_info    0x0000000000020f9e      0x5bd /usr/lib/gcc/arm-none-eabi/4.8.2/armv7-m/libgcc.a(_divdi3.o)
 .debug_info    0x000000000002155b      0x57c /usr/lib/gcc/arm-none-eabi/4.8.2/armv7-m/libgcc.a(_udivdi3.o)

.debug_abbrev   0x0000000000000000     0x6cb8
 .debug_abbrev  0x0000000000000000      0x13b /tmp/ccQWBvUY.o
 .debug_abbrev  0x000000000000013b       0x12 /tmp/cctlT0HF.o
 .debug_abbrev  0x000000000000014d      0x1e8 /tmp/cclp5BIm.o
 .debug_abbrev  0x0000000000000335      0x1a8 /tmp/cc4ZJkX3.o
 .debug_abbrev  0x00000000000004dd      0x15a /tmp/cc2wsesL.o
 .debug_abbrev  0x0000000000000637      0x1aa /tmp/ccf3PM9s.o
 .debug_abbrev  0x00000000000007e1      0x12c /tmp/cckALQ2a.o
 .debug_abbrev  0x000000000000090d      0x18a /tmp/ccoyLG4S.o
 .debug_abbrev  0x0000000000000a97       0xbf /tmp/ccKiCRbB.o
 .debug_abbrev  0x0000000000000b56      0x137 /tmp/ccpMEZrj.o
 .debug_abbrev  0x0000000000000c8d      0x1d2 /tmp/ccDpwsV1.o
 .debug_abbrev  0x0000000000000e5f      0x14b /tmp/cc9TYxuK.o
 .debug_abbrev  0x0000000000000faa      0x10b /tmp/cc0njr8s.o
 .debug_abbrev  0x00000000000010b5      0x290 /tmp/cca9u60b.o
 .debug_abbrev  0x0000000000001345      0x207 /tmp/ccvtYh5U.o
 .debug_abbrev  0x000000000000154c      0x112 /tmp/cchIodiE.o
 .debug_abbrev  0x000000000000165e      0x112 /tmp/ccLHAFJn.o
 .debug_abbrev  0x0000000000001770       0x14 /usr/lib/gcc/arm-none-eabi/4.8.2/../../../arm-none-eabi/lib/armv7-m/libg.a(lib_a-memcpy.o)
 .debug_abbrev  0x0000000000001784       0x9f /usr/lib/gcc/arm-none-eabi/4.8.2/../../../arm-none-eabi/lib/armv7-m/libg.a(lib_a-memset.o)
 .debug_abbrev  0x0000000000001823      0x227 /usr/lib/gcc/arm-none-eabi/4.8.2/../../../arm-none-eabi/lib/armv7-m/libg.a(lib_a-printf.o)
 .debug_abbrev  0x0000000000001a4a      0x235 /usr/lib/gcc/arm-none-eabi/4.8.2/../../../arm-none-eabi/lib/armv7-m/libg.a(lib_a-puts.o)
 .debug_abbrev  0x0000000000001c7f       0x70 /usr/lib/gcc/arm-none-eabi/4.8.2/../../../arm-none-eabi/lib/armv7-m/libg.a(lib_a-strlen.o)
 .debug_abbrev  0x0000000000001cef       0x9f /usr/lib/gcc/arm-none-eabi/4.8.2/../../../arm-none-eabi/lib/armv7-m/libg.a(lib_a-strncpy.o)
 .debug_abbrev  0x0000000000001d8e      0x3cd /usr/lib/gcc/arm-none-eabi/4.8.2/../../../arm-none-eabi/lib/armv7-m/libg.a(lib_a-vfprintf.o)
 .debug_abbrev  0x000000000000215b      0x20b /usr/lib/gcc/arm-none-eabi/4.8.2/../../../arm-none-eabi/lib/armv7-m/libg.a(lib_a-wsetup.o)
 .debug_abbrev  0x0000000000002366      0x2bc /usr/lib/gcc/arm-none-eabi/4.8.2/../../../arm-none-eabi/lib/armv7-m/libg.a(lib_a-dtoa.o)
 .debug_abbrev  0x0000000000002622      0x28e /usr/lib/gcc/arm-none-eabi/4.8.2/../../../arm-none-eabi/lib/armv7-m/libg.a(lib_a-fflush.o)
 .debug_abbrev  0x00000000000028b0      0x351 /usr/lib/gcc/arm-none-eabi/4.8.2/../../../arm-none-eabi/lib/armv7-m/libg.a(lib_a-findfp.o)
 .debug_abbrev  0x0000000000002c01      0x27b /usr/lib/gcc/arm-none-eabi/4.8.2/../../../arm-none-eabi/lib/armv7-m/libg.a(lib_a-freer.o)
 .debug_abbrev  0x0000000000002e7c      0x24a /usr/lib/gcc/arm-none-eabi/4.8.2/../../../arm-none-eabi/lib/armv7-m/libg.a(lib_a-fvwrite.o)
 .debug_abbrev  0x00000000000030c6      0x1d1 /usr/lib/gcc/arm-none-eabi/4.8.2/../../../arm-none-eabi/lib/armv7-m/libg.a(lib_a-fwalk.o)
 .debug_abbrev  0x0000000000003297      0x180 /usr/lib/gcc/arm-none-eabi/4.8.2/../../../arm-none-eabi/lib/armv7-m/libg.a(lib_a-impure.o)
 .debug_abbrev  0x0000000000003417      0x2a3 /usr/lib/gcc/arm-none-eabi/4.8.2/../../../arm-none-eabi/lib/armv7-m/libg.a(lib_a-locale.o)
 .debug_abbrev  0x00000000000036ba      0x206 /usr/lib/gcc/arm-none-eabi/4.8.2/../../../arm-none-eabi/lib/armv7-m/libg.a(lib_a-makebuf.o)
 .debug_abbrev  0x00000000000038c0      0x2a2 /usr/lib/gcc/arm-none-eabi/4.8.2/../../../arm-none-eabi/lib/armv7-m/libg.a(lib_a-mallocr.o)
 .debug_abbrev  0x0000000000003b62       0xba /usr/lib/gcc/arm-none-eabi/4.8.2/../../../arm-none-eabi/lib/armv7-m/libg.a(lib_a-memchr-stub.o)
 .debug_abbrev  0x0000000000003c1c       0xab /usr/lib/gcc/arm-none-eabi/4.8.2/../../../arm-none-eabi/lib/armv7-m/libg.a(lib_a-memmove.o)
 .debug_abbrev  0x0000000000003cc7      0x19a /usr/lib/gcc/arm-none-eabi/4.8.2/../../../arm-none-eabi/lib/armv7-m/libg.a(lib_a-mlock.o)
 .debug_abbrev  0x0000000000003e61      0x39d /usr/lib/gcc/arm-none-eabi/4.8.2/../../../arm-none-eabi/lib/armv7-m/libg.a(lib_a-mprec.o)
 .debug_abbrev  0x00000000000041fe      0x26b /usr/lib/gcc/arm-none-eabi/4.8.2/../../../arm-none-eabi/lib/armv7-m/libg.a(lib_a-reallocr.o)
 .debug_abbrev  0x0000000000004469       0x6f /usr/lib/gcc/arm-none-eabi/4.8.2/../../../arm-none-eabi/lib/armv7-m/libg.a(lib_a-s_fpclassify.o)
 .debug_abbrev  0x00000000000044d8      0x1fd /usr/lib/gcc/arm-none-eabi/4.8.2/../../../arm-none-eabi/lib/armv7-m/libg.a(lib_a-sbrkr.o)
 .debug_abbrev  0x00000000000046d5      0x246 /usr/lib/gcc/arm-none-eabi/4.8.2/../../../arm-none-eabi/lib/armv7-m/libg.a(lib_a-stdio.o)
 .debug_abbrev  0x000000000000491b       0x14 /usr/lib/gcc/arm-none-eabi/4.8.2/../../../arm-none-eabi/lib/armv7-m/libg.a(lib_a-strcmp.o)
 .debug_abbrev  0x000000000000492f      0x3cb /usr/lib/gcc/arm-none-eabi/4.8.2/../../../arm-none-eabi/lib/armv7-m/libg.a(lib_a-vfiprintf.o)
 .debug_abbrev  0x0000000000004cfa      0x1f4 /usr/lib/gcc/arm-none-eabi/4.8.2/../../../arm-none-eabi/lib/armv7-m/libg.a(lib_a-writer.o)
 .debug_abbrev  0x0000000000004eee      0x213 /usr/lib/gcc/arm-none-eabi/4.8.2/../../../arm-none-eabi/lib/armv7-m/libg.a(lib_a-callocr.o)
 .debug_abbrev  0x0000000000005101      0x1ef /usr/lib/gcc/arm-none-eabi/4.8.2/../../../arm-none-eabi/lib/armv7-m/libg.a(lib_a-closer.o)
 .debug_abbrev  0x00000000000052f0      0x273 /usr/lib/gcc/arm-none-eabi/4.8.2/../../../arm-none-eabi/lib/armv7-m/libg.a(lib_a-fclose.o)
 .debug_abbrev  0x0000000000005563      0x2ac /usr/lib/gcc/arm-none-eabi/4.8.2/../../../arm-none-eabi/lib/armv7-m/libg.a(lib_a-fputwc.o)
 .debug_abbrev  0x000000000000580f      0x1fe /usr/lib/gcc/arm-none-eabi/4.8.2/../../../arm-none-eabi/lib/armv7-m/libg.a(lib_a-fstatr.o)
 .debug_abbrev  0x0000000000005a0d      0x1ef /usr/lib/gcc/arm-none-eabi/4.8.2/../../../arm-none-eabi/lib/armv7-m/libg.a(lib_a-isattyr.o)
 .debug_abbrev  0x0000000000005bfc      0x1fe /usr/lib/gcc/arm-none-eabi/4.8.2/../../../arm-none-eabi/lib/armv7-m/libg.a(lib_a-lseekr.o)
 .debug_abbrev  0x0000000000005dfa      0x1ef /usr/lib/gcc/arm-none-eabi/4.8.2/../../../arm-none-eabi/lib/armv7-m/libg.a(lib_a-readr.o)
 .debug_abbrev  0x0000000000005fe9      0x258 /usr/lib/gcc/arm-none-eabi/4.8.2/../../../arm-none-eabi/lib/armv7-m/libg.a(lib_a-reent.o)
 .debug_abbrev  0x0000000000006241      0x25b /usr/lib/gcc/arm-none-eabi/4.8.2/../../../arm-none-eabi/lib/armv7-m/libg.a(lib_a-wbuf.o)
 .debug_abbrev  0x000000000000649c      0x222 /usr/lib/gcc/arm-none-eabi/4.8.2/../../../arm-none-eabi/lib/armv7-m/libg.a(lib_a-wcrtomb.o)
 .debug_abbrev  0x00000000000066be      0x212 /usr/lib/gcc/arm-none-eabi/4.8.2/../../../arm-none-eabi/lib/armv7-m/libg.a(lib_a-wctomb_r.o)
 .debug_abbrev  0x00000000000068d0       0x14 /usr/lib/gcc/arm-none-eabi/4.8.2/armv7-m/libgcc.a(_arm_addsubdf3.o)
 .debug_abbrev  0x00000000000068e4       0x14 /usr/lib/gcc/arm-none-eabi/4.8.2/armv7-m/libgcc.a(_arm_muldivdf3.o)
 .debug_abbrev  0x00000000000068f8       0x14 /usr/lib/gcc/arm-none-eabi/4.8.2/armv7-m/libgcc.a(_arm_cmpdf2.o)
 .debug_abbrev  0x000000000000690c       0x14 /usr/lib/gcc/arm-none-eabi/4.8.2/armv7-m/libgcc.a(_arm_fixdfsi.o)
 .debug_abbrev  0x0000000000006920       0x14 /usr/lib/gcc/arm-none-eabi/4.8.2/armv7-m/libgcc.a(_aeabi_uldivmod.o)
 .debug_abbrev  0x0000000000006934       0xb7 /usr/lib/gcc/arm-none-eabi/4.8.2/armv7-m/libgcc.a(bpabi.o)
 .debug_abbrev  0x00000000000069eb       0x14 /usr/lib/gcc/arm-none-eabi/4.8.2/armv7-m/libgcc.a(_dvmd_tls.o)
 .debug_abbrev  0x00000000000069ff      0x165 /usr/lib/gcc/arm-none-eabi/4.8.2/armv7-m/libgcc.a(_divdi3.o)
 .debug_abbrev  0x0000000000006b64      0x154 /usr/lib/gcc/arm-none-eabi/4.8.2/armv7-m/libgcc.a(_udivdi3.o)

.debug_loc      0x0000000000000000    0x11963
 .debug_loc     0x0000000000000000       0x9c /tmp/ccQWBvUY.o
 .debug_loc     0x000000000000009c      0x9b4 /tmp/cclp5BIm.o
 .debug_loc     0x0000000000000a50      0x310 /tmp/cc4ZJkX3.o
 .debug_loc     0x0000000000000d60      0x658 /tmp/cc2wsesL.o
 .debug_loc     0x00000000000013b8      0x1b4 /tmp/ccf3PM9s.o
 .debug_loc     0x000000000000156c      0x118 /tmp/cckALQ2a.o